Archive member included to satisfy reference by file (symbol)

.\CortexM3\ARM_GCC_541\Debug\Design01.a(ADC_SAR_1.o)
                              .\CortexM3\ARM_GCC_541\Debug\main.o (ADC_SAR_1_Start)
.\CortexM3\ARM_GCC_541\Debug\Design01.a(ADC_SAR_1_INT.o)
                              .\CortexM3\ARM_GCC_541\Debug\Design01.a(ADC_SAR_1.o) (ADC_SAR_1_ISR)
.\CortexM3\ARM_GCC_541\Debug\Design01.a(ADC_SAR_1_theACLK.o)
                              .\CortexM3\ARM_GCC_541\Debug\Design01.a(ADC_SAR_1.o) (ADC_SAR_1_theACLK_SetModeRegister)
.\CortexM3\ARM_GCC_541\Debug\Design01.a(CyLib.o)
                              .\CortexM3\ARM_GCC_541\Debug\Cm3Start.o (CyHalt)
.\CortexM3\ARM_GCC_541\Debug\Design01.a(cyPm.o)
                              .\CortexM3\ARM_GCC_541\Debug\Design01.a(CyLib.o) (CyPmReadStatus)
.\CortexM3\ARM_GCC_541\Debug\Design01.a(Timer_1.o)
                              .\CortexM3\ARM_GCC_541\Debug\main.o (Timer_1_Stop)
.\CortexM3\ARM_GCC_541\Debug\Design01.a(USBUART_1.o)
                              .\CortexM3\ARM_GCC_541\Debug\main.o (USBUART_1_Start)
.\CortexM3\ARM_GCC_541\Debug\Design01.a(USBUART_1_cdc.o)
                              .\CortexM3\ARM_GCC_541\Debug\main.o (USBUART_1_PutData)
.\CortexM3\ARM_GCC_541\Debug\Design01.a(USBUART_1_drv.o)
                              .\CortexM3\ARM_GCC_541\Debug\Design01.a(USBUART_1.o) (USBUART_1_lastPacketSize)
.\CortexM3\ARM_GCC_541\Debug\Design01.a(USBUART_1_episr.o)
                              .\CortexM3\ARM_GCC_541\Debug\Design01.a(USBUART_1.o) (USBUART_1_EP_1_ISR)
.\CortexM3\ARM_GCC_541\Debug\Design01.a(USBUART_1_pm.o)
                              .\CortexM3\ARM_GCC_541\Debug\Design01.a(USBUART_1.o) (USBUART_1_DP_ISR)
.\CortexM3\ARM_GCC_541\Debug\Design01.a(USBUART_1_std.o)
                              .\CortexM3\ARM_GCC_541\Debug\Design01.a(USBUART_1_pm.o) (USBUART_1_ConfigReg)
.\CortexM3\ARM_GCC_541\Debug\Design01.a(USBUART_1_vnd.o)
                              .\CortexM3\ARM_GCC_541\Debug\Design01.a(USBUART_1_drv.o) (USBUART_1_HandleVendorRqst)
.\CortexM3\ARM_GCC_541\Debug\Design01.a(USBUART_1_Dp.o)
                              .\CortexM3\ARM_GCC_541\Debug\Design01.a(USBUART_1.o) (USBUART_1_Dp_ClearInterrupt)
.\CortexM3\ARM_GCC_541\Debug\Design01.a(isr_EOC.o)
                              .\CortexM3\ARM_GCC_541\Debug\main.o (isr_EOC_StartEx)
.\CortexM3\ARM_GCC_541\Debug\Design01.a(LED.o)
                              .\CortexM3\ARM_GCC_541\Debug\main.o (LED_Write)
.\CortexM3\ARM_GCC_541\Debug\Design01.a(CyBootAsmGnu.o)
                              .\CortexM3\ARM_GCC_541\Debug\cyfitter_cfg.o (CyDelayCycles)
.\CortexM3\ARM_GCC_541\Debug\Design01.a(CyFlash.o)
                              .\CortexM3\ARM_GCC_541\Debug\Design01.a(cyPm.o) (CyFlash_SetWaitCycles)
.\CortexM3\ARM_GCC_541\Debug\Design01.a(CySpc.o)
                              .\CortexM3\ARM_GCC_541\Debug\Design01.a(CyFlash.o) (CySpcStart)
.\CortexM3\ARM_GCC_541\Debug\Design01.a(USBUART_1_cls.o)
                              .\CortexM3\ARM_GCC_541\Debug\Design01.a(USBUART_1_drv.o) (USBUART_1_DispatchClassRqst)
.\CortexM3\ARM_GCC_541\Debug\Design01.a(USBUART_1_descr.o)
                              .\CortexM3\ARM_GCC_541\Debug\Design01.a(USBUART_1_std.o) (USBUART_1_idSerialNumberStringDescriptor)
c:/program files (x86)/cypress/psoc creator/4.2/psoc creator/import/gnu/arm/5.4.1/bin/../lib/gcc/arm-none-eabi/5.4.1/armv7-m\libgcc.a(_arm_addsubsf3.o)
                              .\CortexM3\ARM_GCC_541\Debug\Design01.a(ADC_SAR_1.o) (__aeabi_i2f)
c:/program files (x86)/cypress/psoc creator/4.2/psoc creator/import/gnu/arm/5.4.1/bin/../lib/gcc/arm-none-eabi/5.4.1/armv7-m\libgcc.a(_arm_muldivsf3.o)
                              .\CortexM3\ARM_GCC_541\Debug\Design01.a(ADC_SAR_1.o) (__aeabi_fmul)
c:/program files (x86)/cypress/psoc creator/4.2/psoc creator/import/gnu/arm/5.4.1/bin/../lib/gcc/arm-none-eabi/5.4.1/armv7-m\libgcc.a(_aeabi_ldivmod.o)
                              .\CortexM3\ARM_GCC_541\Debug\Design01.a(ADC_SAR_1.o) (__aeabi_ldivmod)
c:/program files (x86)/cypress/psoc creator/4.2/psoc creator/import/gnu/arm/5.4.1/bin/../lib/gcc/arm-none-eabi/5.4.1/armv7-m\libgcc.a(_udivmoddi4.o)
                              c:/program files (x86)/cypress/psoc creator/4.2/psoc creator/import/gnu/arm/5.4.1/bin/../lib/gcc/arm-none-eabi/5.4.1/armv7-m\libgcc.a(_aeabi_ldivmod.o) (__udivmoddi4)
c:/program files (x86)/cypress/psoc creator/4.2/psoc creator/import/gnu/arm/5.4.1/bin/../lib/gcc/arm-none-eabi/5.4.1/armv7-m\libgcc.a(_dvmd_tls.o)
                              c:/program files (x86)/cypress/psoc creator/4.2/psoc creator/import/gnu/arm/5.4.1/bin/../lib/gcc/arm-none-eabi/5.4.1/armv7-m\libgcc.a(_aeabi_ldivmod.o) (__aeabi_ldiv0)
c:/program files (x86)/cypress/psoc creator/4.2/psoc creator/import/gnu/arm/5.4.1/bin/../lib/gcc/arm-none-eabi/5.4.1/../../../../arm-none-eabi/lib/armv7-m\libg_nano.a(lib_a-errno.o)
                              .\CortexM3\ARM_GCC_541\Debug\Cm3Start.o (__errno)
[...]
Memory Configuration

Name             Origin             Length             Attributes
rom              0x00000000         0x00040000         xr
ram              0x1fff8000         0x00010000         xrw
*default*        0x00000000         0xffffffff

Linker script and memory map

LOAD c:/program files (x86)/cypress/psoc creator/4.2/psoc creator/import/gnu/arm/5.4.1/bin/../lib/gcc/arm-none-eabi/5.4.1/armv7-m/crti.o
LOAD c:/program files (x86)/cypress/psoc creator/4.2/psoc creator/import/gnu/arm/5.4.1/bin/../lib/gcc/arm-none-eabi/5.4.1/armv7-m/crtbegin.o
LOAD c:/program files (x86)/cypress/psoc creator/4.2/psoc creator/import/gnu/arm/5.4.1/bin/../lib/gcc/arm-none-eabi/5.4.1/../../../../arm-none-eabi/lib/armv7-m/crt0.o
START GROUP
LOAD .\CortexM3\ARM_GCC_541\Debug\main.o
LOAD .\CortexM3\ARM_GCC_541\Debug\cyfitter_cfg.o
LOAD .\CortexM3\ARM_GCC_541\Debug\cymetadata.o
LOAD .\CortexM3\ARM_GCC_541\Debug\Cm3Start.o
LOAD .\CortexM3\ARM_GCC_541\Debug\Design01.a
LOAD C:\Program Files (x86)\Cypress\PSoC Creator\4.2\PSoC Creator\psoc\content\cycomponentlibrary\CyComponentLibrary.cylib\CortexM3\ARM_GCC_541\Debug\CyComponentLibrary.a
END GROUP
START GROUP
LOAD c:/program files (x86)/cypress/psoc creator/4.2/psoc creator/import/gnu/arm/5.4.1/bin/../lib/gcc/arm-none-eabi/5.4.1/armv7-m\libgcc.a
LOAD c:/program files (x86)/cypress/psoc creator/4.2/psoc creator/import/gnu/arm/5.4.1/bin/../lib/gcc/arm-none-eabi/5.4.1/../../../../arm-none-eabi/lib/armv7-m\libg_nano.a
LOAD c:/program files (x86)/cypress/psoc creator/4.2/psoc creator/import/gnu/arm/5.4.1/bin/../lib/gcc/arm-none-eabi/5.4.1/../../../../arm-none-eabi/lib/armv7-m\libc_nano.a
END GROUP
START GROUP
LOAD c:/program files (x86)/cypress/psoc creator/4.2/psoc creator/import/gnu/arm/5.4.1/bin/../lib/gcc/arm-none-eabi/5.4.1/armv7-m\libgcc.a
LOAD c:/program files (x86)/cypress/psoc creator/4.2/psoc creator/import/gnu/arm/5.4.1/bin/../lib/gcc/arm-none-eabi/5.4.1/../../../../arm-none-eabi/lib/armv7-m\libc_nano.a
END GROUP
LOAD c:/program files (x86)/cypress/psoc creator/4.2/psoc creator/import/gnu/arm/5.4.1/bin/../lib/gcc/arm-none-eabi/5.4.1/armv7-m/crtend.o
LOAD c:/program files (x86)/cypress/psoc creator/4.2/psoc creator/import/gnu/arm/5.4.1/bin/../lib/gcc/arm-none-eabi/5.4.1/armv7-m/crtn.o
START GROUP
LOAD c:/program files (x86)/cypress/psoc creator/4.2/psoc creator/import/gnu/arm/5.4.1/bin/../lib/gcc/arm-none-eabi/5.4.1/armv7-m\libgcc.a
LOAD c:/program files (x86)/cypress/psoc creator/4.2/psoc creator/import/gnu/arm/5.4.1/bin/../lib/gcc/arm-none-eabi/5.4.1/../../../../arm-none-eabi/lib/armv7-m\libc.a
LOAD c:/program files (x86)/cypress/psoc creator/4.2/psoc creator/import/gnu/arm/5.4.1/bin/../lib/gcc/arm-none-eabi/5.4.1/../../../../arm-none-eabi/lib/armv7-m\libnosys.a
END GROUP
                0x00000000                CY_APPL_ORIGIN = 0x0
                0x00000100                CY_FLASH_ROW_SIZE = 0x100
                0x00000020                CY_ECC_ROW_SIZE = 0x20
                0x00000000                CY_EE_IN_BTLDR = 0x0
                0x00000000                CY_APPL_LOADABLE = 0x0
                0x00000800                CY_EE_SIZE = 0x800
                0x00000001                CY_APPL_NUM = 0x1
                0x00000001                CY_APPL_MAX = 0x1
                0x00000040                CY_METADATA_SIZE = 0x40
                0x00000000                CY_APPL_LOADABLE = 0x0
                0x00000000                CY_CHECKSUM_EXCLUDE_SIZE = ALIGN (0x0, CY_FLASH_ROW_SIZE)
                [!provide]                PROVIDE (__cy_heap_start, _end)
                0x00000001                PROVIDE (__cy_region_num, ((__cy_regions_end - __cy_regions) / 0x10))
                0x20008000                PROVIDE (__cy_stack, (ORIGIN (ram) + LENGTH (ram)))
                [!provide]                PROVIDE (__cy_heap_end, (__cy_stack - 0x800))

.cybootloader   0x00000000        0x0
 *(.cybootloader)
                0x00000000                appl1_start = CY_APPL_ORIGIN?CY_APPL_ORIGIN:ALIGN (CY_FLASH_ROW_SIZE)
                0x0001ff00                appl2_start = (appl1_start + ALIGN ((((LENGTH (rom) - appl1_start) - (0x2 * CY_FLASH_ROW_SIZE)) / 0x2), CY_FLASH_ROW_SIZE))
                0x00000000                appl_start = (CY_APPL_NUM == 0x1)?appl1_start:appl2_start
                0x00000000                ecc_offset = ((appl_start / CY_FLASH_ROW_SIZE) * CY_ECC_ROW_SIZE)
                0x00000000                ee_offset = (CY_APPL_LOADABLE && ! (CY_EE_IN_BTLDR))?((CY_EE_SIZE / CY_APPL_MAX) * (CY_APPL_NUM - 0x1)):0x0
                0x00000800                ee_size = (CY_APPL_LOADABLE && ! (CY_EE_IN_BTLDR))?(CY_EE_SIZE / CY_APPL_MAX):CY_EE_SIZE
                [!provide]                PROVIDE (CY_ECC_OFFSET, ecc_offset)

.text           0x00000000     0x2608
 CREATE_OBJECT_SYMBOLS
                0x00000000                PROVIDE (__cy_interrupt_vector, RomVectors)
 *(.romvectors)
 .romvectors    0x00000000       0x10 .\CortexM3\ARM_GCC_541\Debug\Cm3Start.o
                0x00000000                RomVectors
                0x00000001                ASSERT ((. != __cy_interrupt_vector), No interrupt vector)
                0x00000001                ASSERT (CY_APPL_ORIGIN?(SIZEOF (.cybootloader) <= CY_APPL_ORIGIN):0x1, Wrong image location)
                0x00000010                PROVIDE (__cy_reset, Reset)
 *(.text.Reset)
 .text.Reset    0x00000010       0x18 .\CortexM3\ARM_GCC_541\Debug\Cm3Start.o
                0x00000010                Reset
                0x00000001                ASSERT ((. != __cy_reset), No reset code)
 *(.dma_init)
                0x00000001                ASSERT ((((appl_start + .) <= 0x10000) || 0x1), DMA Init must be within the first 64k of flash)
 *(.text .text.* .gnu.linkonce.t.*)
 .text          0x00000028       0x5c c:/program files (x86)/cypress/psoc creator/4.2/psoc creator/import/gnu/arm/5.4.1/bin/../lib/gcc/arm-none-eabi/5.4.1/armv7-m/crtbegin.o
 .text.eoc      0x00000084       0x38 .\CortexM3\ARM_GCC_541\Debug\main.o
                0x00000084                eoc
 .text.usbPutString
                0x000000bc       0x28 .\CortexM3\ARM_GCC_541\Debug\main.o
                0x000000bc                usbPutString
 .text.findMaximum
                0x000000e4       0x1c .\CortexM3\ARM_GCC_541\Debug\main.o
                0x000000e4                findMaximum
 .text.main     0x00000100       0x8c .\CortexM3\ARM_GCC_541\Debug\main.o
                0x00000100                main
 .text.cfg_write_bytes32
                0x0000018c       0x34 .\CortexM3\ARM_GCC_541\Debug\cyfitter_cfg.o
 .text.CYMEMZERO
                0x000001c0        0xc .\CortexM3\ARM_GCC_541\Debug\cyfitter_cfg.o
 .text.AnalogSetDefault
                0x000001cc       0x80 .\CortexM3\ARM_GCC_541\Debug\cyfitter_cfg.o
 .text.CYCONFIGCPY
                0x0000024c        0x8 .\CortexM3\ARM_GCC_541\Debug\cyfitter_cfg.o
 .text.ClockSetup
                0x00000254       0xdc .\CortexM3\ARM_GCC_541\Debug\cyfitter_cfg.o
 .text.cyfitter_cfg
                0x00000330       0xf8 .\CortexM3\ARM_GCC_541\Debug\cyfitter_cfg.o
                0x00000330                cyfitter_cfg
 .text.IntDefaultHandler
                0x00000428       0x10 .\CortexM3\ARM_GCC_541\Debug\Cm3Start.o
                0x00000428                IntDefaultHandler
 .text._sbrk    0x00000438       0x30 .\CortexM3\ARM_GCC_541\Debug\Cm3Start.o
                0x00000438                _sbrk
 .text.Start_c  0x00000468       0x4c .\CortexM3\ARM_GCC_541\Debug\Cm3Start.o
                0x00000468                Start_c
 .text.initialize_psoc
                0x000004b4       0x68 .\CortexM3\ARM_GCC_541\Debug\Cm3Start.o
                0x000004b4                initialize_psoc
 .text.ADC_SAR_1_CalcGain
                0x0000051c       0x5c .\CortexM3\ARM_GCC_541\Debug\Design01.a(ADC_SAR_1.o)
 .text.ADC_SAR_1_Enable
                0x00000578       0x94 .\CortexM3\ARM_GCC_541\Debug\Design01.a(ADC_SAR_1.o)
                0x00000578                ADC_SAR_1_Enable
 .text.ADC_SAR_1_SetResolution
                0x0000060c       0x38 .\CortexM3\ARM_GCC_541\Debug\Design01.a(ADC_SAR_1.o)
                0x0000060c                ADC_SAR_1_SetResolution
 .text.ADC_SAR_1_Init
                0x00000644       0x3c .\CortexM3\ARM_GCC_541\Debug\Design01.a(ADC_SAR_1.o)
                0x00000644                ADC_SAR_1_Init
 .text.ADC_SAR_1_Start
                0x00000680       0x1c .\CortexM3\ARM_GCC_541\Debug\Design01.a(ADC_SAR_1.o)
                0x00000680                ADC_SAR_1_Start
 .text.ADC_SAR_1_GetResult16
                0x0000069c       0x18 .\CortexM3\ARM_GCC_541\Debug\Design01.a(ADC_SAR_1.o)
                0x0000069c                ADC_SAR_1_GetResult16
 .text.ADC_SAR_1_CountsTo_mVolts
                0x000006b4       0x58 .\CortexM3\ARM_GCC_541\Debug\Design01.a(ADC_SAR_1.o)
                0x000006b4                ADC_SAR_1_CountsTo_mVolts
 .text.ADC_SAR_1_ISR
                0x0000070c        0x4 .\CortexM3\ARM_GCC_541\Debug\Design01.a(ADC_SAR_1_INT.o)
                0x0000070c                ADC_SAR_1_ISR
 .text.ADC_SAR_1_theACLK_SetModeRegister
                0x00000710       0x14 .\CortexM3\ARM_GCC_541\Debug\Design01.a(ADC_SAR_1_theACLK.o)
                0x00000710                ADC_SAR_1_theACLK_SetModeRegister
 .text.CyHalt   0x00000724        0x4 .\CortexM3\ARM_GCC_541\Debug\Design01.a(CyLib.o)
                0x00000724                CyHalt
 .text.CyDelay  0x00000728       0x2c .\CortexM3\ARM_GCC_541\Debug\Design01.a(CyLib.o)
                0x00000728                CyDelay
 .text.CyDelayUs
                0x00000754       0x14 .\CortexM3\ARM_GCC_541\Debug\Design01.a(CyLib.o)
                0x00000754                CyDelayUs
 .text.CyIntSetVector
                0x00000768       0x28 .\CortexM3\ARM_GCC_541\Debug\Design01.a(CyLib.o)
                0x00000768                CyIntSetVector
 .text.CyIntSetPriority
                0x00000790       0x30 .\CortexM3\ARM_GCC_541\Debug\Design01.a(CyLib.o)
                0x00000790                CyIntSetPriority
 .text.CyGetUniqueId
                0x000007c0       0x70 .\CortexM3\ARM_GCC_541\Debug\Design01.a(CyLib.o)
                0x000007c0                CyGetUniqueId
 .text.Timer_1_Enable
                0x00000830       0x28 .\CortexM3\ARM_GCC_541\Debug\Design01.a(Timer_1.o)
                0x00000830                Timer_1_Enable
 .text.Timer_1_Stop
                0x00000858       0x28 .\CortexM3\ARM_GCC_541\Debug\Design01.a(Timer_1.o)
                0x00000858                Timer_1_Stop
 .text.Timer_1_SetInterruptMode
                0x00000880        0xc .\CortexM3\ARM_GCC_541\Debug\Design01.a(Timer_1.o)
                0x00000880                Timer_1_SetInterruptMode
 .text.Timer_1_WritePeriod
                0x0000088c        0xc .\CortexM3\ARM_GCC_541\Debug\Design01.a(Timer_1.o)
                0x0000088c                Timer_1_WritePeriod
 .text.Timer_1_WriteCounter
                0x00000898        0xc .\CortexM3\ARM_GCC_541\Debug\Design01.a(Timer_1.o)
                0x00000898                Timer_1_WriteCounter
 .text.Timer_1_Init
                0x000008a4       0x64 .\CortexM3\ARM_GCC_541\Debug\Design01.a(Timer_1.o)
                0x000008a4                Timer_1_Init
 .text.Timer_1_Start
                0x00000908       0x1c .\CortexM3\ARM_GCC_541\Debug\Design01.a(Timer_1.o)
                0x00000908                Timer_1_Start
 .text.USBUART_1_Init
                0x00000924      0x140 .\CortexM3\ARM_GCC_541\Debug\Design01.a(USBUART_1.o)
                0x00000924                USBUART_1_Init
 .text.USBUART_1_InitComponent
                0x00000a64       0xb8 .\CortexM3\ARM_GCC_541\Debug\Design01.a(USBUART_1.o)
                0x00000a64                USBUART_1_InitComponent
 .text.USBUART_1_Start
                0x00000b1c       0x24 .\CortexM3\ARM_GCC_541\Debug\Design01.a(USBUART_1.o)
                0x00000b1c                USBUART_1_Start
 .text.USBUART_1_ReInitComponent
                0x00000b40       0x4c .\CortexM3\ARM_GCC_541\Debug\Design01.a(USBUART_1.o)
                0x00000b40                USBUART_1_ReInitComponent
 .text.USBUART_1_GetConfiguration
                0x00000b8c        0xc .\CortexM3\ARM_GCC_541\Debug\Design01.a(USBUART_1.o)
                0x00000b8c                USBUART_1_GetConfiguration
 .text.USBUART_1_GetEPState
                0x00000b98       0x14 .\CortexM3\ARM_GCC_541\Debug\Design01.a(USBUART_1.o)
                0x00000b98                USBUART_1_GetEPState
 .text.USBUART_1_LoadInEP
                0x00000bac       0x94 .\CortexM3\ARM_GCC_541\Debug\Design01.a(USBUART_1.o)
                0x00000bac                USBUART_1_LoadInEP
 .text.USBUART_1_GetInterfaceComPort
                0x00000c40       0x38 .\CortexM3\ARM_GCC_541\Debug\Design01.a(USBUART_1_cdc.o)
                0x00000c40                USBUART_1_GetInterfaceComPort
 .text.USBUART_1_DispatchCDCClassRqst
                0x00000c78       0x98 .\CortexM3\ARM_GCC_541\Debug\Design01.a(USBUART_1_cdc.o)
                0x00000c78                USBUART_1_DispatchCDCClassRqst
 .text.USBUART_1_PutData
                0x00000d10       0x50 .\CortexM3\ARM_GCC_541\Debug\Design01.a(USBUART_1_cdc.o)
                0x00000d10                USBUART_1_PutData
 .text.USBUART_1_CDCIsReady
                0x00000d60       0x18 .\CortexM3\ARM_GCC_541\Debug\Design01.a(USBUART_1_cdc.o)
                0x00000d60                USBUART_1_CDCIsReady
 .text.USBUART_1_Cdc_EpInit
                0x00000d78       0x50 .\CortexM3\ARM_GCC_541\Debug\Design01.a(USBUART_1_cdc.o)
                0x00000d78                USBUART_1_Cdc_EpInit
 .text.USBUART_1_LoadEP0
                0x00000dc8       0x98 .\CortexM3\ARM_GCC_541\Debug\Design01.a(USBUART_1_drv.o)
                0x00000dc8                USBUART_1_LoadEP0
 .text.USBUART_1_InitZeroLengthControlTransfer
                0x00000e60       0x34 .\CortexM3\ARM_GCC_541\Debug\Design01.a(USBUART_1_drv.o)
                0x00000e60                USBUART_1_InitZeroLengthControlTransfer
 .text.USBUART_1_ControlReadDataStage
                0x00000e94        0x8 .\CortexM3\ARM_GCC_541\Debug\Design01.a(USBUART_1_drv.o)
                0x00000e94                USBUART_1_ControlReadDataStage
 .text.USBUART_1_ControlWriteDataStage
                0x00000e9c       0x84 .\CortexM3\ARM_GCC_541\Debug\Design01.a(USBUART_1_drv.o)
                0x00000e9c                USBUART_1_ControlWriteDataStage
 .text.USBUART_1_InitNoDataControlTransfer
                0x00000f20       0x2c .\CortexM3\ARM_GCC_541\Debug\Design01.a(USBUART_1_drv.o)
                0x00000f20                USBUART_1_InitNoDataControlTransfer
 .text.USBUART_1_UpdateStatusBlock
                0x00000f4c       0x24 .\CortexM3\ARM_GCC_541\Debug\Design01.a(USBUART_1_drv.o)
                0x00000f4c                USBUART_1_UpdateStatusBlock
 .text.USBUART_1_HandleSetup
                0x00000f70       0x5c .\CortexM3\ARM_GCC_541\Debug\Design01.a(USBUART_1_drv.o)
                0x00000f70                USBUART_1_HandleSetup
 .text.USBUART_1_ControlReadStatusStage
                0x00000fcc       0x38 .\CortexM3\ARM_GCC_541\Debug\Design01.a(USBUART_1_drv.o)
                0x00000fcc                USBUART_1_ControlReadStatusStage
 .text.USBUART_1_HandleOUT
                0x00001004       0x38 .\CortexM3\ARM_GCC_541\Debug\Design01.a(USBUART_1_drv.o)
                0x00001004                USBUART_1_HandleOUT
 .text.USBUART_1_ControlWriteStatusStage
                0x0000103c       0x20 .\CortexM3\ARM_GCC_541\Debug\Design01.a(USBUART_1_drv.o)
                0x0000103c                USBUART_1_ControlWriteStatusStage
 .text.USBUART_1_NoDataControlStatusStage
                0x0000105c       0x40 .\CortexM3\ARM_GCC_541\Debug\Design01.a(USBUART_1_drv.o)
                0x0000105c                USBUART_1_NoDataControlStatusStage
 .text.USBUART_1_HandleIN
                0x0000109c       0x2c .\CortexM3\ARM_GCC_541\Debug\Design01.a(USBUART_1_drv.o)
                0x0000109c                USBUART_1_HandleIN
 .text.USBUART_1_EP_0_ISR
                0x000010c8       0xb8 .\CortexM3\ARM_GCC_541\Debug\Design01.a(USBUART_1_drv.o)
                0x000010c8                USBUART_1_EP_0_ISR
 .text.USBUART_1_InitializeStatusBlock
                0x00001180       0x24 .\CortexM3\ARM_GCC_541\Debug\Design01.a(USBUART_1_drv.o)
                0x00001180                USBUART_1_InitializeStatusBlock
 .text.USBUART_1_InitControlRead
                0x000011a4       0x50 .\CortexM3\ARM_GCC_541\Debug\Design01.a(USBUART_1_drv.o)
                0x000011a4                USBUART_1_InitControlRead
 .text.USBUART_1_InitControlWrite
                0x000011f4       0x48 .\CortexM3\ARM_GCC_541\Debug\Design01.a(USBUART_1_drv.o)
                0x000011f4                USBUART_1_InitControlWrite
 .text.USBUART_1_EP_1_ISR
                0x0000123c       0x30 .\CortexM3\ARM_GCC_541\Debug\Design01.a(USBUART_1_episr.o)
                0x0000123c                USBUART_1_EP_1_ISR
 .text.USBUART_1_EP_2_ISR
                0x0000126c       0x34 .\CortexM3\ARM_GCC_541\Debug\Design01.a(USBUART_1_episr.o)
                0x0000126c                USBUART_1_EP_2_ISR
 .text.USBUART_1_EP_3_ISR
                0x000012a0       0x3c .\CortexM3\ARM_GCC_541\Debug\Design01.a(USBUART_1_episr.o)
                0x000012a0                USBUART_1_EP_3_ISR
 .text.USBUART_1_SOF_ISR
                0x000012dc        0x4 .\CortexM3\ARM_GCC_541\Debug\Design01.a(USBUART_1_episr.o)
                0x000012dc                USBUART_1_SOF_ISR
 .text.USBUART_1_BUS_RESET_ISR
                0x000012e0        0x8 .\CortexM3\ARM_GCC_541\Debug\Design01.a(USBUART_1_episr.o)
                0x000012e0                USBUART_1_BUS_RESET_ISR
 .text.USBUART_1_DP_ISR
                0x000012e8        0x8 .\CortexM3\ARM_GCC_541\Debug\Design01.a(USBUART_1_pm.o)
                0x000012e8                USBUART_1_DP_ISR
 .text.USBUART_1_ReadDieID
                0x000012f0       0x6c .\CortexM3\ARM_GCC_541\Debug\Design01.a(USBUART_1_std.o)
                0x000012f0                USBUART_1_ReadDieID
 .text.USBUART_1_ConfigReg
                0x0000135c       0xa4 .\CortexM3\ARM_GCC_541\Debug\Design01.a(USBUART_1_std.o)
                0x0000135c                USBUART_1_ConfigReg
 .text.USBUART_1_GetConfigTablePtr
                0x00001400       0x28 .\CortexM3\ARM_GCC_541\Debug\Design01.a(USBUART_1_std.o)
                0x00001400                USBUART_1_GetConfigTablePtr
 .text.USBUART_1_ConfigAltChanged
                0x00001428      0x11c .\CortexM3\ARM_GCC_541\Debug\Design01.a(USBUART_1_std.o)
                0x00001428                USBUART_1_ConfigAltChanged
 .text.USBUART_1_GetDeviceTablePtr
                0x00001544       0x18 .\CortexM3\ARM_GCC_541\Debug\Design01.a(USBUART_1_std.o)
                0x00001544                USBUART_1_GetDeviceTablePtr
 .text.USBUART_1_GetInterfaceClassTablePtr
                0x0000155c       0x28 .\CortexM3\ARM_GCC_541\Debug\Design01.a(USBUART_1_std.o)
                0x0000155c                USBUART_1_GetInterfaceClassTablePtr
 .text.USBUART_1_Config
                0x00001584      0x1ec .\CortexM3\ARM_GCC_541\Debug\Design01.a(USBUART_1_std.o)
                0x00001584                USBUART_1_Config
 .text.USBUART_1_SetEndpointHalt
                0x00001770       0x64 .\CortexM3\ARM_GCC_541\Debug\Design01.a(USBUART_1_std.o)
                0x00001770                USBUART_1_SetEndpointHalt
 .text.USBUART_1_ClearEndpointHalt
                0x000017d4       0xac .\CortexM3\ARM_GCC_541\Debug\Design01.a(USBUART_1_std.o)
                0x000017d4                USBUART_1_ClearEndpointHalt
 .text.USBUART_1_ValidateAlternateSetting
                0x00001880       0x4c .\CortexM3\ARM_GCC_541\Debug\Design01.a(USBUART_1_std.o)
                0x00001880                USBUART_1_ValidateAlternateSetting
 .text.USBUART_1_HandleStandardRqst
                0x000018cc      0x354 .\CortexM3\ARM_GCC_541\Debug\Design01.a(USBUART_1_std.o)
                0x000018cc                USBUART_1_HandleStandardRqst
 .text.USBUART_1_HandleVendorRqst
                0x00001c20       0x18 .\CortexM3\ARM_GCC_541\Debug\Design01.a(USBUART_1_vnd.o)
                0x00001c20                USBUART_1_HandleVendorRqst
 .text.USBUART_1_Dp_ClearInterrupt
                0x00001c38       0x10 .\CortexM3\ARM_GCC_541\Debug\Design01.a(USBUART_1_Dp.o)
                0x00001c38                USBUART_1_Dp_ClearInterrupt
 .text.isr_EOC_SetVector
                0x00001c48        0xc .\CortexM3\ARM_GCC_541\Debug\Design01.a(isr_EOC.o)
                0x00001c48                isr_EOC_SetVector
 .text.isr_EOC_SetPriority
                0x00001c54       0x10 .\CortexM3\ARM_GCC_541\Debug\Design01.a(isr_EOC.o)
                0x00001c54                isr_EOC_SetPriority
 .text.isr_EOC_Enable
                0x00001c64        0xc .\CortexM3\ARM_GCC_541\Debug\Design01.a(isr_EOC.o)
                0x00001c64                isr_EOC_Enable
 .text.isr_EOC_Disable
                0x00001c70        0xc .\CortexM3\ARM_GCC_541\Debug\Design01.a(isr_EOC.o)
                0x00001c70                isr_EOC_Disable
 .text.isr_EOC_StartEx
                0x00001c7c       0x1c .\CortexM3\ARM_GCC_541\Debug\Design01.a(isr_EOC.o)
                0x00001c7c                isr_EOC_StartEx
 .text.LED_Write
                0x00001c98       0x18 .\CortexM3\ARM_GCC_541\Debug\Design01.a(LED.o)
                0x00001c98                LED_Write
 .text          0x00001cb0       0x20 .\CortexM3\ARM_GCC_541\Debug\Design01.a(CyBootAsmGnu.o)
                0x00001cb0                CyDelayCycles
                0x00001cc0                CyEnterCriticalSection
                0x00001cc8                CyExitCriticalSection
 .text.USBUART_1_DispatchClassRqst
                0x00001cd0       0x60 .\CortexM3\ARM_GCC_541\Debug\Design01.a(USBUART_1_cls.o)
                0x00001cd0                USBUART_1_DispatchClassRqst
 .text.__errno  0x00001d30        0xc c:/program files (x86)/cypress/psoc creator/4.2/psoc creator/import/gnu/arm/5.4.1/bin/../lib/gcc/arm-none-eabi/5.4.1/../../../../arm-none-eabi/lib/armv7-m\libg_nano.a(lib_a-errno.o)
                0x00001d30                __errno
 .text.__libc_init_array
                0x00001d3c       0x4c c:/program files (x86)/cypress/psoc creator/4.2/psoc creator/import/gnu/arm/5.4.1/bin/../lib/gcc/arm-none-eabi/5.4.1/../../../../arm-none-eabi/lib/armv7-m\libg_nano.a(lib_a-init.o)
                0x00001d3c                __libc_init_array
 .text.memcpy   0x00001d88       0x16 c:/program files (x86)/cypress/psoc creator/4.2/psoc creator/import/gnu/arm/5.4.1/bin/../lib/gcc/arm-none-eabi/5.4.1/../../../../arm-none-eabi/lib/armv7-m\libg_nano.a(lib_a-memcpy-stub.o)
                0x00001d88                memcpy
 .text.memset   0x00001d9e       0x10 c:/program files (x86)/cypress/psoc creator/4.2/psoc creator/import/gnu/arm/5.4.1/bin/../lib/gcc/arm-none-eabi/5.4.1/../../../../arm-none-eabi/lib/armv7-m\libg_nano.a(lib_a-memset.o)
                0x00001d9e                memset
 *fill*         0x00001dae        0x2 
 .text.sprintf  0x00001db0       0x48 c:/program files (x86)/cypress/psoc creator/4.2/psoc creator/import/gnu/arm/5.4.1/bin/../lib/gcc/arm-none-eabi/5.4.1/../../../../arm-none-eabi/lib/armv7-m\libg_nano.a(lib_a-sprintf.o)
                0x00001db0                siprintf
                0x00001db0                sprintf
 .text          0x00001df8       0x10 c:/program files (x86)/cypress/psoc creator/4.2/psoc creator/import/gnu/arm/5.4.1/bin/../lib/gcc/arm-none-eabi/5.4.1/../../../../arm-none-eabi/lib/armv7-m\libg_nano.a(lib_a-strlen.o)
                0x00001df8                strlen
 .text.__ssputs_r
                0x00001e08       0xb2 c:/program files (x86)/cypress/psoc creator/4.2/psoc creator/import/gnu/arm/5.4.1/bin/../lib/gcc/arm-none-eabi/5.4.1/../../../../arm-none-eabi/lib/armv7-m\libg_nano.a(lib_a-nano-svfprintf.o)
                0x00001e08                __ssputs_r
 *fill*         0x00001eba        0x2 
 .text._svfprintf_r
                0x00001ebc      0x1e8 c:/program files (x86)/cypress/psoc creator/4.2/psoc creator/import/gnu/arm/5.4.1/bin/../lib/gcc/arm-none-eabi/5.4.1/../../../../arm-none-eabi/lib/armv7-m\libg_nano.a(lib_a-nano-svfprintf.o)
                0x00001ebc                _svfiprintf_r
                0x00001ebc                _svfprintf_r
 .text._printf_common
                0x000020a4       0xec c:/program files (x86)/cypress/psoc creator/4.2/psoc creator/import/gnu/arm/5.4.1/bin/../lib/gcc/arm-none-eabi/5.4.1/../../../../arm-none-eabi/lib/armv7-m\libg_nano.a(lib_a-nano-vfprintf_i.o)
                0x000020a4                _printf_common
 .text._printf_i
                0x00002190      0x24c c:/program files (x86)/cypress/psoc creator/4.2/psoc creator/import/gnu/arm/5.4.1/bin/../lib/gcc/arm-none-eabi/5.4.1/../../../../arm-none-eabi/lib/armv7-m\libg_nano.a(lib_a-nano-vfprintf_i.o)
                0x00002190                _printf_i
 .text.memchr   0x000023dc       0x1c c:/program files (x86)/cypress/psoc creator/4.2/psoc creator/import/gnu/arm/5.4.1/bin/../lib/gcc/arm-none-eabi/5.4.1/../../../../arm-none-eabi/lib/armv7-m\libg_nano.a(lib_a-memchr-stub.o)
                0x000023dc                memchr
 .text.memmove  0x000023f8       0x36 c:/program files (x86)/cypress/psoc creator/4.2/psoc creator/import/gnu/arm/5.4.1/bin/../lib/gcc/arm-none-eabi/5.4.1/../../../../arm-none-eabi/lib/armv7-m\libg_nano.a(lib_a-memmove.o)
                0x000023f8                memmove
 *fill*         0x0000242e        0x2 
 .text._free_r  0x00002430       0x98 c:/program files (x86)/cypress/psoc creator/4.2/psoc creator/import/gnu/arm/5.4.1/bin/../lib/gcc/arm-none-eabi/5.4.1/../../../../arm-none-eabi/lib/armv7-m\libg_nano.a(lib_a-nano-freer.o)
                0x00002430                _free_r
 .text._malloc_r
                0x000024c8       0xbc c:/program files (x86)/cypress/psoc creator/4.2/psoc creator/import/gnu/arm/5.4.1/bin/../lib/gcc/arm-none-eabi/5.4.1/../../../../arm-none-eabi/lib/armv7-m\libg_nano.a(lib_a-nano-mallocr.o)
                0x000024c8                _malloc_r
 .text._realloc_r
                0x00002584       0x4c c:/program files (x86)/cypress/psoc creator/4.2/psoc creator/import/gnu/arm/5.4.1/bin/../lib/gcc/arm-none-eabi/5.4.1/../../../../arm-none-eabi/lib/armv7-m\libg_nano.a(lib_a-nano-reallocr.o)
                0x00002584                _realloc_r
 .text._sbrk_r  0x000025d0       0x20 c:/program files (x86)/cypress/psoc creator/4.2/psoc creator/import/gnu/arm/5.4.1/bin/../lib/gcc/arm-none-eabi/5.4.1/../../../../arm-none-eabi/lib/armv7-m\libg_nano.a(lib_a-sbrkr.o)
                0x000025d0                _sbrk_r
 .text.__malloc_lock
                0x000025f0        0x2 c:/program files (x86)/cypress/psoc creator/4.2/psoc creator/import/gnu/arm/5.4.1/bin/../lib/gcc/arm-none-eabi/5.4.1/../../../../arm-none-eabi/lib/armv7-m\libg_nano.a(lib_a-mlock.o)
                0x000025f0                __malloc_lock
 .text.__malloc_unlock
                0x000025f2        0x2 c:/program files (x86)/cypress/psoc creator/4.2/psoc creator/import/gnu/arm/5.4.1/bin/../lib/gcc/arm-none-eabi/5.4.1/../../../../arm-none-eabi/lib/armv7-m\libg_nano.a(lib_a-mlock.o)
                0x000025f2                __malloc_unlock
 .text._malloc_usable_size_r
                0x000025f4       0x14 c:/program files (x86)/cypress/psoc creator/4.2/psoc creator/import/gnu/arm/5.4.1/bin/../lib/gcc/arm-none-eabi/5.4.1/../../../../arm-none-eabi/lib/armv7-m\libg_nano.a(lib_a-nano-msizer.o)
                0x000025f4                _malloc_usable_size_r
 *(.plt)
 *(.gnu.warning)
 *(.glue_7t)
 .glue_7t       0x00002608        0x0 linker stubs
 *(.glue_7)
 .glue_7        0x00002608        0x0 linker stubs
 *(.vfp11_veneer)
 .vfp11_veneer  0x00002608        0x0 linker stubs
 *(.bootloader)
 *(.ARM.extab* .gnu.linkonce.armextab.*)
 *(.gcc_except_table)

.v4_bx          0x00002608        0x0
 .v4_bx         0x00002608        0x0 linker stubs

.iplt           0x00002608        0x0
 .iplt          0x00002608        0x0 c:/program files (x86)/cypress/psoc creator/4.2/psoc creator/import/gnu/arm/5.4.1/bin/../lib/gcc/arm-none-eabi/5.4.1/armv7-m/crtbegin.o

.eh_frame_hdr
 *(.eh_frame_hdr)

.eh_frame       0x00002608        0x4
 *(.eh_frame)
 .eh_frame      0x00002608        0x0 c:/program files (x86)/cypress/psoc creator/4.2/psoc creator/import/gnu/arm/5.4.1/bin/../lib/gcc/arm-none-eabi/5.4.1/armv7-m/crtbegin.o
 .eh_frame      0x00002608        0x4 c:/program files (x86)/cypress/psoc creator/4.2/psoc creator/import/gnu/arm/5.4.1/bin/../lib/gcc/arm-none-eabi/5.4.1/armv7-m/crtend.o
                [!provide]                PROVIDE (__exidx_start, .)

.ARM.exidx
 *(.ARM.exidx* .gnu.linkonce.armexidx.*)
                0x0000260c                __exidx_end = .

.rodata         0x0000260c      0x214
 *(.rodata .rodata.* .gnu.linkonce.r.*)
 .rodata.str1.4
                0x0000260c        0x5 .\CortexM3\ARM_GCC_541\Debug\main.o
 *fill*         0x00002611        0x3 
 .rodata        0x00002614       0x30 .\CortexM3\ARM_GCC_541\Debug\cyfitter_cfg.o
 .rodata.str1.4
                0x00002644       0x14 .\CortexM3\ARM_GCC_541\Debug\Design01.a(USBUART_1_std.o)
                                 0x11 (size before relaxing)
 .rodata        0x00002658      0x15e .\CortexM3\ARM_GCC_541\Debug\Design01.a(USBUART_1_descr.o)
                0x00002658                USBUART_1_TABLE
                0x00002660                USBUART_1_DEVICE0_TABLE
                0x00002678                USBUART_1_DEVICE0_CONFIGURATION0_TABLE
                0x000026a0                USBUART_1_DEVICE0_CONFIGURATION0_INTERFACE_CLASS
                0x000026a4                USBUART_1_DEVICE0_CONFIGURATION0_EP_SETTINGS_TABLE
                0x000026bc                USBUART_1_SN_STRING_DESCRIPTOR
                0x000026c0                USBUART_1_STRING_DESCRIPTORS
                0x00002760                USBUART_1_DEVICE0_CONFIGURATION0_DESCR
                0x000027a4                USBUART_1_DEVICE0_DESCR
 .rodata.str1.1
                0x000027b6        0x2 c:/program files (x86)/cypress/psoc creator/4.2/psoc creator/import/gnu/arm/5.4.1/bin/../lib/gcc/arm-none-eabi/5.4.1/../../../../arm-none-eabi/lib/armv7-m\libg_nano.a(lib_a-impure.o)
 .rodata.str1.1
                0x000027b8       0x11 c:/program files (x86)/cypress/psoc creator/4.2/psoc creator/import/gnu/arm/5.4.1/bin/../lib/gcc/arm-none-eabi/5.4.1/../../../../arm-none-eabi/lib/armv7-m\libg_nano.a(lib_a-nano-svfprintf.o)
 .rodata.str1.1
                0x000027c9       0x22 c:/program files (x86)/cypress/psoc creator/4.2/psoc creator/import/gnu/arm/5.4.1/bin/../lib/gcc/arm-none-eabi/5.4.1/../../../../arm-none-eabi/lib/armv7-m\libg_nano.a(lib_a-nano-vfprintf_i.o)
                0x000027ec                . = ALIGN (0x4)
 *fill*         0x000027eb        0x1 
 *(.init)
 .init          0x000027ec        0x4 c:/program files (x86)/cypress/psoc creator/4.2/psoc creator/import/gnu/arm/5.4.1/bin/../lib/gcc/arm-none-eabi/5.4.1/armv7-m/crti.o
                0x000027ec                _init
 .init          0x000027f0        0x8 c:/program files (x86)/cypress/psoc creator/4.2/psoc creator/import/gnu/arm/5.4.1/bin/../lib/gcc/arm-none-eabi/5.4.1/armv7-m/crtn.o
                0x000027f8                . = ALIGN (0x4)
                0x000027f8                __preinit_array_start = .
 *(.preinit_array)
                0x000027f8                __preinit_array_end = .
                0x000027f8                . = ALIGN (0x4)
                0x000027f8                __init_array_start = .
 *(SORT(.init_array.*))
 *(.init_array)
 .init_array    0x000027f8        0x4 c:/program files (x86)/cypress/psoc creator/4.2/psoc creator/import/gnu/arm/5.4.1/bin/../lib/gcc/arm-none-eabi/5.4.1/armv7-m/crtbegin.o
 .init_array    0x000027fc        0x4 .\CortexM3\ARM_GCC_541\Debug\Cm3Start.o
                0x00002800                __init_array_end = .
                0x00002800                . = ALIGN (0x4)
 *(.fini)
 .fini          0x00002800        0x4 c:/program files (x86)/cypress/psoc creator/4.2/psoc creator/import/gnu/arm/5.4.1/bin/../lib/gcc/arm-none-eabi/5.4.1/armv7-m/crti.o
                0x00002800                _fini
 .fini          0x00002804        0x8 c:/program files (x86)/cypress/psoc creator/4.2/psoc creator/import/gnu/arm/5.4.1/bin/../lib/gcc/arm-none-eabi/5.4.1/armv7-m/crtn.o
                0x0000280c                . = ALIGN (0x4)
                0x0000280c                __fini_array_start = .
 *(.fini_array)
 .fini_array    0x0000280c        0x4 c:/program files (x86)/cypress/psoc creator/4.2/psoc creator/import/gnu/arm/5.4.1/bin/../lib/gcc/arm-none-eabi/5.4.1/armv7-m/crtbegin.o
 *(SORT(.fini_array.*))
                0x00002810                __fini_array_end = .
                0x00002810                . = ALIGN (0x4)
 *crtbegin.o(.ctors)
 *(EXCLUDE_FILE(*crtend.o) .ctors)
 *(SORT(.ctors.*))
 *crtend.o(.ctors)
                0x00002810                . = ALIGN (0x4)
 *crtbegin.o(.dtors)
 *(EXCLUDE_FILE(*crtend.o) .dtors)
 *(SORT(.dtors.*))
 *crtend.o(.dtors)
                0x00002810                . = ALIGN (0x4)
                0x00002810                __cy_regions = .
                0x00002810        0x4 LONG 0x2820 __cy_region_init_ram
                0x00002814        0x4 LONG 0x1fff80c8 __cy_region_start_data
                0x00002818        0x4 LONG 0x98 __cy_region_init_size_ram
                0x0000281c        0x4 LONG 0x10b8 __cy_region_zero_size_ram
                0x00002820                __cy_regions_end = .
                0x00002820                . = ALIGN (0x8)
                0x00002820                _etext = .

.cy_checksum_exclude
                0x00002820        0x0
 *(.cy_checksum_exclude)

.ramvectors     0x1fff8000       0xc0
                0x1fff8000                __cy_region_start_ram = .
 *(.ramvectors)
 .ramvectors    0x1fff8000       0xc0 .\CortexM3\ARM_GCC_541\Debug\Cm3Start.o
                0x1fff8000                CyRamVectors

.noinit         0x1fff80c0        0x1
 *(.noinit)
 .noinit        0x1fff80c0        0x1 .\CortexM3\ARM_GCC_541\Debug\Design01.a(CyLib.o)
                0x1fff80c0                CyResetStatus

.data           0x1fff80c8       0x98 load address 0x00002820
                0x1fff80c8                __cy_region_start_data = .
 *(.jcr)
 .jcr           0x1fff80c8        0x0 c:/program files (x86)/cypress/psoc creator/4.2/psoc creator/import/gnu/arm/5.4.1/bin/../lib/gcc/arm-none-eabi/5.4.1/armv7-m/crtbegin.o
 .jcr           0x1fff80c8        0x4 c:/program files (x86)/cypress/psoc creator/4.2/psoc creator/import/gnu/arm/5.4.1/bin/../lib/gcc/arm-none-eabi/5.4.1/armv7-m/crtend.o
 *(.got.plt)
 *(.got)
 *(.shdata)
 *(.data .data.* .gnu.linkonce.d.*)
 .data          0x1fff80cc        0x4 .\CortexM3\ARM_GCC_541\Debug\Cm3Start.o
 .data          0x1fff80d0       0x10 .\CortexM3\ARM_GCC_541\Debug\Design01.a(CyLib.o)
                0x1fff80d0                cydelay_32k_ms
                0x1fff80d4                cydelay_freq_khz
                0x1fff80d8                cydelay_freq_mhz
                0x1fff80dc                cydelay_freq_hz
 .data          0x1fff80e0       0x1a .\CortexM3\ARM_GCC_541\Debug\Design01.a(USBUART_1_cdc.o)
                0x1fff80e0                USBUART_1_linesCoding
 *fill*         0x1fff80fa        0x2 
 .data.impure_data
                0x1fff80fc       0x60 c:/program files (x86)/cypress/psoc creator/4.2/psoc creator/import/gnu/arm/5.4.1/bin/../lib/gcc/arm-none-eabi/5.4.1/../../../../arm-none-eabi/lib/armv7-m\libg_nano.a(lib_a-impure.o)
 .data._impure_ptr
                0x1fff815c        0x4 c:/program files (x86)/cypress/psoc creator/4.2/psoc creator/import/gnu/arm/5.4.1/bin/../lib/gcc/arm-none-eabi/5.4.1/../../../../arm-none-eabi/lib/armv7-m\libg_nano.a(lib_a-impure.o)
                0x1fff815c                _impure_ptr
                0x1fff8160                . = ALIGN (0x8)
 *(.ram)
                0x1fff8160                _edata = .

.igot.plt       0x1fff8160        0x0 load address 0x000028b8
 .igot.plt      0x1fff8160        0x0 c:/program files (x86)/cypress/psoc creator/4.2/psoc creator/import/gnu/arm/5.4.1/bin/../lib/gcc/arm-none-eabi/5.4.1/armv7-m/crtbegin.o

.bss            0x1fff8160     0x10b8 load address 0x000028b8
                0x1fff8160                PROVIDE (__bss_start__, .)
 *(.shbss)
 *(.bss .bss.* .gnu.linkonce.b.*)
 .bss           0x1fff8160       0x1c c:/program files (x86)/cypress/psoc creator/4.2/psoc creator/import/gnu/arm/5.4.1/bin/../lib/gcc/arm-none-eabi/5.4.1/armv7-m/crtbegin.o
 .bss           0x1fff817c      0xfa8 .\CortexM3\ARM_GCC_541\Debug\main.o
                0x1fff817c                count
                0x1fff8180                array
                0x1fff9120                flag
 .bss           0x1fff9124        0x1 .\CortexM3\ARM_GCC_541\Debug\Design01.a(ADC_SAR_1.o)
                0x1fff9124                ADC_SAR_1_initVar
 .bss           0x1fff9125        0x1 .\CortexM3\ARM_GCC_541\Debug\Design01.a(Timer_1.o)
                0x1fff9125                Timer_1_initVar
 .bss           0x1fff9126        0x1 .\CortexM3\ARM_GCC_541\Debug\Design01.a(USBUART_1.o)
                0x1fff9126                USBUART_1_initVar
 .bss           0x1fff9127        0x1 .\CortexM3\ARM_GCC_541\Debug\Design01.a(USBUART_1_cdc.o)
 .bss           0x1fff9128        0x2 .\CortexM3\ARM_GCC_541\Debug\Design01.a(USBUART_1_std.o)
 *fill*         0x1fff912a        0x2 
 .bss.__malloc_sbrk_start
                0x1fff912c        0x4 c:/program files (x86)/cypress/psoc creator/4.2/psoc creator/import/gnu/arm/5.4.1/bin/../lib/gcc/arm-none-eabi/5.4.1/../../../../arm-none-eabi/lib/armv7-m\libg_nano.a(lib_a-nano-mallocr.o)
                0x1fff912c                __malloc_sbrk_start
 .bss.__malloc_free_list
                0x1fff9130        0x4 c:/program files (x86)/cypress/psoc creator/4.2/psoc creator/import/gnu/arm/5.4.1/bin/../lib/gcc/arm-none-eabi/5.4.1/../../../../arm-none-eabi/lib/armv7-m\libg_nano.a(lib_a-nano-mallocr.o)
                0x1fff9130                __malloc_free_list
 *(COMMON)
 COMMON         0x1fff9134        0xa .\CortexM3\ARM_GCC_541\Debug\Design01.a(ADC_SAR_1.o)
                0x1fff9134                ADC_SAR_1_countsPerVolt
                0x1fff9136                ADC_SAR_1_shift
                0x1fff9138                ADC_SAR_1_countsPer10Volt
                0x1fff913c                ADC_SAR_1_offset
 *fill*         0x1fff913e        0x2 
 COMMON         0x1fff9140       0x18 .\CortexM3\ARM_GCC_541\Debug\Design01.a(USBUART_1_cdc.o)
                0x1fff9140                USBUART_1_cdcDataInEp
                0x1fff9144                USBUART_1_cdcDataOutEp
                0x1fff9148                USBUART_1_cdcCommInInterruptEp
                0x1fff914c                USBUART_1_serialStateBitmap
                0x1fff9150                USBUART_1_linesChanged
                0x1fff9154                USBUART_1_linesControlBitmap
 COMMON         0x1fff9158       0x97 .\CortexM3\ARM_GCC_541\Debug\Design01.a(USBUART_1_drv.o)
                0x1fff9158                USBUART_1_interfaceSettingLast
                0x1fff915a                USBUART_1_ep0Mode
                0x1fff915b                USBUART_1_lastPacketSize
                0x1fff915c                USBUART_1_configurationChanged
                0x1fff915d                USBUART_1_configuration
                0x1fff915e                USBUART_1_interfaceNumber
                0x1fff915f                USBUART_1_deviceStatus
                0x1fff9160                USBUART_1_ep0Toggle
                0x1fff9164                USBUART_1_interfaceClass
                0x1fff9168                USBUART_1_interfaceSetting
                0x1fff916c                USBUART_1_currentTD
                0x1fff9178                USBUART_1_ep0Count
                0x1fff917c                USBUART_1_EP
                0x1fff91e8                USBUART_1_transferByteCount
                0x1fff91ea                USBUART_1_transferState
                0x1fff91eb                USBUART_1_device
                0x1fff91ec                USBUART_1_interfaceStatus
                0x1fff91ee                USBUART_1_deviceAddress
 *fill*         0x1fff91ef        0x1 
 COMMON         0x1fff91f0       0x22 .\CortexM3\ARM_GCC_541\Debug\Design01.a(USBUART_1_descr.o)
                0x1fff91f0                USBUART_1_idSerialNumberStringDescriptor
 *fill*         0x1fff9212        0x2 
 COMMON         0x1fff9214        0x4 c:/program files (x86)/cypress/psoc creator/4.2/psoc creator/import/gnu/arm/5.4.1/bin/../lib/gcc/arm-none-eabi/5.4.1/../../../../arm-none-eabi/lib/armv7-m\libg_nano.a(lib_a-reent.o)
                0x1fff9214                errno
                0x1fff9218                . = ALIGN (0x8)
 *(.ram.b)
                0x1fff9218                _end = .
                0x1fff9218                __end = .
                0x1fff9218                PROVIDE (end, .)
                0x1fff9218                PROVIDE (__bss_end__, .)
                0x00002820                __cy_region_init_ram = LOADADDR (.data)
                0x00000098                __cy_region_init_size_ram = (_edata - ADDR (.data))
                0x000010b8                __cy_region_zero_size_ram = (_end - _edata)

.heap           0x1fff9218       0x80 load address 0x000028b8
                0x1fff9218                . = _end
                0x1fff9298                . = (. + 0x80)
 *fill*         0x1fff9218       0x80 
                0x1fff9298                __cy_heap_limit = .

.stack          0x20007800      0x800
                0x20007800                __cy_stack_limit = .
                0x20008000                . = (. + 0x800)
 *fill*         0x20007800      0x800 
                0x00000001                ASSERT ((__cy_stack_limit >= __cy_heap_limit), region RAM overflowed with stack)
                0x00000000                cy_checksum_exclude_size = (CY_APPL_LOADABLE == 0x1)?SIZEOF (.cy_checksum_exclude):0x0
                0x00000001                ASSERT ((cy_checksum_exclude_size <= CY_CHECKSUM_EXCLUDE_SIZE), CY_BOOT: Section .cy_checksum_exclude size exceedes specified limit.)

.cyloadermeta
 *(.cyloadermeta)

.cyloadablemeta
 *(.cyloadablemeta)

.cyconfigecc    0x80000000      0x12c
 *(.cyconfigecc)
 .cyconfigecc   0x80000000      0x12c .\CortexM3\ARM_GCC_541\Debug\cymetadata.o
                0x80000000                cy_meta_configecc

.cycustnvl      0x90000000        0x4
 *(.cycustnvl)
 .cycustnvl     0x90000000        0x4 .\CortexM3\ARM_GCC_541\Debug\cymetadata.o
                0x90000000                cy_meta_custnvl

.cywolatch      0x90100000        0x4
 *(.cywolatch)
 .cywolatch     0x90100000        0x4 .\CortexM3\ARM_GCC_541\Debug\cymetadata.o
                0x90100000                cy_meta_wonvl

.cyeeprom       0x90200000        0x0
 *(.cyeeprom)
                0x00000001                ASSERT ((. <= ((0x90200000 + ee_offset) + ee_size)), .cyeeprom data will not fit in EEPROM)

.cyflashprotect
                0x90400000      0x100
 *(.cyflashprotect)
 .cyflashprotect
                0x90400000      0x100 .\CortexM3\ARM_GCC_541\Debug\cymetadata.o
                0x90400000                cy_meta_flashprotect

.cymeta         0x90500000        0xc
 *(.cymeta)
 .cymeta        0x90500000        0xc .\CortexM3\ARM_GCC_541\Debug\cymetadata.o
                0x90500000                cy_metadata

.rel.dyn        0x000028b8        0x0 load address 0x9050000c
 .rel.iplt      0x000028b8        0x0 c:/program files (x86)/cypress/psoc creator/4.2/psoc creator/import/gnu/arm/5.4.1/bin/../lib/gcc/arm-none-eabi/5.4.1/armv7-m/crtbegin.o

.stab
 *(.stab)

.stabstr
 *(.stabstr)

.debug
 *(.debug)

.line
 *(.line)

.debug_srcinfo
 *(.debug_srcinfo)

.debug_sfnames
 *(.debug_sfnames)

.debug_aranges  0x00000000      0xbb8
 *(.debug_aranges)
 .debug_aranges
                0x00000000       0x38 .\CortexM3\ARM_GCC_541\Debug\main.o
 .debug_aranges
                0x00000038       0x50 .\CortexM3\ARM_GCC_541\Debug\cyfitter_cfg.o
 .debug_aranges
                0x00000088       0x18 .\CortexM3\ARM_GCC_541\Debug\cymetadata.o
 .debug_aranges
                0x000000a0       0x48 .\CortexM3\ARM_GCC_541\Debug\Cm3Start.o
 .debug_aranges
                0x000000e8       0xa8 .\CortexM3\ARM_GCC_541\Debug\Design01.a(ADC_SAR_1.o)
 .debug_aranges
                0x00000190       0x20 .\CortexM3\ARM_GCC_541\Debug\Design01.a(ADC_SAR_1_INT.o)
 .debug_aranges
                0x000001b0       0x80 .\CortexM3\ARM_GCC_541\Debug\Design01.a(ADC_SAR_1_theACLK.o)
 .debug_aranges
                0x00000230      0x2a0 .\CortexM3\ARM_GCC_541\Debug\Design01.a(CyLib.o)
 .debug_aranges
                0x000004d0       0x98 .\CortexM3\ARM_GCC_541\Debug\Design01.a(cyPm.o)
 .debug_aranges
                0x00000568       0x88 .\CortexM3\ARM_GCC_541\Debug\Design01.a(Timer_1.o)
 .debug_aranges
                0x000005f0       0xc8 .\CortexM3\ARM_GCC_541\Debug\Design01.a(USBUART_1.o)
 .debug_aranges
                0x000006b8       0xe8 .\CortexM3\ARM_GCC_541\Debug\Design01.a(USBUART_1_cdc.o)
 .debug_aranges
                0x000007a0       0x98 .\CortexM3\ARM_GCC_541\Debug\Design01.a(USBUART_1_drv.o)
 .debug_aranges
                0x00000838       0x40 .\CortexM3\ARM_GCC_541\Debug\Design01.a(USBUART_1_episr.o)
 .debug_aranges
                0x00000878       0x40 .\CortexM3\ARM_GCC_541\Debug\Design01.a(USBUART_1_pm.o)
 .debug_aranges
                0x000008b8       0x80 .\CortexM3\ARM_GCC_541\Debug\Design01.a(USBUART_1_std.o)
 .debug_aranges
                0x00000938       0x20 .\CortexM3\ARM_GCC_541\Debug\Design01.a(USBUART_1_vnd.o)
 .debug_aranges
                0x00000958       0x48 .\CortexM3\ARM_GCC_541\Debug\Design01.a(USBUART_1_Dp.o)
 .debug_aranges
                0x000009a0       0x80 .\CortexM3\ARM_GCC_541\Debug\Design01.a(isr_EOC.o)
 .debug_aranges
                0x00000a20       0x38 .\CortexM3\ARM_GCC_541\Debug\Design01.a(LED.o)
 .debug_aranges
                0x00000a58       0x20 .\CortexM3\ARM_GCC_541\Debug\Design01.a(CyBootAsmGnu.o)
 .debug_aranges
                0x00000a78       0x88 .\CortexM3\ARM_GCC_541\Debug\Design01.a(CyFlash.o)
 .debug_aranges
                0x00000b00       0x80 .\CortexM3\ARM_GCC_541\Debug\Design01.a(CySpc.o)
 .debug_aranges
                0x00000b80       0x20 .\CortexM3\ARM_GCC_541\Debug\Design01.a(USBUART_1_cls.o)
 .debug_aranges
                0x00000ba0       0x18 .\CortexM3\ARM_GCC_541\Debug\Design01.a(USBUART_1_descr.o)

.debug_pubnames
 *(.debug_pubnames)

.debug_info     0x00000000     0x79b4
 *(.debug_info .gnu.linkonce.wi.*)
 .debug_info    0x00000000      0x3fc .\CortexM3\ARM_GCC_541\Debug\main.o
 .debug_info    0x000003fc      0x517 .\CortexM3\ARM_GCC_541\Debug\cyfitter_cfg.o
 .debug_info    0x00000913      0x135 .\CortexM3\ARM_GCC_541\Debug\cymetadata.o
 .debug_info    0x00000a48      0x3bb .\CortexM3\ARM_GCC_541\Debug\Cm3Start.o
 .debug_info    0x00000e03      0x5c0 .\CortexM3\ARM_GCC_541\Debug\Design01.a(ADC_SAR_1.o)
 .debug_info    0x000013c3       0x92 .\CortexM3\ARM_GCC_541\Debug\Design01.a(ADC_SAR_1_INT.o)
 .debug_info    0x00001455      0x2c4 .\CortexM3\ARM_GCC_541\Debug\Design01.a(ADC_SAR_1_theACLK.o)
 .debug_info    0x00001719     0x1374 .\CortexM3\ARM_GCC_541\Debug\Design01.a(CyLib.o)
 .debug_info    0x00002a8d      0xa2a .\CortexM3\ARM_GCC_541\Debug\Design01.a(cyPm.o)
 .debug_info    0x000034b7      0x291 .\CortexM3\ARM_GCC_541\Debug\Design01.a(Timer_1.o)
 .debug_info    0x00003748      0x993 .\CortexM3\ARM_GCC_541\Debug\Design01.a(USBUART_1.o)
 .debug_info    0x000040db      0xaf7 .\CortexM3\ARM_GCC_541\Debug\Design01.a(USBUART_1_cdc.o)
 .debug_info    0x00004bd2      0x655 .\CortexM3\ARM_GCC_541\Debug\Design01.a(USBUART_1_drv.o)
 .debug_info    0x00005227      0x254 .\CortexM3\ARM_GCC_541\Debug\Design01.a(USBUART_1_episr.o)
 .debug_info    0x0000547b      0x2e4 .\CortexM3\ARM_GCC_541\Debug\Design01.a(USBUART_1_pm.o)
 .debug_info    0x0000575f      0xb26 .\CortexM3\ARM_GCC_541\Debug\Design01.a(USBUART_1_std.o)
 .debug_info    0x00006285       0xed .\CortexM3\ARM_GCC_541\Debug\Design01.a(USBUART_1_vnd.o)
 .debug_info    0x00006372      0x174 .\CortexM3\ARM_GCC_541\Debug\Design01.a(USBUART_1_Dp.o)
 .debug_info    0x000064e6      0x2d2 .\CortexM3\ARM_GCC_541\Debug\Design01.a(isr_EOC.o)
 .debug_info    0x000067b8      0x11f .\CortexM3\ARM_GCC_541\Debug\Design01.a(LED.o)
 .debug_info    0x000068d7       0xbf .\CortexM3\ARM_GCC_541\Debug\Design01.a(CyBootAsmGnu.o)
 .debug_info    0x00006996      0x64d .\CortexM3\ARM_GCC_541\Debug\Design01.a(CyFlash.o)
 .debug_info    0x00006fe3      0x550 .\CortexM3\ARM_GCC_541\Debug\Design01.a(CySpc.o)
 .debug_info    0x00007533      0x1de .\CortexM3\ARM_GCC_541\Debug\Design01.a(USBUART_1_cls.o)
 .debug_info    0x00007711      0x2a3 .\CortexM3\ARM_GCC_541\Debug\Design01.a(USBUART_1_descr.o)

.debug_abbrev   0x00000000     0x2036
 *(.debug_abbrev)
 .debug_abbrev  0x00000000      0x1bb .\CortexM3\ARM_GCC_541\Debug\main.o
 .debug_abbrev  0x000001bb      0x1e3 .\CortexM3\ARM_GCC_541\Debug\cyfitter_cfg.o
 .debug_abbrev  0x0000039e       0x66 .\CortexM3\ARM_GCC_541\Debug\cymetadata.o
 .debug_abbrev  0x00000404      0x1e8 .\CortexM3\ARM_GCC_541\Debug\Cm3Start.o
 .debug_abbrev  0x000005ec      0x1ac .\CortexM3\ARM_GCC_541\Debug\Design01.a(ADC_SAR_1.o)
 .debug_abbrev  0x00000798       0x42 .\CortexM3\ARM_GCC_541\Debug\Design01.a(ADC_SAR_1_INT.o)
 .debug_abbrev  0x000007da      0x121 .\CortexM3\ARM_GCC_541\Debug\Design01.a(ADC_SAR_1_theACLK.o)
 .debug_abbrev  0x000008fb      0x254 .\CortexM3\ARM_GCC_541\Debug\Design01.a(CyLib.o)
 .debug_abbrev  0x00000b4f      0x1ab .\CortexM3\ARM_GCC_541\Debug\Design01.a(cyPm.o)
 .debug_abbrev  0x00000cfa      0x11a .\CortexM3\ARM_GCC_541\Debug\Design01.a(Timer_1.o)
 .debug_abbrev  0x00000e14      0x215 .\CortexM3\ARM_GCC_541\Debug\Design01.a(USBUART_1.o)
 .debug_abbrev  0x00001029      0x245 .\CortexM3\ARM_GCC_541\Debug\Design01.a(USBUART_1_cdc.o)
 .debug_abbrev  0x0000126e      0x189 .\CortexM3\ARM_GCC_541\Debug\Design01.a(USBUART_1_drv.o)
 .debug_abbrev  0x000013f7      0x11b .\CortexM3\ARM_GCC_541\Debug\Design01.a(USBUART_1_episr.o)
 .debug_abbrev  0x00001512      0x108 .\CortexM3\ARM_GCC_541\Debug\Design01.a(USBUART_1_pm.o)
 .debug_abbrev  0x0000161a      0x20a .\CortexM3\ARM_GCC_541\Debug\Design01.a(USBUART_1_std.o)
 .debug_abbrev  0x00001824       0x9b .\CortexM3\ARM_GCC_541\Debug\Design01.a(USBUART_1_vnd.o)
 .debug_abbrev  0x000018bf       0x90 .\CortexM3\ARM_GCC_541\Debug\Design01.a(USBUART_1_Dp.o)
 .debug_abbrev  0x0000194f      0x173 .\CortexM3\ARM_GCC_541\Debug\Design01.a(isr_EOC.o)
 .debug_abbrev  0x00001ac2       0x90 .\CortexM3\ARM_GCC_541\Debug\Design01.a(LED.o)
 .debug_abbrev  0x00001b52       0x14 .\CortexM3\ARM_GCC_541\Debug\Design01.a(CyBootAsmGnu.o)
 .debug_abbrev  0x00001b66      0x1a7 .\CortexM3\ARM_GCC_541\Debug\Design01.a(CyFlash.o)
 .debug_abbrev  0x00001d0d      0x194 .\CortexM3\ARM_GCC_541\Debug\Design01.a(CySpc.o)
 .debug_abbrev  0x00001ea1       0xe1 .\CortexM3\ARM_GCC_541\Debug\Design01.a(USBUART_1_cls.o)
 .debug_abbrev  0x00001f82       0xb4 .\CortexM3\ARM_GCC_541\Debug\Design01.a(USBUART_1_descr.o)

.debug_line     0x00000000     0x2fa9
 *(.debug_line)
 .debug_line    0x00000000      0x2ad .\CortexM3\ARM_GCC_541\Debug\main.o
 .debug_line    0x000002ad      0x1d5 .\CortexM3\ARM_GCC_541\Debug\cyfitter_cfg.o
 .debug_line    0x00000482      0x141 .\CortexM3\ARM_GCC_541\Debug\cymetadata.o
 .debug_line    0x000005c3      0x234 .\CortexM3\ARM_GCC_541\Debug\Cm3Start.o
 .debug_line    0x000007f7      0x222 .\CortexM3\ARM_GCC_541\Debug\Design01.a(ADC_SAR_1.o)
 .debug_line    0x00000a19       0x56 .\CortexM3\ARM_GCC_541\Debug\Design01.a(ADC_SAR_1_INT.o)
 .debug_line    0x00000a6f      0x1a3 .\CortexM3\ARM_GCC_541\Debug\Design01.a(ADC_SAR_1_theACLK.o)
 .debug_line    0x00000c12      0x816 .\CortexM3\ARM_GCC_541\Debug\Design01.a(CyLib.o)
 .debug_line    0x00001428      0x367 .\CortexM3\ARM_GCC_541\Debug\Design01.a(cyPm.o)
 .debug_line    0x0000178f      0x155 .\CortexM3\ARM_GCC_541\Debug\Design01.a(Timer_1.o)
 .debug_line    0x000018e4      0x2e4 .\CortexM3\ARM_GCC_541\Debug\Design01.a(USBUART_1.o)
 .debug_line    0x00001bc8      0x2f8 .\CortexM3\ARM_GCC_541\Debug\Design01.a(USBUART_1_cdc.o)
 .debug_line    0x00001ec0      0x227 .\CortexM3\ARM_GCC_541\Debug\Design01.a(USBUART_1_drv.o)
 .debug_line    0x000020e7       0xec .\CortexM3\ARM_GCC_541\Debug\Design01.a(USBUART_1_episr.o)
 .debug_line    0x000021d3      0x116 .\CortexM3\ARM_GCC_541\Debug\Design01.a(USBUART_1_pm.o)
 .debug_line    0x000022e9      0x3e8 .\CortexM3\ARM_GCC_541\Debug\Design01.a(USBUART_1_std.o)
 .debug_line    0x000026d1       0x77 .\CortexM3\ARM_GCC_541\Debug\Design01.a(USBUART_1_vnd.o)
 .debug_line    0x00002748       0xbd .\CortexM3\ARM_GCC_541\Debug\Design01.a(USBUART_1_Dp.o)
 .debug_line    0x00002805      0x134 .\CortexM3\ARM_GCC_541\Debug\Design01.a(isr_EOC.o)
 .debug_line    0x00002939       0x90 .\CortexM3\ARM_GCC_541\Debug\Design01.a(LED.o)
 .debug_line    0x000029c9       0x66 .\CortexM3\ARM_GCC_541\Debug\Design01.a(CyBootAsmGnu.o)
 .debug_line    0x00002a2f      0x21a .\CortexM3\ARM_GCC_541\Debug\Design01.a(CyFlash.o)
 .debug_line    0x00002c49      0x260 .\CortexM3\ARM_GCC_541\Debug\Design01.a(CySpc.o)
 .debug_line    0x00002ea9       0x9b .\CortexM3\ARM_GCC_541\Debug\Design01.a(USBUART_1_cls.o)
 .debug_line    0x00002f44       0x65 .\CortexM3\ARM_GCC_541\Debug\Design01.a(USBUART_1_descr.o)

.debug_frame    0x00000000     0x211c
 *(.debug_frame)
 .debug_frame   0x00000000       0x78 .\CortexM3\ARM_GCC_541\Debug\main.o
 .debug_frame   0x00000078       0xec .\CortexM3\ARM_GCC_541\Debug\cyfitter_cfg.o
 .debug_frame   0x00000164       0xb8 .\CortexM3\ARM_GCC_541\Debug\Cm3Start.o
 .debug_frame   0x0000021c      0x1b0 .\CortexM3\ARM_GCC_541\Debug\Design01.a(ADC_SAR_1.o)
 .debug_frame   0x000003cc       0x20 .\CortexM3\ARM_GCC_541\Debug\Design01.a(ADC_SAR_1_INT.o)
 .debug_frame   0x000003ec      0x100 .\CortexM3\ARM_GCC_541\Debug\Design01.a(ADC_SAR_1_theACLK.o)
 .debug_frame   0x000004ec      0x738 .\CortexM3\ARM_GCC_541\Debug\Design01.a(CyLib.o)
 .debug_frame   0x00000c24      0x1f8 .\CortexM3\ARM_GCC_541\Debug\Design01.a(cyPm.o)
 .debug_frame   0x00000e1c      0x108 .\CortexM3\ARM_GCC_541\Debug\Design01.a(Timer_1.o)
 .debug_frame   0x00000f24      0x1dc .\CortexM3\ARM_GCC_541\Debug\Design01.a(USBUART_1.o)
 .debug_frame   0x00001100      0x27c .\CortexM3\ARM_GCC_541\Debug\Design01.a(USBUART_1_cdc.o)
 .debug_frame   0x0000137c      0x194 .\CortexM3\ARM_GCC_541\Debug\Design01.a(USBUART_1_drv.o)
 .debug_frame   0x00001510       0x6c .\CortexM3\ARM_GCC_541\Debug\Design01.a(USBUART_1_episr.o)
 .debug_frame   0x0000157c       0xa0 .\CortexM3\ARM_GCC_541\Debug\Design01.a(USBUART_1_pm.o)
 .debug_frame   0x0000161c      0x17c .\CortexM3\ARM_GCC_541\Debug\Design01.a(USBUART_1_std.o)
 .debug_frame   0x00001798       0x20 .\CortexM3\ARM_GCC_541\Debug\Design01.a(USBUART_1_vnd.o)
 .debug_frame   0x000017b8       0x70 .\CortexM3\ARM_GCC_541\Debug\Design01.a(USBUART_1_Dp.o)
 .debug_frame   0x00001828      0x104 .\CortexM3\ARM_GCC_541\Debug\Design01.a(isr_EOC.o)
 .debug_frame   0x0000192c       0x50 .\CortexM3\ARM_GCC_541\Debug\Design01.a(LED.o)
 .debug_frame   0x0000197c      0x194 .\CortexM3\ARM_GCC_541\Debug\Design01.a(CyFlash.o)
 .debug_frame   0x00001b10      0x180 .\CortexM3\ARM_GCC_541\Debug\Design01.a(CySpc.o)
 .debug_frame   0x00001c90       0x2c .\CortexM3\ARM_GCC_541\Debug\Design01.a(USBUART_1_cls.o)
 .debug_frame   0x00001cbc       0x44 c:/program files (x86)/cypress/psoc creator/4.2/psoc creator/import/gnu/arm/5.4.1/bin/../lib/gcc/arm-none-eabi/5.4.1/armv7-m\libgcc.a(_aeabi_ldivmod.o)
 .debug_frame   0x00001d00       0x38 c:/program files (x86)/cypress/psoc creator/4.2/psoc creator/import/gnu/arm/5.4.1/bin/../lib/gcc/arm-none-eabi/5.4.1/armv7-m\libgcc.a(_udivmoddi4.o)
 .debug_frame   0x00001d38       0x20 c:/program files (x86)/cypress/psoc creator/4.2/psoc creator/import/gnu/arm/5.4.1/bin/../lib/gcc/arm-none-eabi/5.4.1/../../../../arm-none-eabi/lib/armv7-m\libg_nano.a(lib_a-errno.o)
 .debug_frame   0x00001d58       0x28 c:/program files (x86)/cypress/psoc creator/4.2/psoc creator/import/gnu/arm/5.4.1/bin/../lib/gcc/arm-none-eabi/5.4.1/../../../../arm-none-eabi/lib/armv7-m\libg_nano.a(lib_a-exit.o)
 .debug_frame   0x00001d80       0x2c c:/program files (x86)/cypress/psoc creator/4.2/psoc creator/import/gnu/arm/5.4.1/bin/../lib/gcc/arm-none-eabi/5.4.1/../../../../arm-none-eabi/lib/armv7-m\libg_nano.a(lib_a-init.o)
 .debug_frame   0x00001dac       0x28 c:/program files (x86)/cypress/psoc creator/4.2/psoc creator/import/gnu/arm/5.4.1/bin/../lib/gcc/arm-none-eabi/5.4.1/../../../../arm-none-eabi/lib/armv7-m\libg_nano.a(lib_a-memcpy-stub.o)
 .debug_frame   0x00001dd4       0x20 c:/program files (x86)/cypress/psoc creator/4.2/psoc creator/import/gnu/arm/5.4.1/bin/../lib/gcc/arm-none-eabi/5.4.1/../../../../arm-none-eabi/lib/armv7-m\libg_nano.a(lib_a-memset.o)
 .debug_frame   0x00001df4       0x70 c:/program files (x86)/cypress/psoc creator/4.2/psoc creator/import/gnu/arm/5.4.1/bin/../lib/gcc/arm-none-eabi/5.4.1/../../../../arm-none-eabi/lib/armv7-m\libg_nano.a(lib_a-sprintf.o)
 .debug_frame   0x00001e64       0x90 c:/program files (x86)/cypress/psoc creator/4.2/psoc creator/import/gnu/arm/5.4.1/bin/../lib/gcc/arm-none-eabi/5.4.1/../../../../arm-none-eabi/lib/armv7-m\libg_nano.a(lib_a-nano-svfprintf.o)
 .debug_frame   0x00001ef4       0x60 c:/program files (x86)/cypress/psoc creator/4.2/psoc creator/import/gnu/arm/5.4.1/bin/../lib/gcc/arm-none-eabi/5.4.1/../../../../arm-none-eabi/lib/armv7-m\libg_nano.a(lib_a-nano-vfprintf_i.o)
 .debug_frame   0x00001f54       0x28 c:/program files (x86)/cypress/psoc creator/4.2/psoc creator/import/gnu/arm/5.4.1/bin/../lib/gcc/arm-none-eabi/5.4.1/../../../../arm-none-eabi/lib/armv7-m\libg_nano.a(lib_a-memchr-stub.o)
 .debug_frame   0x00001f7c       0x28 c:/program files (x86)/cypress/psoc creator/4.2/psoc creator/import/gnu/arm/5.4.1/bin/../lib/gcc/arm-none-eabi/5.4.1/../../../../arm-none-eabi/lib/armv7-m\libg_nano.a(lib_a-memmove.o)
 .debug_frame   0x00001fa4       0x38 c:/program files (x86)/cypress/psoc creator/4.2/psoc creator/import/gnu/arm/5.4.1/bin/../lib/gcc/arm-none-eabi/5.4.1/../../../../arm-none-eabi/lib/armv7-m\libg_nano.a(lib_a-nano-freer.o)
 .debug_frame   0x00001fdc       0x2c c:/program files (x86)/cypress/psoc creator/4.2/psoc creator/import/gnu/arm/5.4.1/bin/../lib/gcc/arm-none-eabi/5.4.1/../../../../arm-none-eabi/lib/armv7-m\libg_nano.a(lib_a-nano-mallocr.o)
 .debug_frame   0x00002008       0x3c c:/program files (x86)/cypress/psoc creator/4.2/psoc creator/import/gnu/arm/5.4.1/bin/../lib/gcc/arm-none-eabi/5.4.1/../../../../arm-none-eabi/lib/armv7-m\libg_nano.a(lib_a-nano-reallocr.o)
 .debug_frame   0x00002044       0x2c c:/program files (x86)/cypress/psoc creator/4.2/psoc creator/import/gnu/arm/5.4.1/bin/../lib/gcc/arm-none-eabi/5.4.1/../../../../arm-none-eabi/lib/armv7-m\libg_nano.a(lib_a-sbrkr.o)
 .debug_frame   0x00002070       0x30 c:/program files (x86)/cypress/psoc creator/4.2/psoc creator/import/gnu/arm/5.4.1/bin/../lib/gcc/arm-none-eabi/5.4.1/../../../../arm-none-eabi/lib/armv7-m\libg_nano.a(lib_a-mlock.o)
 .debug_frame   0x000020a0       0x20 c:/program files (x86)/cypress/psoc creator/4.2/psoc creator/import/gnu/arm/5.4.1/bin/../lib/gcc/arm-none-eabi/5.4.1/../../../../arm-none-eabi/lib/armv7-m\libg_nano.a(lib_a-nano-msizer.o)
 .debug_frame   0x000020c0       0x5c c:/program files (x86)/cypress/psoc creator/4.2/psoc creator/import/gnu/arm/5.4.1/bin/../lib/gcc/arm-none-eabi/5.4.1/../../../../arm-none-eabi/lib/armv7-m\libg_nano.a(lib_a-reent.o)

.debug_str      0x00000000     0x2d6b
 *(.debug_str)
 .debug_str     0x00000000      0x2b0 .\CortexM3\ARM_GCC_541\Debug\main.o
                                0x305 (size before relaxing)
 .debug_str     0x000002b0      0x159 .\CortexM3\ARM_GCC_541\Debug\cyfitter_cfg.o
                                0x32a (size before relaxing)
 .debug_str     0x00000409       0x7f .\CortexM3\ARM_GCC_541\Debug\cymetadata.o
                                0x213 (size before relaxing)
 .debug_str     0x00000488      0x144 .\CortexM3\ARM_GCC_541\Debug\Cm3Start.o
                                0x339 (size before relaxing)
 .debug_str     0x000005cc      0x28f .\CortexM3\ARM_GCC_541\Debug\Design01.a(ADC_SAR_1.o)
                                0x4ec (size before relaxing)
 .debug_str     0x0000085b       0x35 .\CortexM3\ARM_GCC_541\Debug\Design01.a(ADC_SAR_1_INT.o)
                                0x1ca (size before relaxing)
 .debug_str     0x00000890      0x20d .\CortexM3\ARM_GCC_541\Debug\Design01.a(ADC_SAR_1_theACLK.o)
                                0x3e4 (size before relaxing)
 .debug_str     0x00000a9d      0x7ef .\CortexM3\ARM_GCC_541\Debug\Design01.a(CyLib.o)
                                0xa76 (size before relaxing)
 .debug_str     0x0000128c      0x365 .\CortexM3\ARM_GCC_541\Debug\Design01.a(cyPm.o)
                                0x762 (size before relaxing)
 .debug_str     0x000015f1      0x167 .\CortexM3\ARM_GCC_541\Debug\Design01.a(Timer_1.o)
                                0x344 (size before relaxing)
 .debug_str     0x00001758      0x456 .\CortexM3\ARM_GCC_541\Debug\Design01.a(USBUART_1.o)
                                0x6e9 (size before relaxing)
 .debug_str     0x00001bae      0x55f .\CortexM3\ARM_GCC_541\Debug\Design01.a(USBUART_1_cdc.o)
                                0x86a (size before relaxing)
 .debug_str     0x0000210d      0x2c1 .\CortexM3\ARM_GCC_541\Debug\Design01.a(USBUART_1_drv.o)
                                0x6cb (size before relaxing)
 .debug_str     0x000023ce       0x8c .\CortexM3\ARM_GCC_541\Debug\Design01.a(USBUART_1_episr.o)
                                0x324 (size before relaxing)
 .debug_str     0x0000245a       0xe6 .\CortexM3\ARM_GCC_541\Debug\Design01.a(USBUART_1_pm.o)
                                0x337 (size before relaxing)
 .debug_str     0x00002540      0x27b .\CortexM3\ARM_GCC_541\Debug\Design01.a(USBUART_1_std.o)
                                0x840 (size before relaxing)
 .debug_str     0x000027bb       0x27 .\CortexM3\ARM_GCC_541\Debug\Design01.a(USBUART_1_vnd.o)
                                0x222 (size before relaxing)
 .debug_str     0x000027e2       0xb0 .\CortexM3\ARM_GCC_541\Debug\Design01.a(USBUART_1_Dp.o)
                                0x27e (size before relaxing)
 .debug_str     0x00002892       0xf2 .\CortexM3\ARM_GCC_541\Debug\Design01.a(isr_EOC.o)
                                0x2f1 (size before relaxing)
 .debug_str     0x00002984       0x47 .\CortexM3\ARM_GCC_541\Debug\Design01.a(LED.o)
                                0x207 (size before relaxing)
 .debug_str     0x000029cb      0x1bb .\CortexM3\ARM_GCC_541\Debug\Design01.a(CyFlash.o)
                                0x3ef (size before relaxing)
 .debug_str     0x00002b86       0xac .\CortexM3\ARM_GCC_541\Debug\Design01.a(CySpc.o)
                                0x367 (size before relaxing)
 .debug_str     0x00002c32       0x27 .\CortexM3\ARM_GCC_541\Debug\Design01.a(USBUART_1_cls.o)
                                0x2e9 (size before relaxing)
 .debug_str     0x00002c59      0x112 .\CortexM3\ARM_GCC_541\Debug\Design01.a(USBUART_1_descr.o)
                                0x3a2 (size before relaxing)

.debug_loc      0x00000000     0x343c
 *(.debug_loc)
 .debug_loc     0x00000000       0xd3 .\CortexM3\ARM_GCC_541\Debug\main.o
 .debug_loc     0x000000d3      0x1fd .\CortexM3\ARM_GCC_541\Debug\cyfitter_cfg.o
 .debug_loc     0x000002d0      0x144 .\CortexM3\ARM_GCC_541\Debug\Cm3Start.o
 .debug_loc     0x00000414      0x295 .\CortexM3\ARM_GCC_541\Debug\Design01.a(ADC_SAR_1.o)
 .debug_loc     0x000006a9      0x14d .\CortexM3\ARM_GCC_541\Debug\Design01.a(ADC_SAR_1_theACLK.o)
 .debug_loc     0x000007f6      0xa11 .\CortexM3\ARM_GCC_541\Debug\Design01.a(CyLib.o)
 .debug_loc     0x00001207      0x1e4 .\CortexM3\ARM_GCC_541\Debug\Design01.a(cyPm.o)
 .debug_loc     0x000013eb      0x3e1 .\CortexM3\ARM_GCC_541\Debug\Design01.a(USBUART_1.o)
 .debug_loc     0x000017cc      0x557 .\CortexM3\ARM_GCC_541\Debug\Design01.a(USBUART_1_cdc.o)
 .debug_loc     0x00001d23      0x171 .\CortexM3\ARM_GCC_541\Debug\Design01.a(USBUART_1_drv.o)
 .debug_loc     0x00001e94       0x26 .\CortexM3\ARM_GCC_541\Debug\Design01.a(USBUART_1_pm.o)
 .debug_loc     0x00001eba      0x945 .\CortexM3\ARM_GCC_541\Debug\Design01.a(USBUART_1_std.o)
 .debug_loc     0x000027ff       0x84 .\CortexM3\ARM_GCC_541\Debug\Design01.a(USBUART_1_Dp.o)
 .debug_loc     0x00002883       0x56 .\CortexM3\ARM_GCC_541\Debug\Design01.a(isr_EOC.o)
 .debug_loc     0x000028d9       0x42 .\CortexM3\ARM_GCC_541\Debug\Design01.a(LED.o)
 .debug_loc     0x0000291b      0x3b2 .\CortexM3\ARM_GCC_541\Debug\Design01.a(CyFlash.o)
 .debug_loc     0x00002ccd      0x705 .\CortexM3\ARM_GCC_541\Debug\Design01.a(CySpc.o)
 .debug_loc     0x000033d2       0x6a .\CortexM3\ARM_GCC_541\Debug\Design01.a(USBUART_1_cls.o)

.debug_macinfo
 *(.debug_macinfo)

.debug_ranges   0x00000000      0xa38
 *(.debug_ranges)
 .debug_ranges  0x00000000       0x40 .\CortexM3\ARM_GCC_541\Debug\main.o
 .debug_ranges  0x00000040       0x40 .\CortexM3\ARM_GCC_541\Debug\cyfitter_cfg.o
 .debug_ranges  0x00000080       0x38 .\CortexM3\ARM_GCC_541\Debug\Cm3Start.o
 .debug_ranges  0x000000b8       0x98 .\CortexM3\ARM_GCC_541\Debug\Design01.a(ADC_SAR_1.o)
 .debug_ranges  0x00000150       0x10 .\CortexM3\ARM_GCC_541\Debug\Design01.a(ADC_SAR_1_INT.o)
 .debug_ranges  0x00000160       0x70 .\CortexM3\ARM_GCC_541\Debug\Design01.a(ADC_SAR_1_theACLK.o)
 .debug_ranges  0x000001d0      0x290 .\CortexM3\ARM_GCC_541\Debug\Design01.a(CyLib.o)
 .debug_ranges  0x00000460       0x88 .\CortexM3\ARM_GCC_541\Debug\Design01.a(cyPm.o)
 .debug_ranges  0x000004e8       0x78 .\CortexM3\ARM_GCC_541\Debug\Design01.a(Timer_1.o)
 .debug_ranges  0x00000560       0xd0 .\CortexM3\ARM_GCC_541\Debug\Design01.a(USBUART_1.o)
 .debug_ranges  0x00000630       0xd8 .\CortexM3\ARM_GCC_541\Debug\Design01.a(USBUART_1_cdc.o)
 .debug_ranges  0x00000708       0x88 .\CortexM3\ARM_GCC_541\Debug\Design01.a(USBUART_1_drv.o)
 .debug_ranges  0x00000790       0x30 .\CortexM3\ARM_GCC_541\Debug\Design01.a(USBUART_1_episr.o)
 .debug_ranges  0x000007c0       0x30 .\CortexM3\ARM_GCC_541\Debug\Design01.a(USBUART_1_pm.o)
 .debug_ranges  0x000007f0       0x70 .\CortexM3\ARM_GCC_541\Debug\Design01.a(USBUART_1_std.o)
 .debug_ranges  0x00000860       0x10 .\CortexM3\ARM_GCC_541\Debug\Design01.a(USBUART_1_vnd.o)
 .debug_ranges  0x00000870       0x38 .\CortexM3\ARM_GCC_541\Debug\Design01.a(USBUART_1_Dp.o)
 .debug_ranges  0x000008a8       0x70 .\CortexM3\ARM_GCC_541\Debug\Design01.a(isr_EOC.o)
 .debug_ranges  0x00000918       0x28 .\CortexM3\ARM_GCC_541\Debug\Design01.a(LED.o)
 .debug_ranges  0x00000940       0x78 .\CortexM3\ARM_GCC_541\Debug\Design01.a(CyFlash.o)
 .debug_ranges  0x000009b8       0x70 .\CortexM3\ARM_GCC_541\Debug\Design01.a(CySpc.o)
 .debug_ranges  0x00000a28       0x10 .\CortexM3\ARM_GCC_541\Debug\Design01.a(USBUART_1_cls.o)

.comment        0x00000000       0x6e
 .comment       0x00000000       0x6e .\CortexM3\ARM_GCC_541\Debug\main.o
                                 0x6f (size before relaxing)
 .comment       0x0000006e       0x6f .\CortexM3\ARM_GCC_541\Debug\cyfitter_cfg.o
 .comment       0x0000006e       0x6f .\CortexM3\ARM_GCC_541\Debug\cymetadata.o
 .comment       0x0000006e       0x6f .\CortexM3\ARM_GCC_541\Debug\Cm3Start.o
 .comment       0x0000006e       0x6f .\CortexM3\ARM_GCC_541\Debug\Design01.a(ADC_SAR_1.o)
 .comment       0x0000006e       0x6f .\CortexM3\ARM_GCC_541\Debug\Design01.a(ADC_SAR_1_INT.o)
 .comment       0x0000006e       0x6f .\CortexM3\ARM_GCC_541\Debug\Design01.a(ADC_SAR_1_theACLK.o)
 .comment       0x0000006e       0x6f .\CortexM3\ARM_GCC_541\Debug\Design01.a(CyLib.o)
 .comment       0x0000006e       0x6f .\CortexM3\ARM_GCC_541\Debug\Design01.a(cyPm.o)
 .comment       0x0000006e       0x6f .\CortexM3\ARM_GCC_541\Debug\Design01.a(Timer_1.o)
 .comment       0x0000006e       0x6f .\CortexM3\ARM_GCC_541\Debug\Design01.a(USBUART_1.o)
 .comment       0x0000006e       0x6f .\CortexM3\ARM_GCC_541\Debug\Design01.a(USBUART_1_cdc.o)
 .comment       0x0000006e       0x6f .\CortexM3\ARM_GCC_541\Debug\Design01.a(USBUART_1_drv.o)
 .comment       0x0000006e       0x6f .\CortexM3\ARM_GCC_541\Debug\Design01.a(USBUART_1_episr.o)
 .comment       0x0000006e       0x6f .\CortexM3\ARM_GCC_541\Debug\Design01.a(USBUART_1_pm.o)
 .comment       0x0000006e       0x6f .\CortexM3\ARM_GCC_541\Debug\Design01.a(USBUART_1_std.o)
 .comment       0x0000006e       0x6f .\CortexM3\ARM_GCC_541\Debug\Design01.a(USBUART_1_vnd.o)
 .comment       0x0000006e       0x6f .\CortexM3\ARM_GCC_541\Debug\Design01.a(USBUART_1_Dp.o)
 .comment       0x0000006e       0x6f .\CortexM3\ARM_GCC_541\Debug\Design01.a(isr_EOC.o)
 .comment       0x0000006e       0x6f .\CortexM3\ARM_GCC_541\Debug\Design01.a(LED.o)
 .comment       0x0000006e       0x6f .\CortexM3\ARM_GCC_541\Debug\Design01.a(CyFlash.o)
 .comment       0x0000006e       0x6f .\CortexM3\ARM_GCC_541\Debug\Design01.a(CySpc.o)
 .comment       0x0000006e       0x6f .\CortexM3\ARM_GCC_541\Debug\Design01.a(USBUART_1_cls.o)
 .comment       0x0000006e       0x6f .\CortexM3\ARM_GCC_541\Debug\Design01.a(USBUART_1_descr.o)

.debug_weaknames
 *(.debug_weaknames)

.debug_funcnames
 *(.debug_funcnames)

.debug_typenames
 *(.debug_typenames)

.debug_varnames
 *(.debug_varnames)

.note.gnu.arm.ident
 *(.note.gnu.arm.ident)

.ARM.attributes
                0x00000000       0x29
 *(.ARM.attributes)
 .ARM.attributes
                0x00000000       0x1d c:/program files (x86)/cypress/psoc creator/4.2/psoc creator/import/gnu/arm/5.4.1/bin/../lib/gcc/arm-none-eabi/5.4.1/armv7-m/crti.o
 .ARM.attributes
                0x0000001d       0x2d c:/program files (x86)/cypress/psoc creator/4.2/psoc creator/import/gnu/arm/5.4.1/bin/../lib/gcc/arm-none-eabi/5.4.1/armv7-m/crtbegin.o
 .ARM.attributes
                0x0000004a       0x1b c:/program files (x86)/cypress/psoc creator/4.2/psoc creator/import/gnu/arm/5.4.1/bin/../lib/gcc/arm-none-eabi/5.4.1/../../../../arm-none-eabi/lib/armv7-m/crt0.o
 .ARM.attributes
                0x00000065       0x33 .\CortexM3\ARM_GCC_541\Debug\main.o
 .ARM.attributes
                0x00000098       0x33 .\CortexM3\ARM_GCC_541\Debug\cyfitter_cfg.o
 .ARM.attributes
                0x000000cb       0x33 .\CortexM3\ARM_GCC_541\Debug\cymetadata.o
 .ARM.attributes
                0x000000fe       0x33 .\CortexM3\ARM_GCC_541\Debug\Cm3Start.o
 .ARM.attributes
                0x00000131       0x33 .\CortexM3\ARM_GCC_541\Debug\Design01.a(ADC_SAR_1.o)
 .ARM.attributes
                0x00000164       0x33 .\CortexM3\ARM_GCC_541\Debug\Design01.a(ADC_SAR_1_INT.o)
 .ARM.attributes
                0x00000197       0x33 .\CortexM3\ARM_GCC_541\Debug\Design01.a(ADC_SAR_1_theACLK.o)
 .ARM.attributes
                0x000001ca       0x33 .\CortexM3\ARM_GCC_541\Debug\Design01.a(CyLib.o)
 .ARM.attributes
                0x000001fd       0x33 .\CortexM3\ARM_GCC_541\Debug\Design01.a(cyPm.o)
 .ARM.attributes
                0x00000230       0x33 .\CortexM3\ARM_GCC_541\Debug\Design01.a(Timer_1.o)
 .ARM.attributes
                0x00000263       0x33 .\CortexM3\ARM_GCC_541\Debug\Design01.a(USBUART_1.o)
 .ARM.attributes
                0x00000296       0x33 .\CortexM3\ARM_GCC_541\Debug\Design01.a(USBUART_1_cdc.o)
 .ARM.attributes
                0x000002c9       0x33 .\CortexM3\ARM_GCC_541\Debug\Design01.a(USBUART_1_drv.o)
 .ARM.attributes
                0x000002fc       0x33 .\CortexM3\ARM_GCC_541\Debug\Design01.a(USBUART_1_episr.o)
 .ARM.attributes
                0x0000032f       0x33 .\CortexM3\ARM_GCC_541\Debug\Design01.a(USBUART_1_pm.o)
 .ARM.attributes
                0x00000362       0x33 .\CortexM3\ARM_GCC_541\Debug\Design01.a(USBUART_1_std.o)
 .ARM.attributes
                0x00000395       0x33 .\CortexM3\ARM_GCC_541\Debug\Design01.a(USBUART_1_vnd.o)
 .ARM.attributes
                0x000003c8       0x33 .\CortexM3\ARM_GCC_541\Debug\Design01.a(USBUART_1_Dp.o)
 .ARM.attributes
                0x000003fb       0x33 .\CortexM3\ARM_GCC_541\Debug\Design01.a(isr_EOC.o)
 .ARM.attributes
                0x0000042e       0x33 .\CortexM3\ARM_GCC_541\Debug\Design01.a(LED.o)
 .ARM.attributes
                0x00000461       0x21 .\CortexM3\ARM_GCC_541\Debug\Design01.a(CyBootAsmGnu.o)
 .ARM.attributes
                0x00000482       0x33 .\CortexM3\ARM_GCC_541\Debug\Design01.a(CyFlash.o)
 .ARM.attributes
                0x000004b5       0x33 .\CortexM3\ARM_GCC_541\Debug\Design01.a(CySpc.o)
 .ARM.attributes
                0x000004e8       0x33 .\CortexM3\ARM_GCC_541\Debug\Design01.a(USBUART_1_cls.o)
 .ARM.attributes
                0x0000051b       0x33 .\CortexM3\ARM_GCC_541\Debug\Design01.a(USBUART_1_descr.o)
 .ARM.attributes
                0x0000054e       0x1d c:/program files (x86)/cypress/psoc creator/4.2/psoc creator/import/gnu/arm/5.4.1/bin/../lib/gcc/arm-none-eabi/5.4.1/armv7-m\libgcc.a(_arm_addsubsf3.o)
 .ARM.attributes
                0x0000056b       0x1d c:/program files (x86)/cypress/psoc creator/4.2/psoc creator/import/gnu/arm/5.4.1/bin/../lib/gcc/arm-none-eabi/5.4.1/armv7-m\libgcc.a(_arm_muldivsf3.o)
 .ARM.attributes
                0x00000588       0x1d c:/program files (x86)/cypress/psoc creator/4.2/psoc creator/import/gnu/arm/5.4.1/bin/../lib/gcc/arm-none-eabi/5.4.1/armv7-m\libgcc.a(_aeabi_ldivmod.o)
 .ARM.attributes
                0x000005a5       0x2d c:/program files (x86)/cypress/psoc creator/4.2/psoc creator/import/gnu/arm/5.4.1/bin/../lib/gcc/arm-none-eabi/5.4.1/armv7-m\libgcc.a(_udivmoddi4.o)
 .ARM.attributes
                0x000005d2       0x1d c:/program files (x86)/cypress/psoc creator/4.2/psoc creator/import/gnu/arm/5.4.1/bin/../lib/gcc/arm-none-eabi/5.4.1/armv7-m\libgcc.a(_dvmd_tls.o)
 .ARM.attributes
                0x000005ef       0x2d c:/program files (x86)/cypress/psoc creator/4.2/psoc creator/import/gnu/arm/5.4.1/bin/../lib/gcc/arm-none-eabi/5.4.1/../../../../arm-none-eabi/lib/armv7-m\libg_nano.a(lib_a-errno.o)
 .ARM.attributes
                0x0000061c       0x2d c:/program files (x86)/cypress/psoc creator/4.2/psoc creator/import/gnu/arm/5.4.1/bin/../lib/gcc/arm-none-eabi/5.4.1/../../../../arm-none-eabi/lib/armv7-m\libg_nano.a(lib_a-exit.o)
 .ARM.attributes
                0x00000649       0x2d c:/program files (x86)/cypress/psoc creator/4.2/psoc creator/import/gnu/arm/5.4.1/bin/../lib/gcc/arm-none-eabi/5.4.1/../../../../arm-none-eabi/lib/armv7-m\libg_nano.a(lib_a-impure.o)
 .ARM.attributes
                0x00000676       0x2d c:/program files (x86)/cypress/psoc creator/4.2/psoc creator/import/gnu/arm/5.4.1/bin/../lib/gcc/arm-none-eabi/5.4.1/../../../../arm-none-eabi/lib/armv7-m\libg_nano.a(lib_a-init.o)
 .ARM.attributes
                0x000006a3       0x2d c:/program files (x86)/cypress/psoc creator/4.2/psoc creator/import/gnu/arm/5.4.1/bin/../lib/gcc/arm-none-eabi/5.4.1/../../../../arm-none-eabi/lib/armv7-m\libg_nano.a(lib_a-memcpy-stub.o)
 .ARM.attributes
                0x000006d0       0x2d c:/program files (x86)/cypress/psoc creator/4.2/psoc creator/import/gnu/arm/5.4.1/bin/../lib/gcc/arm-none-eabi/5.4.1/../../../../arm-none-eabi/lib/armv7-m\libg_nano.a(lib_a-memset.o)
 .ARM.attributes
                0x000006fd       0x2d c:/program files (x86)/cypress/psoc creator/4.2/psoc creator/import/gnu/arm/5.4.1/bin/../lib/gcc/arm-none-eabi/5.4.1/../../../../arm-none-eabi/lib/armv7-m\libg_nano.a(lib_a-sprintf.o)
 .ARM.attributes
                0x0000072a       0x17 c:/program files (x86)/cypress/psoc creator/4.2/psoc creator/import/gnu/arm/5.4.1/bin/../lib/gcc/arm-none-eabi/5.4.1/../../../../arm-none-eabi/lib/armv7-m\libg_nano.a(lib_a-strlen.o)
 .ARM.attributes
                0x00000741       0x2d c:/program files (x86)/cypress/psoc creator/4.2/psoc creator/import/gnu/arm/5.4.1/bin/../lib/gcc/arm-none-eabi/5.4.1/../../../../arm-none-eabi/lib/armv7-m\libg_nano.a(lib_a-nano-svfprintf.o)
 .ARM.attributes
                0x0000076e       0x2d c:/program files (x86)/cypress/psoc creator/4.2/psoc creator/import/gnu/arm/5.4.1/bin/../lib/gcc/arm-none-eabi/5.4.1/../../../../arm-none-eabi/lib/armv7-m\libg_nano.a(lib_a-nano-vfprintf_i.o)
 .ARM.attributes
                0x0000079b       0x2d c:/program files (x86)/cypress/psoc creator/4.2/psoc creator/import/gnu/arm/5.4.1/bin/../lib/gcc/arm-none-eabi/5.4.1/../../../../arm-none-eabi/lib/armv7-m\libg_nano.a(lib_a-memchr-stub.o)
 .ARM.attributes
                0x000007c8       0x2d c:/program files (x86)/cypress/psoc creator/4.2/psoc creator/import/gnu/arm/5.4.1/bin/../lib/gcc/arm-none-eabi/5.4.1/../../../../arm-none-eabi/lib/armv7-m\libg_nano.a(lib_a-memmove.o)
 .ARM.attributes
                0x000007f5       0x2d c:/program files (x86)/cypress/psoc creator/4.2/psoc creator/import/gnu/arm/5.4.1/bin/../lib/gcc/arm-none-eabi/5.4.1/../../../../arm-none-eabi/lib/armv7-m\libg_nano.a(lib_a-nano-freer.o)
 .ARM.attributes
                0x00000822       0x2d c:/program files (x86)/cypress/psoc creator/4.2/psoc creator/import/gnu/arm/5.4.1/bin/../lib/gcc/arm-none-eabi/5.4.1/../../../../arm-none-eabi/lib/armv7-m\libg_nano.a(lib_a-nano-mallocr.o)
 .ARM.attributes
                0x0000084f       0x2d c:/program files (x86)/cypress/psoc creator/4.2/psoc creator/import/gnu/arm/5.4.1/bin/../lib/gcc/arm-none-eabi/5.4.1/../../../../arm-none-eabi/lib/armv7-m\libg_nano.a(lib_a-nano-reallocr.o)
 .ARM.attributes
                0x0000087c       0x2d c:/program files (x86)/cypress/psoc creator/4.2/psoc creator/import/gnu/arm/5.4.1/bin/../lib/gcc/arm-none-eabi/5.4.1/../../../../arm-none-eabi/lib/armv7-m\libg_nano.a(lib_a-sbrkr.o)
 .ARM.attributes
                0x000008a9       0x2d c:/program files (x86)/cypress/psoc creator/4.2/psoc creator/import/gnu/arm/5.4.1/bin/../lib/gcc/arm-none-eabi/5.4.1/../../../../arm-none-eabi/lib/armv7-m\libg_nano.a(lib_a-mlock.o)
 .ARM.attributes
                0x000008d6       0x2d c:/program files (x86)/cypress/psoc creator/4.2/psoc creator/import/gnu/arm/5.4.1/bin/../lib/gcc/arm-none-eabi/5.4.1/../../../../arm-none-eabi/lib/armv7-m\libg_nano.a(lib_a-nano-msizer.o)
 .ARM.attributes
                0x00000903       0x2d c:/program files (x86)/cypress/psoc creator/4.2/psoc creator/import/gnu/arm/5.4.1/bin/../lib/gcc/arm-none-eabi/5.4.1/../../../../arm-none-eabi/lib/armv7-m\libg_nano.a(lib_a-reent.o)
 .ARM.attributes
                0x00000930       0x2d c:/program files (x86)/cypress/psoc creator/4.2/psoc creator/import/gnu/arm/5.4.1/bin/../lib/gcc/arm-none-eabi/5.4.1/armv7-m/crtend.o
 .ARM.attributes
                0x0000095d       0x1d c:/program files (x86)/cypress/psoc creator/4.2/psoc creator/import/gnu/arm/5.4.1/bin/../lib/gcc/arm-none-eabi/5.4.1/armv7-m/crtn.o

/DISCARD/
 *(.note.GNU-stack)
OUTPUT(\\files.auckland.ac.nz\myhome\Documents\GitHub\project-project_group_15\hardware task1 - version2\Design01.cydsn\CortexM3\ARM_GCC_541\Debug\Design01.elf elf32-littlearm)
