Archive member included to satisfy reference by file (symbol)

.\CortexM3\ARM_GCC_541\Debug\Hardware2.a(CyLib.o)
                              .\CortexM3\ARM_GCC_541\Debug\Cm3Start.o (CyHalt)
.\CortexM3\ARM_GCC_541\Debug\Hardware2.a(cyPm.o)
                              .\CortexM3\ARM_GCC_541\Debug\Hardware2.a(CyLib.o) (CyPmReadStatus)
.\CortexM3\ARM_GCC_541\Debug\Hardware2.a(Timer_1.o)
                              .\CortexM3\ARM_GCC_541\Debug\main.o (Timer_1_ReadStatusRegister)
.\CortexM3\ARM_GCC_541\Debug\Hardware2.a(USBUART_1.o)
                              .\CortexM3\ARM_GCC_541\Debug\main.o (USBUART_1_Start)
.\CortexM3\ARM_GCC_541\Debug\Hardware2.a(USBUART_1_cdc.o)
                              .\CortexM3\ARM_GCC_541\Debug\main.o (USBUART_1_PutData)
.\CortexM3\ARM_GCC_541\Debug\Hardware2.a(USBUART_1_drv.o)
                              .\CortexM3\ARM_GCC_541\Debug\Hardware2.a(USBUART_1.o) (USBUART_1_lastPacketSize)
.\CortexM3\ARM_GCC_541\Debug\Hardware2.a(USBUART_1_episr.o)
                              .\CortexM3\ARM_GCC_541\Debug\Hardware2.a(USBUART_1.o) (USBUART_1_EP_1_ISR)
.\CortexM3\ARM_GCC_541\Debug\Hardware2.a(USBUART_1_pm.o)
                              .\CortexM3\ARM_GCC_541\Debug\Hardware2.a(USBUART_1.o) (USBUART_1_DP_ISR)
.\CortexM3\ARM_GCC_541\Debug\Hardware2.a(USBUART_1_std.o)
                              .\CortexM3\ARM_GCC_541\Debug\Hardware2.a(USBUART_1_pm.o) (USBUART_1_ConfigReg)
.\CortexM3\ARM_GCC_541\Debug\Hardware2.a(USBUART_1_vnd.o)
                              .\CortexM3\ARM_GCC_541\Debug\Hardware2.a(USBUART_1_drv.o) (USBUART_1_HandleVendorRqst)
.\CortexM3\ARM_GCC_541\Debug\Hardware2.a(USBUART_1_Dp.o)
                              .\CortexM3\ARM_GCC_541\Debug\Hardware2.a(USBUART_1.o) (USBUART_1_Dp_ClearInterrupt)
.\CortexM3\ARM_GCC_541\Debug\Hardware2.a(isr_TC.o)
                              .\CortexM3\ARM_GCC_541\Debug\main.o (isr_TC_StartEx)
.\CortexM3\ARM_GCC_541\Debug\Hardware2.a(QuadDec_1.o)
                              .\CortexM3\ARM_GCC_541\Debug\main.o (QuadDec_1_Start)
.\CortexM3\ARM_GCC_541\Debug\Hardware2.a(QuadDec_1_Cnt16.o)
                              .\CortexM3\ARM_GCC_541\Debug\Hardware2.a(QuadDec_1.o) (QuadDec_1_Cnt16_Stop)
.\CortexM3\ARM_GCC_541\Debug\Hardware2.a(PWM_rightmotor.o)
                              .\CortexM3\ARM_GCC_541\Debug\main.o (PWM_rightmotor_WriteCompare1)
.\CortexM3\ARM_GCC_541\Debug\Hardware2.a(PWM_leftmotor.o)
                              .\CortexM3\ARM_GCC_541\Debug\main.o (PWM_leftmotor_WriteCompare1)
.\CortexM3\ARM_GCC_541\Debug\Hardware2.a(QuadDec_2.o)
                              .\CortexM3\ARM_GCC_541\Debug\main.o (QuadDec_2_GetCounter)
.\CortexM3\ARM_GCC_541\Debug\Hardware2.a(QuadDec_2_Cnt16.o)
                              .\CortexM3\ARM_GCC_541\Debug\Hardware2.a(QuadDec_2.o) (QuadDec_2_Cnt16_Stop)
.\CortexM3\ARM_GCC_541\Debug\Hardware2.a(CyBootAsmGnu.o)
                              .\CortexM3\ARM_GCC_541\Debug\cyfitter_cfg.o (CyDelayCycles)
.\CortexM3\ARM_GCC_541\Debug\Hardware2.a(CyFlash.o)
                              .\CortexM3\ARM_GCC_541\Debug\Hardware2.a(cyPm.o) (CyFlash_SetWaitCycles)
.\CortexM3\ARM_GCC_541\Debug\Hardware2.a(CySpc.o)
                              .\CortexM3\ARM_GCC_541\Debug\Hardware2.a(CyFlash.o) (CySpcStart)
.\CortexM3\ARM_GCC_541\Debug\Hardware2.a(USBUART_1_cls.o)
                              .\CortexM3\ARM_GCC_541\Debug\Hardware2.a(USBUART_1_drv.o) (USBUART_1_DispatchClassRqst)
.\CortexM3\ARM_GCC_541\Debug\Hardware2.a(USBUART_1_descr.o)
                              .\CortexM3\ARM_GCC_541\Debug\Hardware2.a(USBUART_1_std.o) (USBUART_1_idSerialNumberStringDescriptor)
c:/program files (x86)/cypress/psoc creator/4.2/psoc creator/import/gnu/arm/5.4.1/bin/../lib/gcc/arm-none-eabi/5.4.1/armv7-m\libgcc.a(_arm_addsubdf3.o)
                              .\CortexM3\ARM_GCC_541\Debug\main.o (__aeabi_i2d)
c:/program files (x86)/cypress/psoc creator/4.2/psoc creator/import/gnu/arm/5.4.1/bin/../lib/gcc/arm-none-eabi/5.4.1/armv7-m\libgcc.a(_arm_muldivdf3.o)
                              .\CortexM3\ARM_GCC_541\Debug\main.o (__aeabi_dmul)
c:/program files (x86)/cypress/psoc creator/4.2/psoc creator/import/gnu/arm/5.4.1/bin/../lib/gcc/arm-none-eabi/5.4.1/armv7-m\libgcc.a(_arm_fixdfsi.o)
                              .\CortexM3\ARM_GCC_541\Debug\main.o (__aeabi_d2iz)
c:/program files (x86)/cypress/psoc creator/4.2/psoc creator/import/gnu/arm/5.4.1/bin/../lib/gcc/arm-none-eabi/5.4.1/../../../../arm-none-eabi/lib/armv7-m\libg_nano.a(lib_a-errno.o)
                              .\CortexM3\ARM_GCC_541\Debug\Cm3Start.o (__errno)
c:/program files (x86)/cypress/psoc creator/4.2/psoc creator/import/gnu/arm/5.4.1/bin/../lib/gcc/arm-none-eabi/5.4.1/../../../../arm-none-eabi/lib/armv7-m\libg_nano.a(lib_a-exit.o)
                              c:/program files (x86)/cypress/psoc creator/4.2/psoc creator/import/gnu/arm/5.4.1/bin/../lib/gcc/arm-none-eabi/5.4.1/../../../../arm-none-eabi/lib/armv7-m/crt0.o (exit)
[...]
Memory Configuration

Name             Origin             Length             Attributes
rom              0x00000000         0x00040000         xr
ram              0x1fff8000         0x00010000         xrw
*default*        0x00000000         0xffffffff

Linker script and memory map

LOAD c:/program files (x86)/cypress/psoc creator/4.2/psoc creator/import/gnu/arm/5.4.1/bin/../lib/gcc/arm-none-eabi/5.4.1/armv7-m/crti.o
LOAD c:/program files (x86)/cypress/psoc creator/4.2/psoc creator/import/gnu/arm/5.4.1/bin/../lib/gcc/arm-none-eabi/5.4.1/armv7-m/crtbegin.o
LOAD c:/program files (x86)/cypress/psoc creator/4.2/psoc creator/import/gnu/arm/5.4.1/bin/../lib/gcc/arm-none-eabi/5.4.1/../../../../arm-none-eabi/lib/armv7-m/crt0.o
START GROUP
LOAD .\CortexM3\ARM_GCC_541\Debug\main.o
LOAD .\CortexM3\ARM_GCC_541\Debug\cyfitter_cfg.o
LOAD .\CortexM3\ARM_GCC_541\Debug\cymetadata.o
LOAD .\CortexM3\ARM_GCC_541\Debug\Cm3Start.o
LOAD .\CortexM3\ARM_GCC_541\Debug\Hardware2.a
LOAD C:\Program Files (x86)\Cypress\PSoC Creator\4.2\PSoC Creator\psoc\content\cycomponentlibrary\CyComponentLibrary.cylib\CortexM3\ARM_GCC_541\Debug\CyComponentLibrary.a
END GROUP
START GROUP
LOAD c:/program files (x86)/cypress/psoc creator/4.2/psoc creator/import/gnu/arm/5.4.1/bin/../lib/gcc/arm-none-eabi/5.4.1/armv7-m\libgcc.a
LOAD c:/program files (x86)/cypress/psoc creator/4.2/psoc creator/import/gnu/arm/5.4.1/bin/../lib/gcc/arm-none-eabi/5.4.1/../../../../arm-none-eabi/lib/armv7-m\libg_nano.a
LOAD c:/program files (x86)/cypress/psoc creator/4.2/psoc creator/import/gnu/arm/5.4.1/bin/../lib/gcc/arm-none-eabi/5.4.1/../../../../arm-none-eabi/lib/armv7-m\libc_nano.a
END GROUP
START GROUP
LOAD c:/program files (x86)/cypress/psoc creator/4.2/psoc creator/import/gnu/arm/5.4.1/bin/../lib/gcc/arm-none-eabi/5.4.1/armv7-m\libgcc.a
LOAD c:/program files (x86)/cypress/psoc creator/4.2/psoc creator/import/gnu/arm/5.4.1/bin/../lib/gcc/arm-none-eabi/5.4.1/../../../../arm-none-eabi/lib/armv7-m\libc_nano.a
END GROUP
LOAD c:/program files (x86)/cypress/psoc creator/4.2/psoc creator/import/gnu/arm/5.4.1/bin/../lib/gcc/arm-none-eabi/5.4.1/armv7-m/crtend.o
LOAD c:/program files (x86)/cypress/psoc creator/4.2/psoc creator/import/gnu/arm/5.4.1/bin/../lib/gcc/arm-none-eabi/5.4.1/armv7-m/crtn.o
START GROUP
LOAD c:/program files (x86)/cypress/psoc creator/4.2/psoc creator/import/gnu/arm/5.4.1/bin/../lib/gcc/arm-none-eabi/5.4.1/armv7-m\libgcc.a
LOAD c:/program files (x86)/cypress/psoc creator/4.2/psoc creator/import/gnu/arm/5.4.1/bin/../lib/gcc/arm-none-eabi/5.4.1/../../../../arm-none-eabi/lib/armv7-m\libc.a
LOAD c:/program files (x86)/cypress/psoc creator/4.2/psoc creator/import/gnu/arm/5.4.1/bin/../lib/gcc/arm-none-eabi/5.4.1/../../../../arm-none-eabi/lib/armv7-m\libnosys.a
END GROUP
                0x00000000                CY_APPL_ORIGIN = 0x0
                0x00000100                CY_FLASH_ROW_SIZE = 0x100
                0x00000020                CY_ECC_ROW_SIZE = 0x20
                0x00000000                CY_EE_IN_BTLDR = 0x0
                0x00000000                CY_APPL_LOADABLE = 0x0
                0x00000800                CY_EE_SIZE = 0x800
                0x00000001                CY_APPL_NUM = 0x1
                0x00000001                CY_APPL_MAX = 0x1
                0x00000040                CY_METADATA_SIZE = 0x40
                0x00000000                CY_APPL_LOADABLE = 0x0
                0x00000000                CY_CHECKSUM_EXCLUDE_SIZE = ALIGN (0x0, CY_FLASH_ROW_SIZE)
                [!provide]                PROVIDE (__cy_heap_start, _end)
                0x00000001                PROVIDE (__cy_region_num, ((__cy_regions_end - __cy_regions) / 0x10))
                0x20008000                PROVIDE (__cy_stack, (ORIGIN (ram) + LENGTH (ram)))
                [!provide]                PROVIDE (__cy_heap_end, (__cy_stack - 0x800))

.cybootloader   0x00000000        0x0
 *(.cybootloader)
                0x00000000                appl1_start = CY_APPL_ORIGIN?CY_APPL_ORIGIN:ALIGN (CY_FLASH_ROW_SIZE)
                0x0001ff00                appl2_start = (appl1_start + ALIGN ((((LENGTH (rom) - appl1_start) - (0x2 * CY_FLASH_ROW_SIZE)) / 0x2), CY_FLASH_ROW_SIZE))
                0x00000000                appl_start = (CY_APPL_NUM == 0x1)?appl1_start:appl2_start
                0x00000000                ecc_offset = ((appl_start / CY_FLASH_ROW_SIZE) * CY_ECC_ROW_SIZE)
                0x00000000                ee_offset = (CY_APPL_LOADABLE && ! (CY_EE_IN_BTLDR))?((CY_EE_SIZE / CY_APPL_MAX) * (CY_APPL_NUM - 0x1)):0x0
                0x00000800                ee_size = (CY_APPL_LOADABLE && ! (CY_EE_IN_BTLDR))?(CY_EE_SIZE / CY_APPL_MAX):CY_EE_SIZE
                [!provide]                PROVIDE (CY_ECC_OFFSET, ecc_offset)

.text           0x00000000     0x3074
 CREATE_OBJECT_SYMBOLS
                0x00000000                PROVIDE (__cy_interrupt_vector, RomVectors)
 *(.romvectors)
 .romvectors    0x00000000       0x10 .\CortexM3\ARM_GCC_541\Debug\Cm3Start.o
                0x00000000                RomVectors
                0x00000001                ASSERT ((. != __cy_interrupt_vector), No interrupt vector)
                0x00000001                ASSERT (CY_APPL_ORIGIN?(SIZEOF (.cybootloader) <= CY_APPL_ORIGIN):0x1, Wrong image location)
                0x00000010                PROVIDE (__cy_reset, Reset)
 *(.text.Reset)
 .text.Reset    0x00000010       0x18 .\CortexM3\ARM_GCC_541\Debug\Cm3Start.o
                0x00000010                Reset
                0x00000001                ASSERT ((. != __cy_reset), No reset code)
 *(.dma_init)
                0x00000001                ASSERT ((((appl_start + .) <= 0x10000) || 0x1), DMA Init must be within the first 64k of flash)
 *(.text .text.* .gnu.linkonce.t.*)
 .text          0x00000028       0x5c c:/program files (x86)/cypress/psoc creator/4.2/psoc creator/import/gnu/arm/5.4.1/bin/../lib/gcc/arm-none-eabi/5.4.1/armv7-m/crtbegin.o
 *fill*         0x00000084        0x4 
 .text.getDistance
                0x00000088       0x38 .\CortexM3\ARM_GCC_541\Debug\main.o
                0x00000088                getDistance
 .text.stopTheMotor
                0x000000c0       0x1c .\CortexM3\ARM_GCC_541\Debug\main.o
                0x000000c0                stopTheMotor
 *fill*         0x000000dc        0x4 
 .text.TC       0x000000e0       0x74 .\CortexM3\ARM_GCC_541\Debug\main.o
                0x000000e0                TC
 .text.usbPutString
                0x00000154       0x28 .\CortexM3\ARM_GCC_541\Debug\main.o
                0x00000154                usbPutString
 .text.main     0x0000017c       0x88 .\CortexM3\ARM_GCC_541\Debug\main.o
                0x0000017c                main
 .text.CyClockStartupError
                0x00000204        0x4 .\CortexM3\ARM_GCC_541\Debug\cyfitter_cfg.o
 .text.cfg_write_bytes32
                0x00000208       0x34 .\CortexM3\ARM_GCC_541\Debug\cyfitter_cfg.o
 .text.AnalogSetDefault
                0x0000023c       0x28 .\CortexM3\ARM_GCC_541\Debug\cyfitter_cfg.o
 .text.CYMEMZERO
                0x00000264        0xc .\CortexM3\ARM_GCC_541\Debug\cyfitter_cfg.o
 .text.ClockSetup
                0x00000270       0xe4 .\CortexM3\ARM_GCC_541\Debug\cyfitter_cfg.o
 .text.CYCONFIGCPY
                0x00000354        0x8 .\CortexM3\ARM_GCC_541\Debug\cyfitter_cfg.o
 .text.cyfitter_cfg
                0x0000035c      0x114 .\CortexM3\ARM_GCC_541\Debug\cyfitter_cfg.o
                0x0000035c                cyfitter_cfg
 .text.IntDefaultHandler
                0x00000470       0x10 .\CortexM3\ARM_GCC_541\Debug\Cm3Start.o
                0x00000470                IntDefaultHandler
 .text._sbrk    0x00000480       0x30 .\CortexM3\ARM_GCC_541\Debug\Cm3Start.o
                0x00000480                _sbrk
 .text.Start_c  0x000004b0       0x4c .\CortexM3\ARM_GCC_541\Debug\Cm3Start.o
                0x000004b0                Start_c
 .text.initialize_psoc
                0x000004fc       0x68 .\CortexM3\ARM_GCC_541\Debug\Cm3Start.o
                0x000004fc                initialize_psoc
 .text.CyHalt   0x00000564        0x4 .\CortexM3\ARM_GCC_541\Debug\Hardware2.a(CyLib.o)
                0x00000564                CyHalt
 .text.CyDelayUs
                0x00000568       0x14 .\CortexM3\ARM_GCC_541\Debug\Hardware2.a(CyLib.o)
                0x00000568                CyDelayUs
 .text.CyIntSetVector
                0x0000057c       0x28 .\CortexM3\ARM_GCC_541\Debug\Hardware2.a(CyLib.o)
                0x0000057c                CyIntSetVector
 .text.CyIntSetPriority
                0x000005a4       0x30 .\CortexM3\ARM_GCC_541\Debug\Hardware2.a(CyLib.o)
                0x000005a4                CyIntSetPriority
 .text.CyGetUniqueId
                0x000005d4       0x70 .\CortexM3\ARM_GCC_541\Debug\Hardware2.a(CyLib.o)
                0x000005d4                CyGetUniqueId
 .text.Timer_1_Enable
                0x00000644       0x28 .\CortexM3\ARM_GCC_541\Debug\Hardware2.a(Timer_1.o)
                0x00000644                Timer_1_Enable
 .text.Timer_1_SetInterruptMode
                0x0000066c        0xc .\CortexM3\ARM_GCC_541\Debug\Hardware2.a(Timer_1.o)
                0x0000066c                Timer_1_SetInterruptMode
 .text.Timer_1_ReadStatusRegister
                0x00000678        0xc .\CortexM3\ARM_GCC_541\Debug\Hardware2.a(Timer_1.o)
                0x00000678                Timer_1_ReadStatusRegister
 .text.Timer_1_WritePeriod
                0x00000684        0xc .\CortexM3\ARM_GCC_541\Debug\Hardware2.a(Timer_1.o)
                0x00000684                Timer_1_WritePeriod
 .text.Timer_1_WriteCounter
                0x00000690        0xc .\CortexM3\ARM_GCC_541\Debug\Hardware2.a(Timer_1.o)
                0x00000690                Timer_1_WriteCounter
 .text.Timer_1_Init
                0x0000069c       0x68 .\CortexM3\ARM_GCC_541\Debug\Hardware2.a(Timer_1.o)
                0x0000069c                Timer_1_Init
 .text.Timer_1_Start
                0x00000704       0x1c .\CortexM3\ARM_GCC_541\Debug\Hardware2.a(Timer_1.o)
                0x00000704                Timer_1_Start
 .text.USBUART_1_Init
                0x00000720      0x140 .\CortexM3\ARM_GCC_541\Debug\Hardware2.a(USBUART_1.o)
                0x00000720                USBUART_1_Init
 .text.USBUART_1_InitComponent
                0x00000860       0xb8 .\CortexM3\ARM_GCC_541\Debug\Hardware2.a(USBUART_1.o)
                0x00000860                USBUART_1_InitComponent
 .text.USBUART_1_Start
                0x00000918       0x24 .\CortexM3\ARM_GCC_541\Debug\Hardware2.a(USBUART_1.o)
                0x00000918                USBUART_1_Start
 .text.USBUART_1_ReInitComponent
                0x0000093c       0x4c .\CortexM3\ARM_GCC_541\Debug\Hardware2.a(USBUART_1.o)
                0x0000093c                USBUART_1_ReInitComponent
 .text.USBUART_1_GetEPState
                0x00000988       0x14 .\CortexM3\ARM_GCC_541\Debug\Hardware2.a(USBUART_1.o)
                0x00000988                USBUART_1_GetEPState
 .text.USBUART_1_LoadInEP
                0x0000099c       0x94 .\CortexM3\ARM_GCC_541\Debug\Hardware2.a(USBUART_1.o)
                0x0000099c                USBUART_1_LoadInEP
 .text.USBUART_1_GetInterfaceComPort
                0x00000a30       0x38 .\CortexM3\ARM_GCC_541\Debug\Hardware2.a(USBUART_1_cdc.o)
                0x00000a30                USBUART_1_GetInterfaceComPort
 .text.USBUART_1_DispatchCDCClassRqst
                0x00000a68       0x98 .\CortexM3\ARM_GCC_541\Debug\Hardware2.a(USBUART_1_cdc.o)
                0x00000a68                USBUART_1_DispatchCDCClassRqst
 .text.USBUART_1_PutData
                0x00000b00       0x50 .\CortexM3\ARM_GCC_541\Debug\Hardware2.a(USBUART_1_cdc.o)
                0x00000b00                USBUART_1_PutData
 .text.USBUART_1_CDCIsReady
                0x00000b50       0x18 .\CortexM3\ARM_GCC_541\Debug\Hardware2.a(USBUART_1_cdc.o)
                0x00000b50                USBUART_1_CDCIsReady
 .text.USBUART_1_Cdc_EpInit
                0x00000b68       0x50 .\CortexM3\ARM_GCC_541\Debug\Hardware2.a(USBUART_1_cdc.o)
                0x00000b68                USBUART_1_Cdc_EpInit
 .text.USBUART_1_LoadEP0
                0x00000bb8       0x98 .\CortexM3\ARM_GCC_541\Debug\Hardware2.a(USBUART_1_drv.o)
                0x00000bb8                USBUART_1_LoadEP0
 .text.USBUART_1_InitZeroLengthControlTransfer
                0x00000c50       0x34 .\CortexM3\ARM_GCC_541\Debug\Hardware2.a(USBUART_1_drv.o)
                0x00000c50                USBUART_1_InitZeroLengthControlTransfer
 .text.USBUART_1_ControlReadDataStage
                0x00000c84        0x8 .\CortexM3\ARM_GCC_541\Debug\Hardware2.a(USBUART_1_drv.o)
                0x00000c84                USBUART_1_ControlReadDataStage
 .text.USBUART_1_ControlWriteDataStage
                0x00000c8c       0x84 .\CortexM3\ARM_GCC_541\Debug\Hardware2.a(USBUART_1_drv.o)
                0x00000c8c                USBUART_1_ControlWriteDataStage
 .text.USBUART_1_InitNoDataControlTransfer
                0x00000d10       0x2c .\CortexM3\ARM_GCC_541\Debug\Hardware2.a(USBUART_1_drv.o)
                0x00000d10                USBUART_1_InitNoDataControlTransfer
 .text.USBUART_1_UpdateStatusBlock
                0x00000d3c       0x24 .\CortexM3\ARM_GCC_541\Debug\Hardware2.a(USBUART_1_drv.o)
                0x00000d3c                USBUART_1_UpdateStatusBlock
 .text.USBUART_1_HandleSetup
                0x00000d60       0x5c .\CortexM3\ARM_GCC_541\Debug\Hardware2.a(USBUART_1_drv.o)
                0x00000d60                USBUART_1_HandleSetup
 .text.USBUART_1_ControlReadStatusStage
                0x00000dbc       0x38 .\CortexM3\ARM_GCC_541\Debug\Hardware2.a(USBUART_1_drv.o)
                0x00000dbc                USBUART_1_ControlReadStatusStage
 .text.USBUART_1_HandleOUT
                0x00000df4       0x38 .\CortexM3\ARM_GCC_541\Debug\Hardware2.a(USBUART_1_drv.o)
                0x00000df4                USBUART_1_HandleOUT
 .text.USBUART_1_ControlWriteStatusStage
                0x00000e2c       0x20 .\CortexM3\ARM_GCC_541\Debug\Hardware2.a(USBUART_1_drv.o)
                0x00000e2c                USBUART_1_ControlWriteStatusStage
 .text.USBUART_1_NoDataControlStatusStage
                0x00000e4c       0x40 .\CortexM3\ARM_GCC_541\Debug\Hardware2.a(USBUART_1_drv.o)
                0x00000e4c                USBUART_1_NoDataControlStatusStage
 .text.USBUART_1_HandleIN
                0x00000e8c       0x2c .\CortexM3\ARM_GCC_541\Debug\Hardware2.a(USBUART_1_drv.o)
                0x00000e8c                USBUART_1_HandleIN
 .text.USBUART_1_EP_0_ISR
                0x00000eb8       0xb8 .\CortexM3\ARM_GCC_541\Debug\Hardware2.a(USBUART_1_drv.o)
                0x00000eb8                USBUART_1_EP_0_ISR
 .text.USBUART_1_InitializeStatusBlock
                0x00000f70       0x24 .\CortexM3\ARM_GCC_541\Debug\Hardware2.a(USBUART_1_drv.o)
                0x00000f70                USBUART_1_InitializeStatusBlock
 .text.USBUART_1_InitControlRead
                0x00000f94       0x50 .\CortexM3\ARM_GCC_541\Debug\Hardware2.a(USBUART_1_drv.o)
                0x00000f94                USBUART_1_InitControlRead
 .text.USBUART_1_InitControlWrite
                0x00000fe4       0x48 .\CortexM3\ARM_GCC_541\Debug\Hardware2.a(USBUART_1_drv.o)
                0x00000fe4                USBUART_1_InitControlWrite
 .text.USBUART_1_EP_1_ISR
                0x0000102c       0x30 .\CortexM3\ARM_GCC_541\Debug\Hardware2.a(USBUART_1_episr.o)
                0x0000102c                USBUART_1_EP_1_ISR
 .text.USBUART_1_EP_2_ISR
                0x0000105c       0x34 .\CortexM3\ARM_GCC_541\Debug\Hardware2.a(USBUART_1_episr.o)
                0x0000105c                USBUART_1_EP_2_ISR
 .text.USBUART_1_EP_3_ISR
                0x00001090       0x3c .\CortexM3\ARM_GCC_541\Debug\Hardware2.a(USBUART_1_episr.o)
                0x00001090                USBUART_1_EP_3_ISR
 .text.USBUART_1_SOF_ISR
                0x000010cc        0x4 .\CortexM3\ARM_GCC_541\Debug\Hardware2.a(USBUART_1_episr.o)
                0x000010cc                USBUART_1_SOF_ISR
 .text.USBUART_1_BUS_RESET_ISR
                0x000010d0        0x8 .\CortexM3\ARM_GCC_541\Debug\Hardware2.a(USBUART_1_episr.o)
                0x000010d0                USBUART_1_BUS_RESET_ISR
 .text.USBUART_1_DP_ISR
                0x000010d8        0x8 .\CortexM3\ARM_GCC_541\Debug\Hardware2.a(USBUART_1_pm.o)
                0x000010d8                USBUART_1_DP_ISR
 .text.USBUART_1_ReadDieID
                0x000010e0       0x6c .\CortexM3\ARM_GCC_541\Debug\Hardware2.a(USBUART_1_std.o)
                0x000010e0                USBUART_1_ReadDieID
 .text.USBUART_1_ConfigReg
                0x0000114c       0xa4 .\CortexM3\ARM_GCC_541\Debug\Hardware2.a(USBUART_1_std.o)
                0x0000114c                USBUART_1_ConfigReg
 .text.USBUART_1_GetConfigTablePtr
                0x000011f0       0x28 .\CortexM3\ARM_GCC_541\Debug\Hardware2.a(USBUART_1_std.o)
                0x000011f0                USBUART_1_GetConfigTablePtr
 .text.USBUART_1_ConfigAltChanged
                0x00001218      0x11c .\CortexM3\ARM_GCC_541\Debug\Hardware2.a(USBUART_1_std.o)
                0x00001218                USBUART_1_ConfigAltChanged
 .text.USBUART_1_GetDeviceTablePtr
                0x00001334       0x18 .\CortexM3\ARM_GCC_541\Debug\Hardware2.a(USBUART_1_std.o)
                0x00001334                USBUART_1_GetDeviceTablePtr
 .text.USBUART_1_GetInterfaceClassTablePtr
                0x0000134c       0x28 .\CortexM3\ARM_GCC_541\Debug\Hardware2.a(USBUART_1_std.o)
                0x0000134c                USBUART_1_GetInterfaceClassTablePtr
 .text.USBUART_1_Config
                0x00001374      0x1ec .\CortexM3\ARM_GCC_541\Debug\Hardware2.a(USBUART_1_std.o)
                0x00001374                USBUART_1_Config
 .text.USBUART_1_SetEndpointHalt
                0x00001560       0x64 .\CortexM3\ARM_GCC_541\Debug\Hardware2.a(USBUART_1_std.o)
                0x00001560                USBUART_1_SetEndpointHalt
 .text.USBUART_1_ClearEndpointHalt
                0x000015c4       0xac .\CortexM3\ARM_GCC_541\Debug\Hardware2.a(USBUART_1_std.o)
                0x000015c4                USBUART_1_ClearEndpointHalt
 .text.USBUART_1_ValidateAlternateSetting
                0x00001670       0x4c .\CortexM3\ARM_GCC_541\Debug\Hardware2.a(USBUART_1_std.o)
                0x00001670                USBUART_1_ValidateAlternateSetting
 .text.USBUART_1_HandleStandardRqst
                0x000016bc      0x354 .\CortexM3\ARM_GCC_541\Debug\Hardware2.a(USBUART_1_std.o)
                0x000016bc                USBUART_1_HandleStandardRqst
 .text.USBUART_1_HandleVendorRqst
                0x00001a10       0x18 .\CortexM3\ARM_GCC_541\Debug\Hardware2.a(USBUART_1_vnd.o)
                0x00001a10                USBUART_1_HandleVendorRqst
 .text.USBUART_1_Dp_ClearInterrupt
                0x00001a28       0x10 .\CortexM3\ARM_GCC_541\Debug\Hardware2.a(USBUART_1_Dp.o)
                0x00001a28                USBUART_1_Dp_ClearInterrupt
 .text.isr_TC_SetVector
                0x00001a38       0x10 .\CortexM3\ARM_GCC_541\Debug\Hardware2.a(isr_TC.o)
                0x00001a38                isr_TC_SetVector
 .text.isr_TC_SetPriority
                0x00001a48       0x10 .\CortexM3\ARM_GCC_541\Debug\Hardware2.a(isr_TC.o)
                0x00001a48                isr_TC_SetPriority
 .text.isr_TC_Enable
                0x00001a58       0x10 .\CortexM3\ARM_GCC_541\Debug\Hardware2.a(isr_TC.o)
                0x00001a58                isr_TC_Enable
 .text.isr_TC_Disable
                0x00001a68       0x10 .\CortexM3\ARM_GCC_541\Debug\Hardware2.a(isr_TC.o)
                0x00001a68                isr_TC_Disable
 .text.isr_TC_StartEx
                0x00001a78       0x1c .\CortexM3\ARM_GCC_541\Debug\Hardware2.a(isr_TC.o)
                0x00001a78                isr_TC_StartEx
 .text.QuadDec_1_GetEvents
                0x00001a94       0x10 .\CortexM3\ARM_GCC_541\Debug\Hardware2.a(QuadDec_1.o)
                0x00001a94                QuadDec_1_GetEvents
 .text.QuadDec_1_SetInterruptMask
                0x00001aa4        0xc .\CortexM3\ARM_GCC_541\Debug\Hardware2.a(QuadDec_1.o)
                0x00001aa4                QuadDec_1_SetInterruptMask
 .text.QuadDec_1_Enable
                0x00001ab0       0x24 .\CortexM3\ARM_GCC_541\Debug\Hardware2.a(QuadDec_1.o)
                0x00001ab0                QuadDec_1_Enable
 .text.QuadDec_1_Start
                0x00001ad4       0x24 .\CortexM3\ARM_GCC_541\Debug\Hardware2.a(QuadDec_1.o)
                0x00001ad4                QuadDec_1_Start
 .text.QuadDec_1_Cnt16_Enable
                0x00001af8       0x10 .\CortexM3\ARM_GCC_541\Debug\Hardware2.a(QuadDec_1_Cnt16.o)
                0x00001af8                QuadDec_1_Cnt16_Enable
 .text.QuadDec_1_Cnt16_SetInterruptMode
                0x00001b08        0xc .\CortexM3\ARM_GCC_541\Debug\Hardware2.a(QuadDec_1_Cnt16.o)
                0x00001b08                QuadDec_1_Cnt16_SetInterruptMode
 .text.QuadDec_1_Cnt16_ReadStatusRegister
                0x00001b14        0xc .\CortexM3\ARM_GCC_541\Debug\Hardware2.a(QuadDec_1_Cnt16.o)
                0x00001b14                QuadDec_1_Cnt16_ReadStatusRegister
 .text.QuadDec_1_Cnt16_WriteCounter
                0x00001b20        0xc .\CortexM3\ARM_GCC_541\Debug\Hardware2.a(QuadDec_1_Cnt16.o)
                0x00001b20                QuadDec_1_Cnt16_WriteCounter
 .text.QuadDec_1_Cnt16_ReadCapture
                0x00001b2c        0xc .\CortexM3\ARM_GCC_541\Debug\Hardware2.a(QuadDec_1_Cnt16.o)
                0x00001b2c                QuadDec_1_Cnt16_ReadCapture
 .text.QuadDec_1_Cnt16_WritePeriod
                0x00001b38        0xc .\CortexM3\ARM_GCC_541\Debug\Hardware2.a(QuadDec_1_Cnt16.o)
                0x00001b38                QuadDec_1_Cnt16_WritePeriod
 .text.QuadDec_1_Cnt16_WriteCompare
                0x00001b44        0xc .\CortexM3\ARM_GCC_541\Debug\Hardware2.a(QuadDec_1_Cnt16.o)
                0x00001b44                QuadDec_1_Cnt16_WriteCompare
 .text.QuadDec_1_Cnt16_ClearFIFO
                0x00001b50       0x14 .\CortexM3\ARM_GCC_541\Debug\Hardware2.a(QuadDec_1_Cnt16.o)
                0x00001b50                QuadDec_1_Cnt16_ClearFIFO
 .text.QuadDec_1_Cnt16_Init
                0x00001b64       0x58 .\CortexM3\ARM_GCC_541\Debug\Hardware2.a(QuadDec_1_Cnt16.o)
                0x00001b64                QuadDec_1_Cnt16_Init
 .text.QuadDec_1_Cnt16_Start
                0x00001bbc       0x1c .\CortexM3\ARM_GCC_541\Debug\Hardware2.a(QuadDec_1_Cnt16.o)
                0x00001bbc                QuadDec_1_Cnt16_Start
 .text.PWM_rightmotor_Enable
                0x00001bd8       0x10 .\CortexM3\ARM_GCC_541\Debug\Hardware2.a(PWM_rightmotor.o)
                0x00001bd8                PWM_rightmotor_Enable
 .text.PWM_rightmotor_WriteCounter
                0x00001be8        0xc .\CortexM3\ARM_GCC_541\Debug\Hardware2.a(PWM_rightmotor.o)
                0x00001be8                PWM_rightmotor_WriteCounter
 .text.PWM_rightmotor_WritePeriod
                0x00001bf4        0xc .\CortexM3\ARM_GCC_541\Debug\Hardware2.a(PWM_rightmotor.o)
                0x00001bf4                PWM_rightmotor_WritePeriod
 .text.PWM_rightmotor_WriteCompare1
                0x00001c00        0xc .\CortexM3\ARM_GCC_541\Debug\Hardware2.a(PWM_rightmotor.o)
                0x00001c00                PWM_rightmotor_WriteCompare1
 .text.PWM_rightmotor_WriteCompare2
                0x00001c0c        0xc .\CortexM3\ARM_GCC_541\Debug\Hardware2.a(PWM_rightmotor.o)
                0x00001c0c                PWM_rightmotor_WriteCompare2
 .text.PWM_rightmotor_SetInterruptMode
                0x00001c18        0xc .\CortexM3\ARM_GCC_541\Debug\Hardware2.a(PWM_rightmotor.o)
                0x00001c18                PWM_rightmotor_SetInterruptMode
 .text.PWM_rightmotor_ReadStatusRegister
                0x00001c24        0xc .\CortexM3\ARM_GCC_541\Debug\Hardware2.a(PWM_rightmotor.o)
                0x00001c24                PWM_rightmotor_ReadStatusRegister
 .text.PWM_rightmotor_ReadCapture
                0x00001c30        0xc .\CortexM3\ARM_GCC_541\Debug\Hardware2.a(PWM_rightmotor.o)
                0x00001c30                PWM_rightmotor_ReadCapture
 .text.PWM_rightmotor_ClearFIFO
                0x00001c3c       0x14 .\CortexM3\ARM_GCC_541\Debug\Hardware2.a(PWM_rightmotor.o)
                0x00001c3c                PWM_rightmotor_ClearFIFO
 .text.PWM_rightmotor_Init
                0x00001c50       0x58 .\CortexM3\ARM_GCC_541\Debug\Hardware2.a(PWM_rightmotor.o)
                0x00001c50                PWM_rightmotor_Init
 .text.PWM_rightmotor_Start
                0x00001ca8       0x1c .\CortexM3\ARM_GCC_541\Debug\Hardware2.a(PWM_rightmotor.o)
                0x00001ca8                PWM_rightmotor_Start
 .text.PWM_leftmotor_Enable
                0x00001cc4       0x10 .\CortexM3\ARM_GCC_541\Debug\Hardware2.a(PWM_leftmotor.o)
                0x00001cc4                PWM_leftmotor_Enable
 .text.PWM_leftmotor_WriteCounter
                0x00001cd4        0xc .\CortexM3\ARM_GCC_541\Debug\Hardware2.a(PWM_leftmotor.o)
                0x00001cd4                PWM_leftmotor_WriteCounter
 .text.PWM_leftmotor_WritePeriod
                0x00001ce0        0xc .\CortexM3\ARM_GCC_541\Debug\Hardware2.a(PWM_leftmotor.o)
                0x00001ce0                PWM_leftmotor_WritePeriod
 .text.PWM_leftmotor_WriteCompare1
                0x00001cec        0xc .\CortexM3\ARM_GCC_541\Debug\Hardware2.a(PWM_leftmotor.o)
                0x00001cec                PWM_leftmotor_WriteCompare1
 .text.PWM_leftmotor_WriteCompare2
                0x00001cf8        0xc .\CortexM3\ARM_GCC_541\Debug\Hardware2.a(PWM_leftmotor.o)
                0x00001cf8                PWM_leftmotor_WriteCompare2
 .text.PWM_leftmotor_SetInterruptMode
                0x00001d04        0xc .\CortexM3\ARM_GCC_541\Debug\Hardware2.a(PWM_leftmotor.o)
                0x00001d04                PWM_leftmotor_SetInterruptMode
 .text.PWM_leftmotor_ReadStatusRegister
                0x00001d10        0xc .\CortexM3\ARM_GCC_541\Debug\Hardware2.a(PWM_leftmotor.o)
                0x00001d10                PWM_leftmotor_ReadStatusRegister
 .text.PWM_leftmotor_ReadCapture
                0x00001d1c        0xc .\CortexM3\ARM_GCC_541\Debug\Hardware2.a(PWM_leftmotor.o)
                0x00001d1c                PWM_leftmotor_ReadCapture
 .text.PWM_leftmotor_ClearFIFO
                0x00001d28       0x14 .\CortexM3\ARM_GCC_541\Debug\Hardware2.a(PWM_leftmotor.o)
                0x00001d28                PWM_leftmotor_ClearFIFO
 .text.PWM_leftmotor_Init
                0x00001d3c       0x58 .\CortexM3\ARM_GCC_541\Debug\Hardware2.a(PWM_leftmotor.o)
                0x00001d3c                PWM_leftmotor_Init
 .text.PWM_leftmotor_Start
                0x00001d94       0x1c .\CortexM3\ARM_GCC_541\Debug\Hardware2.a(PWM_leftmotor.o)
                0x00001d94                PWM_leftmotor_Start
 .text.QuadDec_2_GetCounter
                0x00001db0       0x10 .\CortexM3\ARM_GCC_541\Debug\Hardware2.a(QuadDec_2.o)
                0x00001db0                QuadDec_2_GetCounter
 .text.QuadDec_2_SetCounter
                0x00001dc0       0x1c .\CortexM3\ARM_GCC_541\Debug\Hardware2.a(QuadDec_2.o)
                0x00001dc0                QuadDec_2_SetCounter
 .text.QuadDec_2_GetEvents
                0x00001ddc       0x10 .\CortexM3\ARM_GCC_541\Debug\Hardware2.a(QuadDec_2.o)
                0x00001ddc                QuadDec_2_GetEvents
 .text.QuadDec_2_SetInterruptMask
                0x00001dec        0xc .\CortexM3\ARM_GCC_541\Debug\Hardware2.a(QuadDec_2.o)
                0x00001dec                QuadDec_2_SetInterruptMask
 .text.QuadDec_2_Enable
                0x00001df8       0x24 .\CortexM3\ARM_GCC_541\Debug\Hardware2.a(QuadDec_2.o)
                0x00001df8                QuadDec_2_Enable
 .text.QuadDec_2_Start
                0x00001e1c       0x24 .\CortexM3\ARM_GCC_541\Debug\Hardware2.a(QuadDec_2.o)
                0x00001e1c                QuadDec_2_Start
 .text.QuadDec_2_Cnt16_Enable
                0x00001e40       0x10 .\CortexM3\ARM_GCC_541\Debug\Hardware2.a(QuadDec_2_Cnt16.o)
                0x00001e40                QuadDec_2_Cnt16_Enable
 .text.QuadDec_2_Cnt16_SetInterruptMode
                0x00001e50        0xc .\CortexM3\ARM_GCC_541\Debug\Hardware2.a(QuadDec_2_Cnt16.o)
                0x00001e50                QuadDec_2_Cnt16_SetInterruptMode
 .text.QuadDec_2_Cnt16_ReadStatusRegister
                0x00001e5c        0xc .\CortexM3\ARM_GCC_541\Debug\Hardware2.a(QuadDec_2_Cnt16.o)
                0x00001e5c                QuadDec_2_Cnt16_ReadStatusRegister
 .text.QuadDec_2_Cnt16_WriteCounter
                0x00001e68        0xc .\CortexM3\ARM_GCC_541\Debug\Hardware2.a(QuadDec_2_Cnt16.o)
                0x00001e68                QuadDec_2_Cnt16_WriteCounter
 .text.QuadDec_2_Cnt16_ReadCounter
                0x00001e74       0x14 .\CortexM3\ARM_GCC_541\Debug\Hardware2.a(QuadDec_2_Cnt16.o)
                0x00001e74                QuadDec_2_Cnt16_ReadCounter
 .text.QuadDec_2_Cnt16_ReadCapture
                0x00001e88        0xc .\CortexM3\ARM_GCC_541\Debug\Hardware2.a(QuadDec_2_Cnt16.o)
                0x00001e88                QuadDec_2_Cnt16_ReadCapture
 .text.QuadDec_2_Cnt16_WritePeriod
                0x00001e94        0xc .\CortexM3\ARM_GCC_541\Debug\Hardware2.a(QuadDec_2_Cnt16.o)
                0x00001e94                QuadDec_2_Cnt16_WritePeriod
 .text.QuadDec_2_Cnt16_WriteCompare
                0x00001ea0        0xc .\CortexM3\ARM_GCC_541\Debug\Hardware2.a(QuadDec_2_Cnt16.o)
                0x00001ea0                QuadDec_2_Cnt16_WriteCompare
 .text.QuadDec_2_Cnt16_ClearFIFO
                0x00001eac       0x14 .\CortexM3\ARM_GCC_541\Debug\Hardware2.a(QuadDec_2_Cnt16.o)
                0x00001eac                QuadDec_2_Cnt16_ClearFIFO
 .text.QuadDec_2_Cnt16_Init
                0x00001ec0       0x58 .\CortexM3\ARM_GCC_541\Debug\Hardware2.a(QuadDec_2_Cnt16.o)
                0x00001ec0                QuadDec_2_Cnt16_Init
 .text.QuadDec_2_Cnt16_Start
                0x00001f18       0x1c .\CortexM3\ARM_GCC_541\Debug\Hardware2.a(QuadDec_2_Cnt16.o)
                0x00001f18                QuadDec_2_Cnt16_Start
 *fill*         0x00001f34        0x4 
 .text          0x00001f38       0x20 .\CortexM3\ARM_GCC_541\Debug\Hardware2.a(CyBootAsmGnu.o)
                0x00001f38                CyDelayCycles
                0x00001f48                CyEnterCriticalSection
                0x00001f50                CyExitCriticalSection
 .text.USBUART_1_DispatchClassRqst
                0x00001f58       0x60 .\CortexM3\ARM_GCC_541\Debug\Hardware2.a(USBUART_1_cls.o)
                0x00001f58                USBUART_1_DispatchClassRqst
 .text          0x00001fb8      0x370 c:/program files (x86)/cypress/psoc creator/4.2/psoc creator/import/gnu/arm/5.4.1/bin/../lib/gcc/arm-none-eabi/5.4.1/armv7-m\libgcc.a(_arm_addsubdf3.o)
                0x00001fb8                __aeabi_drsub
                0x00001fc0                __aeabi_dsub
                0x00001fc0                __subdf3
                0x00001fc4                __aeabi_dadd
                0x00001fc4                __adddf3
                0x0000223c                __floatunsidf
                0x0000223c                __aeabi_ui2d
                0x0000225c                __floatsidf
                0x0000225c                __aeabi_i2d
                0x00002280                __aeabi_f2d
                0x00002280                __extendsfdf2
                0x000022bc                __floatundidf
                0x000022bc                __aeabi_ul2d
                0x000022cc                __floatdidf
                0x000022cc                __aeabi_l2d
 .text          0x00002328      0x424 c:/program files (x86)/cypress/psoc creator/4.2/psoc creator/import/gnu/arm/5.4.1/bin/../lib/gcc/arm-none-eabi/5.4.1/armv7-m\libgcc.a(_arm_muldivdf3.o)
                0x00002328                __aeabi_dmul
                0x00002328                __muldf3
                0x0000257c                __divdf3
                0x0000257c                __aeabi_ddiv
 .text          0x0000274c       0x50 c:/program files (x86)/cypress/psoc creator/4.2/psoc creator/import/gnu/arm/5.4.1/bin/../lib/gcc/arm-none-eabi/5.4.1/armv7-m\libgcc.a(_arm_fixdfsi.o)
                0x0000274c                __aeabi_d2iz
                0x0000274c                __fixdfsi
 .text.__errno  0x0000279c        0xc c:/program files (x86)/cypress/psoc creator/4.2/psoc creator/import/gnu/arm/5.4.1/bin/../lib/gcc/arm-none-eabi/5.4.1/../../../../arm-none-eabi/lib/armv7-m\libg_nano.a(lib_a-errno.o)
                0x0000279c                __errno
 .text.__libc_init_array
                0x000027a8       0x4c c:/program files (x86)/cypress/psoc creator/4.2/psoc creator/import/gnu/arm/5.4.1/bin/../lib/gcc/arm-none-eabi/5.4.1/../../../../arm-none-eabi/lib/armv7-m\libg_nano.a(lib_a-init.o)
                0x000027a8                __libc_init_array
 .text.memcpy   0x000027f4       0x16 c:/program files (x86)/cypress/psoc creator/4.2/psoc creator/import/gnu/arm/5.4.1/bin/../lib/gcc/arm-none-eabi/5.4.1/../../../../arm-none-eabi/lib/armv7-m\libg_nano.a(lib_a-memcpy-stub.o)
                0x000027f4                memcpy
 .text.memset   0x0000280a       0x10 c:/program files (x86)/cypress/psoc creator/4.2/psoc creator/import/gnu/arm/5.4.1/bin/../lib/gcc/arm-none-eabi/5.4.1/../../../../arm-none-eabi/lib/armv7-m\libg_nano.a(lib_a-memset.o)
                0x0000280a                memset
 *fill*         0x0000281a        0x2 
 .text.sprintf  0x0000281c       0x48 c:/program files (x86)/cypress/psoc creator/4.2/psoc creator/import/gnu/arm/5.4.1/bin/../lib/gcc/arm-none-eabi/5.4.1/../../../../arm-none-eabi/lib/armv7-m\libg_nano.a(lib_a-sprintf.o)
                0x0000281c                siprintf
                0x0000281c                sprintf
 .text          0x00002864       0x10 c:/program files (x86)/cypress/psoc creator/4.2/psoc creator/import/gnu/arm/5.4.1/bin/../lib/gcc/arm-none-eabi/5.4.1/../../../../arm-none-eabi/lib/armv7-m\libg_nano.a(lib_a-strlen.o)
                0x00002864                strlen
 .text.__ssputs_r
                0x00002874       0xb2 c:/program files (x86)/cypress/psoc creator/4.2/psoc creator/import/gnu/arm/5.4.1/bin/../lib/gcc/arm-none-eabi/5.4.1/../../../../arm-none-eabi/lib/armv7-m\libg_nano.a(lib_a-nano-svfprintf.o)
                0x00002874                __ssputs_r
 *fill*         0x00002926        0x2 
 .text._svfprintf_r
                0x00002928      0x1e8 c:/program files (x86)/cypress/psoc creator/4.2/psoc creator/import/gnu/arm/5.4.1/bin/../lib/gcc/arm-none-eabi/5.4.1/../../../../arm-none-eabi/lib/armv7-m\libg_nano.a(lib_a-nano-svfprintf.o)
                0x00002928                _svfiprintf_r
                0x00002928                _svfprintf_r
 .text._printf_common
                0x00002b10       0xec c:/program files (x86)/cypress/psoc creator/4.2/psoc creator/import/gnu/arm/5.4.1/bin/../lib/gcc/arm-none-eabi/5.4.1/../../../../arm-none-eabi/lib/armv7-m\libg_nano.a(lib_a-nano-vfprintf_i.o)
                0x00002b10                _printf_common
 .text._printf_i
                0x00002bfc      0x24c c:/program files (x86)/cypress/psoc creator/4.2/psoc creator/import/gnu/arm/5.4.1/bin/../lib/gcc/arm-none-eabi/5.4.1/../../../../arm-none-eabi/lib/armv7-m\libg_nano.a(lib_a-nano-vfprintf_i.o)
                0x00002bfc                _printf_i
 .text.memchr   0x00002e48       0x1c c:/program files (x86)/cypress/psoc creator/4.2/psoc creator/import/gnu/arm/5.4.1/bin/../lib/gcc/arm-none-eabi/5.4.1/../../../../arm-none-eabi/lib/armv7-m\libg_nano.a(lib_a-memchr-stub.o)
                0x00002e48                memchr
 .text.memmove  0x00002e64       0x36 c:/program files (x86)/cypress/psoc creator/4.2/psoc creator/import/gnu/arm/5.4.1/bin/../lib/gcc/arm-none-eabi/5.4.1/../../../../arm-none-eabi/lib/armv7-m\libg_nano.a(lib_a-memmove.o)
                0x00002e64                memmove
 *fill*         0x00002e9a        0x2 
 .text._free_r  0x00002e9c       0x98 c:/program files (x86)/cypress/psoc creator/4.2/psoc creator/import/gnu/arm/5.4.1/bin/../lib/gcc/arm-none-eabi/5.4.1/../../../../arm-none-eabi/lib/armv7-m\libg_nano.a(lib_a-nano-freer.o)
                0x00002e9c                _free_r
 .text._malloc_r
                0x00002f34       0xbc c:/program files (x86)/cypress/psoc creator/4.2/psoc creator/import/gnu/arm/5.4.1/bin/../lib/gcc/arm-none-eabi/5.4.1/../../../../arm-none-eabi/lib/armv7-m\libg_nano.a(lib_a-nano-mallocr.o)
                0x00002f34                _malloc_r
 .text._realloc_r
                0x00002ff0       0x4c c:/program files (x86)/cypress/psoc creator/4.2/psoc creator/import/gnu/arm/5.4.1/bin/../lib/gcc/arm-none-eabi/5.4.1/../../../../arm-none-eabi/lib/armv7-m\libg_nano.a(lib_a-nano-reallocr.o)
                0x00002ff0                _realloc_r
 .text._sbrk_r  0x0000303c       0x20 c:/program files (x86)/cypress/psoc creator/4.2/psoc creator/import/gnu/arm/5.4.1/bin/../lib/gcc/arm-none-eabi/5.4.1/../../../../arm-none-eabi/lib/armv7-m\libg_nano.a(lib_a-sbrkr.o)
                0x0000303c                _sbrk_r
 .text.__malloc_lock
                0x0000305c        0x2 c:/program files (x86)/cypress/psoc creator/4.2/psoc creator/import/gnu/arm/5.4.1/bin/../lib/gcc/arm-none-eabi/5.4.1/../../../../arm-none-eabi/lib/armv7-m\libg_nano.a(lib_a-mlock.o)
                0x0000305c                __malloc_lock
 .text.__malloc_unlock
                0x0000305e        0x2 c:/program files (x86)/cypress/psoc creator/4.2/psoc creator/import/gnu/arm/5.4.1/bin/../lib/gcc/arm-none-eabi/5.4.1/../../../../arm-none-eabi/lib/armv7-m\libg_nano.a(lib_a-mlock.o)
                0x0000305e                __malloc_unlock
 .text._malloc_usable_size_r
                0x00003060       0x14 c:/program files (x86)/cypress/psoc creator/4.2/psoc creator/import/gnu/arm/5.4.1/bin/../lib/gcc/arm-none-eabi/5.4.1/../../../../arm-none-eabi/lib/armv7-m\libg_nano.a(lib_a-nano-msizer.o)
                0x00003060                _malloc_usable_size_r
 *(.plt)
 *(.gnu.warning)
 *(.glue_7t)
 .glue_7t       0x00003074        0x0 linker stubs
 *(.glue_7)
 .glue_7        0x00003074        0x0 linker stubs
 *(.vfp11_veneer)
 .vfp11_veneer  0x00003074        0x0 linker stubs
 *(.bootloader)
 *(.ARM.extab* .gnu.linkonce.armextab.*)
 *(.gcc_except_table)

.v4_bx          0x00003074        0x0
 .v4_bx         0x00003074        0x0 linker stubs

.iplt           0x00003074        0x0
 .iplt          0x00003074        0x0 c:/program files (x86)/cypress/psoc creator/4.2/psoc creator/import/gnu/arm/5.4.1/bin/../lib/gcc/arm-none-eabi/5.4.1/armv7-m/crtbegin.o

.eh_frame_hdr
 *(.eh_frame_hdr)

.eh_frame       0x00003074        0x4
 *(.eh_frame)
 .eh_frame      0x00003074        0x0 c:/program files (x86)/cypress/psoc creator/4.2/psoc creator/import/gnu/arm/5.4.1/bin/../lib/gcc/arm-none-eabi/5.4.1/armv7-m/crtbegin.o
 .eh_frame      0x00003074        0x4 c:/program files (x86)/cypress/psoc creator/4.2/psoc creator/import/gnu/arm/5.4.1/bin/../lib/gcc/arm-none-eabi/5.4.1/armv7-m/crtend.o
                [!provide]                PROVIDE (__exidx_start, .)

.ARM.exidx
 *(.ARM.exidx* .gnu.linkonce.armexidx.*)
                0x00003078                __exidx_end = .

.rodata         0x00003078      0x218
 *(.rodata .rodata.* .gnu.linkonce.r.*)
 .rodata.str1.4
                0x00003078        0xf .\CortexM3\ARM_GCC_541\Debug\main.o
 *fill*         0x00003087        0x1 
 .rodata        0x00003088       0x2a .\CortexM3\ARM_GCC_541\Debug\cyfitter_cfg.o
 *fill*         0x000030b2        0x2 
 .rodata.str1.4
                0x000030b4       0x14 .\CortexM3\ARM_GCC_541\Debug\Hardware2.a(USBUART_1_std.o)
                                 0x11 (size before relaxing)
 .rodata        0x000030c8      0x15e .\CortexM3\ARM_GCC_541\Debug\Hardware2.a(USBUART_1_descr.o)
                0x000030c8                USBUART_1_TABLE
                0x000030d0                USBUART_1_DEVICE0_TABLE
                0x000030e8                USBUART_1_DEVICE0_CONFIGURATION0_TABLE
                0x00003110                USBUART_1_DEVICE0_CONFIGURATION0_INTERFACE_CLASS
                0x00003114                USBUART_1_DEVICE0_CONFIGURATION0_EP_SETTINGS_TABLE
                0x0000312c                USBUART_1_SN_STRING_DESCRIPTOR
                0x00003130                USBUART_1_STRING_DESCRIPTORS
                0x000031d0                USBUART_1_DEVICE0_CONFIGURATION0_DESCR
                0x00003214                USBUART_1_DEVICE0_DESCR
 .rodata.str1.1
                0x00003226        0x2 c:/program files (x86)/cypress/psoc creator/4.2/psoc creator/import/gnu/arm/5.4.1/bin/../lib/gcc/arm-none-eabi/5.4.1/../../../../arm-none-eabi/lib/armv7-m\libg_nano.a(lib_a-impure.o)
 .rodata.str1.1
                0x00003228       0x11 c:/program files (x86)/cypress/psoc creator/4.2/psoc creator/import/gnu/arm/5.4.1/bin/../lib/gcc/arm-none-eabi/5.4.1/../../../../arm-none-eabi/lib/armv7-m\libg_nano.a(lib_a-nano-svfprintf.o)
 .rodata.str1.1
                0x00003239       0x22 c:/program files (x86)/cypress/psoc creator/4.2/psoc creator/import/gnu/arm/5.4.1/bin/../lib/gcc/arm-none-eabi/5.4.1/../../../../arm-none-eabi/lib/armv7-m\libg_nano.a(lib_a-nano-vfprintf_i.o)
                0x0000325c                . = ALIGN (0x4)
 *fill*         0x0000325b        0x1 
 *(.init)
 .init          0x0000325c        0x4 c:/program files (x86)/cypress/psoc creator/4.2/psoc creator/import/gnu/arm/5.4.1/bin/../lib/gcc/arm-none-eabi/5.4.1/armv7-m/crti.o
                0x0000325c                _init
 .init          0x00003260        0x8 c:/program files (x86)/cypress/psoc creator/4.2/psoc creator/import/gnu/arm/5.4.1/bin/../lib/gcc/arm-none-eabi/5.4.1/armv7-m/crtn.o
                0x00003268                . = ALIGN (0x4)
                0x00003268                __preinit_array_start = .
 *(.preinit_array)
                0x00003268                __preinit_array_end = .
                0x00003268                . = ALIGN (0x4)
                0x00003268                __init_array_start = .
 *(SORT(.init_array.*))
 *(.init_array)
 .init_array    0x00003268        0x4 c:/program files (x86)/cypress/psoc creator/4.2/psoc creator/import/gnu/arm/5.4.1/bin/../lib/gcc/arm-none-eabi/5.4.1/armv7-m/crtbegin.o
 .init_array    0x0000326c        0x4 .\CortexM3\ARM_GCC_541\Debug\Cm3Start.o
                0x00003270                __init_array_end = .
                0x00003270                . = ALIGN (0x4)
 *(.fini)
 .fini          0x00003270        0x4 c:/program files (x86)/cypress/psoc creator/4.2/psoc creator/import/gnu/arm/5.4.1/bin/../lib/gcc/arm-none-eabi/5.4.1/armv7-m/crti.o
                0x00003270                _fini
 .fini          0x00003274        0x8 c:/program files (x86)/cypress/psoc creator/4.2/psoc creator/import/gnu/arm/5.4.1/bin/../lib/gcc/arm-none-eabi/5.4.1/armv7-m/crtn.o
                0x0000327c                . = ALIGN (0x4)
                0x0000327c                __fini_array_start = .
 *(.fini_array)
 .fini_array    0x0000327c        0x4 c:/program files (x86)/cypress/psoc creator/4.2/psoc creator/import/gnu/arm/5.4.1/bin/../lib/gcc/arm-none-eabi/5.4.1/armv7-m/crtbegin.o
 *(SORT(.fini_array.*))
                0x00003280                __fini_array_end = .
                0x00003280                . = ALIGN (0x4)
 *crtbegin.o(.ctors)
 *(EXCLUDE_FILE(*crtend.o) .ctors)
 *(SORT(.ctors.*))
 *crtend.o(.ctors)
                0x00003280                . = ALIGN (0x4)
 *crtbegin.o(.dtors)
 *(EXCLUDE_FILE(*crtend.o) .dtors)
 *(SORT(.dtors.*))
 *crtend.o(.dtors)
                0x00003280                . = ALIGN (0x4)
                0x00003280                __cy_regions = .
                0x00003280        0x4 LONG 0x3290 __cy_region_init_ram
                0x00003284        0x4 LONG 0x1fff80c8 __cy_region_start_data
                0x00003288        0x4 LONG 0xa0 __cy_region_init_size_ram
                0x0000328c        0x4 LONG 0x130 __cy_region_zero_size_ram
                0x00003290                __cy_regions_end = .
                0x00003290                . = ALIGN (0x8)
                0x00003290                _etext = .

.cy_checksum_exclude
                0x00003290        0x0
 *(.cy_checksum_exclude)

.ramvectors     0x1fff8000       0xc0
                0x1fff8000                __cy_region_start_ram = .
 *(.ramvectors)
 .ramvectors    0x1fff8000       0xc0 .\CortexM3\ARM_GCC_541\Debug\Cm3Start.o
                0x1fff8000                CyRamVectors

.noinit         0x1fff80c0        0x1
 *(.noinit)
 .noinit        0x1fff80c0        0x1 .\CortexM3\ARM_GCC_541\Debug\Hardware2.a(CyLib.o)
                0x1fff80c0                CyResetStatus

.data           0x1fff80c8       0xa0 load address 0x00003290
                0x1fff80c8                __cy_region_start_data = .
 *(.jcr)
 .jcr           0x1fff80c8        0x0 c:/program files (x86)/cypress/psoc creator/4.2/psoc creator/import/gnu/arm/5.4.1/bin/../lib/gcc/arm-none-eabi/5.4.1/armv7-m/crtbegin.o
 .jcr           0x1fff80c8        0x4 c:/program files (x86)/cypress/psoc creator/4.2/psoc creator/import/gnu/arm/5.4.1/bin/../lib/gcc/arm-none-eabi/5.4.1/armv7-m/crtend.o
 *(.got.plt)
 *(.got)
 *(.shdata)
 *(.data .data.* .gnu.linkonce.d.*)
 .data          0x1fff80cc        0x4 .\CortexM3\ARM_GCC_541\Debug\main.o
                0x1fff80cc                distance
 .data          0x1fff80d0        0x4 .\CortexM3\ARM_GCC_541\Debug\Cm3Start.o
 .data          0x1fff80d4       0x10 .\CortexM3\ARM_GCC_541\Debug\Hardware2.a(CyLib.o)
                0x1fff80d4                cydelay_32k_ms
                0x1fff80d8                cydelay_freq_khz
                0x1fff80dc                cydelay_freq_mhz
                0x1fff80e0                cydelay_freq_hz
 .data          0x1fff80e4       0x1a .\CortexM3\ARM_GCC_541\Debug\Hardware2.a(USBUART_1_cdc.o)
                0x1fff80e4                USBUART_1_linesCoding
 *fill*         0x1fff80fe        0x2 
 .data.impure_data
                0x1fff8100       0x60 c:/program files (x86)/cypress/psoc creator/4.2/psoc creator/import/gnu/arm/5.4.1/bin/../lib/gcc/arm-none-eabi/5.4.1/../../../../arm-none-eabi/lib/armv7-m\libg_nano.a(lib_a-impure.o)
 .data._impure_ptr
                0x1fff8160        0x4 c:/program files (x86)/cypress/psoc creator/4.2/psoc creator/import/gnu/arm/5.4.1/bin/../lib/gcc/arm-none-eabi/5.4.1/../../../../arm-none-eabi/lib/armv7-m\libg_nano.a(lib_a-impure.o)
                0x1fff8160                _impure_ptr
                0x1fff8168                . = ALIGN (0x8)
 *fill*         0x1fff8164        0x4 
 *(.ram)
                0x1fff8168                _edata = .

.igot.plt       0x1fff8168        0x0 load address 0x00003330
 .igot.plt      0x1fff8168        0x0 c:/program files (x86)/cypress/psoc creator/4.2/psoc creator/import/gnu/arm/5.4.1/bin/../lib/gcc/arm-none-eabi/5.4.1/armv7-m/crtbegin.o

.bss            0x1fff8168      0x130 load address 0x00003330
                0x1fff8168                PROVIDE (__bss_start__, .)
 *(.shbss)
 *(.bss .bss.* .gnu.linkonce.b.*)
 .bss           0x1fff8168       0x1c c:/program files (x86)/cypress/psoc creator/4.2/psoc creator/import/gnu/arm/5.4.1/bin/../lib/gcc/arm-none-eabi/5.4.1/armv7-m/crtbegin.o
 *fill*         0x1fff8184        0x4 
 .bss           0x1fff8188       0x24 .\CortexM3\ARM_GCC_541\Debug\main.o
                0x1fff8188                currrentDistance
                0x1fff8190                flag
                0x1fff8194                count2
                0x1fff8196                count1
                0x1fff8198                result1
                0x1fff81a0                countsPerSec
                0x1fff81a8                speedresult
 .bss           0x1fff81ac        0x1 .\CortexM3\ARM_GCC_541\Debug\Hardware2.a(Timer_1.o)
                0x1fff81ac                Timer_1_initVar
 .bss           0x1fff81ad        0x1 .\CortexM3\ARM_GCC_541\Debug\Hardware2.a(USBUART_1.o)
                0x1fff81ad                USBUART_1_initVar
 .bss           0x1fff81ae        0x1 .\CortexM3\ARM_GCC_541\Debug\Hardware2.a(USBUART_1_cdc.o)
 *fill*         0x1fff81af        0x1 
 .bss           0x1fff81b0        0x2 .\CortexM3\ARM_GCC_541\Debug\Hardware2.a(USBUART_1_std.o)
 .bss           0x1fff81b2        0x1 .\CortexM3\ARM_GCC_541\Debug\Hardware2.a(QuadDec_1.o)
                0x1fff81b2                QuadDec_1_initVar
 .bss           0x1fff81b3        0x1 .\CortexM3\ARM_GCC_541\Debug\Hardware2.a(QuadDec_1_Cnt16.o)
                0x1fff81b3                QuadDec_1_Cnt16_initVar
 .bss           0x1fff81b4        0x1 .\CortexM3\ARM_GCC_541\Debug\Hardware2.a(PWM_rightmotor.o)
                0x1fff81b4                PWM_rightmotor_initVar
 .bss           0x1fff81b5        0x1 .\CortexM3\ARM_GCC_541\Debug\Hardware2.a(PWM_leftmotor.o)
                0x1fff81b5                PWM_leftmotor_initVar
 .bss           0x1fff81b6        0x1 .\CortexM3\ARM_GCC_541\Debug\Hardware2.a(QuadDec_2.o)
                0x1fff81b6                QuadDec_2_initVar
 .bss           0x1fff81b7        0x1 .\CortexM3\ARM_GCC_541\Debug\Hardware2.a(QuadDec_2_Cnt16.o)
                0x1fff81b7                QuadDec_2_Cnt16_initVar
 .bss.__malloc_sbrk_start
                0x1fff81b8        0x4 c:/program files (x86)/cypress/psoc creator/4.2/psoc creator/import/gnu/arm/5.4.1/bin/../lib/gcc/arm-none-eabi/5.4.1/../../../../arm-none-eabi/lib/armv7-m\libg_nano.a(lib_a-nano-mallocr.o)
                0x1fff81b8                __malloc_sbrk_start
 .bss.__malloc_free_list
                0x1fff81bc        0x4 c:/program files (x86)/cypress/psoc creator/4.2/psoc creator/import/gnu/arm/5.4.1/bin/../lib/gcc/arm-none-eabi/5.4.1/../../../../arm-none-eabi/lib/armv7-m\libg_nano.a(lib_a-nano-mallocr.o)
                0x1fff81bc                __malloc_free_list
 *(COMMON)
 COMMON         0x1fff81c0       0x18 .\CortexM3\ARM_GCC_541\Debug\Hardware2.a(USBUART_1_cdc.o)
                0x1fff81c0                USBUART_1_cdcDataInEp
                0x1fff81c4                USBUART_1_cdcDataOutEp
                0x1fff81c8                USBUART_1_cdcCommInInterruptEp
                0x1fff81cc                USBUART_1_serialStateBitmap
                0x1fff81d0                USBUART_1_linesChanged
                0x1fff81d4                USBUART_1_linesControlBitmap
 COMMON         0x1fff81d8       0x97 .\CortexM3\ARM_GCC_541\Debug\Hardware2.a(USBUART_1_drv.o)
                0x1fff81d8                USBUART_1_interfaceSettingLast
                0x1fff81da                USBUART_1_ep0Mode
                0x1fff81db                USBUART_1_lastPacketSize
                0x1fff81dc                USBUART_1_configurationChanged
                0x1fff81dd                USBUART_1_configuration
                0x1fff81de                USBUART_1_interfaceNumber
                0x1fff81df                USBUART_1_deviceStatus
                0x1fff81e0                USBUART_1_ep0Toggle
                0x1fff81e4                USBUART_1_interfaceClass
                0x1fff81e8                USBUART_1_interfaceSetting
                0x1fff81ec                USBUART_1_currentTD
                0x1fff81f8                USBUART_1_ep0Count
                0x1fff81fc                USBUART_1_EP
                0x1fff8268                USBUART_1_transferByteCount
                0x1fff826a                USBUART_1_transferState
                0x1fff826b                USBUART_1_device
                0x1fff826c                USBUART_1_interfaceStatus
                0x1fff826e                USBUART_1_deviceAddress
 *fill*         0x1fff826f        0x1 
 COMMON         0x1fff8270       0x22 .\CortexM3\ARM_GCC_541\Debug\Hardware2.a(USBUART_1_descr.o)
                0x1fff8270                USBUART_1_idSerialNumberStringDescriptor
 *fill*         0x1fff8292        0x2 
 COMMON         0x1fff8294        0x4 c:/program files (x86)/cypress/psoc creator/4.2/psoc creator/import/gnu/arm/5.4.1/bin/../lib/gcc/arm-none-eabi/5.4.1/../../../../arm-none-eabi/lib/armv7-m\libg_nano.a(lib_a-reent.o)
                0x1fff8294                errno
                0x1fff8298                . = ALIGN (0x8)
 *(.ram.b)
                0x1fff8298                _end = .
                0x1fff8298                __end = .
                0x1fff8298                PROVIDE (end, .)
                0x1fff8298                PROVIDE (__bss_end__, .)
                0x00003290                __cy_region_init_ram = LOADADDR (.data)
                0x000000a0                __cy_region_init_size_ram = (_edata - ADDR (.data))
                0x00000130                __cy_region_zero_size_ram = (_end - _edata)

.heap           0x1fff8298       0x80 load address 0x00003330
                0x1fff8298                . = _end
                0x1fff8318                . = (. + 0x80)
 *fill*         0x1fff8298       0x80 
                0x1fff8318                __cy_heap_limit = .

.stack          0x20007800      0x800
                0x20007800                __cy_stack_limit = .
                0x20008000                . = (. + 0x800)
 *fill*         0x20007800      0x800 
                0x00000001                ASSERT ((__cy_stack_limit >= __cy_heap_limit), region RAM overflowed with stack)
                0x00000000                cy_checksum_exclude_size = (CY_APPL_LOADABLE == 0x1)?SIZEOF (.cy_checksum_exclude):0x0
                0x00000001                ASSERT ((cy_checksum_exclude_size <= CY_CHECKSUM_EXCLUDE_SIZE), CY_BOOT: Section .cy_checksum_exclude size exceedes specified limit.)

.cyloadermeta
 *(.cyloadermeta)

.cyloadablemeta
 *(.cyloadablemeta)

.cyconfigecc    0x80000000      0xb28
 *(.cyconfigecc)
 .cyconfigecc   0x80000000      0xb28 .\CortexM3\ARM_GCC_541\Debug\cymetadata.o
                0x80000000                cy_meta_configecc

.cycustnvl      0x90000000        0x4
 *(.cycustnvl)
 .cycustnvl     0x90000000        0x4 .\CortexM3\ARM_GCC_541\Debug\cymetadata.o
                0x90000000                cy_meta_custnvl

.cywolatch      0x90100000        0x4
 *(.cywolatch)
 .cywolatch     0x90100000        0x4 .\CortexM3\ARM_GCC_541\Debug\cymetadata.o
                0x90100000                cy_meta_wonvl

.cyeeprom       0x90200000        0x0
 *(.cyeeprom)
                0x00000001                ASSERT ((. <= ((0x90200000 + ee_offset) + ee_size)), .cyeeprom data will not fit in EEPROM)

.cyflashprotect
                0x90400000      0x100
 *(.cyflashprotect)
 .cyflashprotect
                0x90400000      0x100 .\CortexM3\ARM_GCC_541\Debug\cymetadata.o
                0x90400000                cy_meta_flashprotect

.cymeta         0x90500000        0xc
 *(.cymeta)
 .cymeta        0x90500000        0xc .\CortexM3\ARM_GCC_541\Debug\cymetadata.o
                0x90500000                cy_metadata

.rel.dyn        0x00003330        0x0 load address 0x9050000c
 .rel.iplt      0x00003330        0x0 c:/program files (x86)/cypress/psoc creator/4.2/psoc creator/import/gnu/arm/5.4.1/bin/../lib/gcc/arm-none-eabi/5.4.1/armv7-m/crtbegin.o

.stab
 *(.stab)

.stabstr
 *(.stabstr)

.debug
 *(.debug)

.line
 *(.line)

.debug_srcinfo
 *(.debug_srcinfo)

.debug_sfnames
 *(.debug_sfnames)

.debug_aranges  0x00000000      0xda8
 *(.debug_aranges)
 .debug_aranges
                0x00000000       0x40 .\CortexM3\ARM_GCC_541\Debug\main.o
 .debug_aranges
                0x00000040       0x58 .\CortexM3\ARM_GCC_541\Debug\cyfitter_cfg.o
 .debug_aranges
                0x00000098       0x18 .\CortexM3\ARM_GCC_541\Debug\cymetadata.o
 .debug_aranges
                0x000000b0       0x48 .\CortexM3\ARM_GCC_541\Debug\Cm3Start.o
 .debug_aranges
                0x000000f8      0x2a0 .\CortexM3\ARM_GCC_541\Debug\Hardware2.a(CyLib.o)
 .debug_aranges
                0x00000398       0x98 .\CortexM3\ARM_GCC_541\Debug\Hardware2.a(cyPm.o)
 .debug_aranges
                0x00000430       0x88 .\CortexM3\ARM_GCC_541\Debug\Hardware2.a(Timer_1.o)
 .debug_aranges
                0x000004b8       0xc8 .\CortexM3\ARM_GCC_541\Debug\Hardware2.a(USBUART_1.o)
 .debug_aranges
                0x00000580       0xe8 .\CortexM3\ARM_GCC_541\Debug\Hardware2.a(USBUART_1_cdc.o)
 .debug_aranges
                0x00000668       0x98 .\CortexM3\ARM_GCC_541\Debug\Hardware2.a(USBUART_1_drv.o)
 .debug_aranges
                0x00000700       0x40 .\CortexM3\ARM_GCC_541\Debug\Hardware2.a(USBUART_1_episr.o)
 .debug_aranges
                0x00000740       0x40 .\CortexM3\ARM_GCC_541\Debug\Hardware2.a(USBUART_1_pm.o)
 .debug_aranges
                0x00000780       0x80 .\CortexM3\ARM_GCC_541\Debug\Hardware2.a(USBUART_1_std.o)
 .debug_aranges
                0x00000800       0x20 .\CortexM3\ARM_GCC_541\Debug\Hardware2.a(USBUART_1_vnd.o)
 .debug_aranges
                0x00000820       0x48 .\CortexM3\ARM_GCC_541\Debug\Hardware2.a(USBUART_1_Dp.o)
 .debug_aranges
                0x00000868       0x80 .\CortexM3\ARM_GCC_541\Debug\Hardware2.a(isr_TC.o)
 .debug_aranges
                0x000008e8       0x60 .\CortexM3\ARM_GCC_541\Debug\Hardware2.a(QuadDec_1.o)
 .debug_aranges
                0x00000948       0x98 .\CortexM3\ARM_GCC_541\Debug\Hardware2.a(QuadDec_1_Cnt16.o)
 .debug_aranges
                0x000009e0       0xb8 .\CortexM3\ARM_GCC_541\Debug\Hardware2.a(PWM_rightmotor.o)
 .debug_aranges
                0x00000a98       0xb8 .\CortexM3\ARM_GCC_541\Debug\Hardware2.a(PWM_leftmotor.o)
 .debug_aranges
                0x00000b50       0x60 .\CortexM3\ARM_GCC_541\Debug\Hardware2.a(QuadDec_2.o)
 .debug_aranges
                0x00000bb0       0x98 .\CortexM3\ARM_GCC_541\Debug\Hardware2.a(QuadDec_2_Cnt16.o)
 .debug_aranges
                0x00000c48       0x20 .\CortexM3\ARM_GCC_541\Debug\Hardware2.a(CyBootAsmGnu.o)
 .debug_aranges
                0x00000c68       0x88 .\CortexM3\ARM_GCC_541\Debug\Hardware2.a(CyFlash.o)
 .debug_aranges
                0x00000cf0       0x80 .\CortexM3\ARM_GCC_541\Debug\Hardware2.a(CySpc.o)
 .debug_aranges
                0x00000d70       0x20 .\CortexM3\ARM_GCC_541\Debug\Hardware2.a(USBUART_1_cls.o)
 .debug_aranges
                0x00000d90       0x18 .\CortexM3\ARM_GCC_541\Debug\Hardware2.a(USBUART_1_descr.o)

.debug_pubnames
 *(.debug_pubnames)

.debug_info     0x00000000     0x8455
 *(.debug_info .gnu.linkonce.wi.*)
 .debug_info    0x00000000      0x4aa .\CortexM3\ARM_GCC_541\Debug\main.o
 .debug_info    0x000004aa      0x524 .\CortexM3\ARM_GCC_541\Debug\cyfitter_cfg.o
 .debug_info    0x000009ce      0x139 .\CortexM3\ARM_GCC_541\Debug\cymetadata.o
 .debug_info    0x00000b07      0x3bb .\CortexM3\ARM_GCC_541\Debug\Cm3Start.o
 .debug_info    0x00000ec2     0x1374 .\CortexM3\ARM_GCC_541\Debug\Hardware2.a(CyLib.o)
 .debug_info    0x00002236      0xa2a .\CortexM3\ARM_GCC_541\Debug\Hardware2.a(cyPm.o)
 .debug_info    0x00002c60      0x295 .\CortexM3\ARM_GCC_541\Debug\Hardware2.a(Timer_1.o)
 .debug_info    0x00002ef5      0x995 .\CortexM3\ARM_GCC_541\Debug\Hardware2.a(USBUART_1.o)
 .debug_info    0x0000388a      0xaf7 .\CortexM3\ARM_GCC_541\Debug\Hardware2.a(USBUART_1_cdc.o)
 .debug_info    0x00004381      0x655 .\CortexM3\ARM_GCC_541\Debug\Hardware2.a(USBUART_1_drv.o)
 .debug_info    0x000049d6      0x254 .\CortexM3\ARM_GCC_541\Debug\Hardware2.a(USBUART_1_episr.o)
 .debug_info    0x00004c2a      0x2e4 .\CortexM3\ARM_GCC_541\Debug\Hardware2.a(USBUART_1_pm.o)
 .debug_info    0x00004f0e      0xb26 .\CortexM3\ARM_GCC_541\Debug\Hardware2.a(USBUART_1_std.o)
 .debug_info    0x00005a34       0xed .\CortexM3\ARM_GCC_541\Debug\Hardware2.a(USBUART_1_vnd.o)
 .debug_info    0x00005b21      0x174 .\CortexM3\ARM_GCC_541\Debug\Hardware2.a(USBUART_1_Dp.o)
 .debug_info    0x00005c95      0x2d2 .\CortexM3\ARM_GCC_541\Debug\Hardware2.a(isr_TC.o)
 .debug_info    0x00005f67      0x2d4 .\CortexM3\ARM_GCC_541\Debug\Hardware2.a(QuadDec_1.o)
 .debug_info    0x0000623b      0x348 .\CortexM3\ARM_GCC_541\Debug\Hardware2.a(QuadDec_1_Cnt16.o)
 .debug_info    0x00006583      0x3f1 .\CortexM3\ARM_GCC_541\Debug\Hardware2.a(PWM_rightmotor.o)
 .debug_info    0x00006974      0x3f1 .\CortexM3\ARM_GCC_541\Debug\Hardware2.a(PWM_leftmotor.o)
 .debug_info    0x00006d65      0x2d4 .\CortexM3\ARM_GCC_541\Debug\Hardware2.a(QuadDec_2.o)
 .debug_info    0x00007039      0x348 .\CortexM3\ARM_GCC_541\Debug\Hardware2.a(QuadDec_2_Cnt16.o)
 .debug_info    0x00007381       0xb6 .\CortexM3\ARM_GCC_541\Debug\Hardware2.a(CyBootAsmGnu.o)
 .debug_info    0x00007437      0x64d .\CortexM3\ARM_GCC_541\Debug\Hardware2.a(CyFlash.o)
 .debug_info    0x00007a84      0x550 .\CortexM3\ARM_GCC_541\Debug\Hardware2.a(CySpc.o)
 .debug_info    0x00007fd4      0x1de .\CortexM3\ARM_GCC_541\Debug\Hardware2.a(USBUART_1_cls.o)
 .debug_info    0x000081b2      0x2a3 .\CortexM3\ARM_GCC_541\Debug\Hardware2.a(USBUART_1_descr.o)

.debug_abbrev   0x00000000     0x2412
 *(.debug_abbrev)
 .debug_abbrev  0x00000000      0x198 .\CortexM3\ARM_GCC_541\Debug\main.o
 .debug_abbrev  0x00000198      0x1fe .\CortexM3\ARM_GCC_541\Debug\cyfitter_cfg.o
 .debug_abbrev  0x00000396       0x77 .\CortexM3\ARM_GCC_541\Debug\cymetadata.o
 .debug_abbrev  0x0000040d      0x1e8 .\CortexM3\ARM_GCC_541\Debug\Cm3Start.o
 .debug_abbrev  0x000005f5      0x254 .\CortexM3\ARM_GCC_541\Debug\Hardware2.a(CyLib.o)
 .debug_abbrev  0x00000849      0x1ab .\CortexM3\ARM_GCC_541\Debug\Hardware2.a(cyPm.o)
 .debug_abbrev  0x000009f4      0x11a .\CortexM3\ARM_GCC_541\Debug\Hardware2.a(Timer_1.o)
 .debug_abbrev  0x00000b0e      0x215 .\CortexM3\ARM_GCC_541\Debug\Hardware2.a(USBUART_1.o)
 .debug_abbrev  0x00000d23      0x245 .\CortexM3\ARM_GCC_541\Debug\Hardware2.a(USBUART_1_cdc.o)
 .debug_abbrev  0x00000f68      0x189 .\CortexM3\ARM_GCC_541\Debug\Hardware2.a(USBUART_1_drv.o)
 .debug_abbrev  0x000010f1      0x11b .\CortexM3\ARM_GCC_541\Debug\Hardware2.a(USBUART_1_episr.o)
 .debug_abbrev  0x0000120c      0x108 .\CortexM3\ARM_GCC_541\Debug\Hardware2.a(USBUART_1_pm.o)
 .debug_abbrev  0x00001314      0x20a .\CortexM3\ARM_GCC_541\Debug\Hardware2.a(USBUART_1_std.o)
 .debug_abbrev  0x0000151e       0x9b .\CortexM3\ARM_GCC_541\Debug\Hardware2.a(USBUART_1_vnd.o)
 .debug_abbrev  0x000015b9       0x90 .\CortexM3\ARM_GCC_541\Debug\Hardware2.a(USBUART_1_Dp.o)
 .debug_abbrev  0x00001649      0x173 .\CortexM3\ARM_GCC_541\Debug\Hardware2.a(isr_TC.o)
 .debug_abbrev  0x000017bc      0x151 .\CortexM3\ARM_GCC_541\Debug\Hardware2.a(QuadDec_1.o)
 .debug_abbrev  0x0000190d      0x117 .\CortexM3\ARM_GCC_541\Debug\Hardware2.a(QuadDec_1_Cnt16.o)
 .debug_abbrev  0x00001a24      0x151 .\CortexM3\ARM_GCC_541\Debug\Hardware2.a(PWM_rightmotor.o)
 .debug_abbrev  0x00001b75      0x151 .\CortexM3\ARM_GCC_541\Debug\Hardware2.a(PWM_leftmotor.o)
 .debug_abbrev  0x00001cc6      0x151 .\CortexM3\ARM_GCC_541\Debug\Hardware2.a(QuadDec_2.o)
 .debug_abbrev  0x00001e17      0x117 .\CortexM3\ARM_GCC_541\Debug\Hardware2.a(QuadDec_2_Cnt16.o)
 .debug_abbrev  0x00001f2e       0x14 .\CortexM3\ARM_GCC_541\Debug\Hardware2.a(CyBootAsmGnu.o)
 .debug_abbrev  0x00001f42      0x1a7 .\CortexM3\ARM_GCC_541\Debug\Hardware2.a(CyFlash.o)
 .debug_abbrev  0x000020e9      0x194 .\CortexM3\ARM_GCC_541\Debug\Hardware2.a(CySpc.o)
 .debug_abbrev  0x0000227d       0xe1 .\CortexM3\ARM_GCC_541\Debug\Hardware2.a(USBUART_1_cls.o)
 .debug_abbrev  0x0000235e       0xb4 .\CortexM3\ARM_GCC_541\Debug\Hardware2.a(USBUART_1_descr.o)

.debug_line     0x00000000     0x3433
 *(.debug_line)
 .debug_line    0x00000000      0x2d0 .\CortexM3\ARM_GCC_541\Debug\main.o
 .debug_line    0x000002d0      0x1df .\CortexM3\ARM_GCC_541\Debug\cyfitter_cfg.o
 .debug_line    0x000004af      0x141 .\CortexM3\ARM_GCC_541\Debug\cymetadata.o
 .debug_line    0x000005f0      0x234 .\CortexM3\ARM_GCC_541\Debug\Cm3Start.o
 .debug_line    0x00000824      0x816 .\CortexM3\ARM_GCC_541\Debug\Hardware2.a(CyLib.o)
 .debug_line    0x0000103a      0x367 .\CortexM3\ARM_GCC_541\Debug\Hardware2.a(cyPm.o)
 .debug_line    0x000013a1      0x155 .\CortexM3\ARM_GCC_541\Debug\Hardware2.a(Timer_1.o)
 .debug_line    0x000014f6      0x2e4 .\CortexM3\ARM_GCC_541\Debug\Hardware2.a(USBUART_1.o)
 .debug_line    0x000017da      0x2f8 .\CortexM3\ARM_GCC_541\Debug\Hardware2.a(USBUART_1_cdc.o)
 .debug_line    0x00001ad2      0x227 .\CortexM3\ARM_GCC_541\Debug\Hardware2.a(USBUART_1_drv.o)
 .debug_line    0x00001cf9       0xec .\CortexM3\ARM_GCC_541\Debug\Hardware2.a(USBUART_1_episr.o)
 .debug_line    0x00001de5      0x116 .\CortexM3\ARM_GCC_541\Debug\Hardware2.a(USBUART_1_pm.o)
 .debug_line    0x00001efb      0x3e8 .\CortexM3\ARM_GCC_541\Debug\Hardware2.a(USBUART_1_std.o)
 .debug_line    0x000022e3       0x77 .\CortexM3\ARM_GCC_541\Debug\Hardware2.a(USBUART_1_vnd.o)
 .debug_line    0x0000235a       0xbd .\CortexM3\ARM_GCC_541\Debug\Hardware2.a(USBUART_1_Dp.o)
 .debug_line    0x00002417      0x133 .\CortexM3\ARM_GCC_541\Debug\Hardware2.a(isr_TC.o)
 .debug_line    0x0000254a      0x11e .\CortexM3\ARM_GCC_541\Debug\Hardware2.a(QuadDec_1.o)
 .debug_line    0x00002668      0x18f .\CortexM3\ARM_GCC_541\Debug\Hardware2.a(QuadDec_1_Cnt16.o)
 .debug_line    0x000027f7      0x1d8 .\CortexM3\ARM_GCC_541\Debug\Hardware2.a(PWM_rightmotor.o)
 .debug_line    0x000029cf      0x1d7 .\CortexM3\ARM_GCC_541\Debug\Hardware2.a(PWM_leftmotor.o)
 .debug_line    0x00002ba6      0x11e .\CortexM3\ARM_GCC_541\Debug\Hardware2.a(QuadDec_2.o)
 .debug_line    0x00002cc4      0x18f .\CortexM3\ARM_GCC_541\Debug\Hardware2.a(QuadDec_2_Cnt16.o)
 .debug_line    0x00002e53       0x66 .\CortexM3\ARM_GCC_541\Debug\Hardware2.a(CyBootAsmGnu.o)
 .debug_line    0x00002eb9      0x21a .\CortexM3\ARM_GCC_541\Debug\Hardware2.a(CyFlash.o)
 .debug_line    0x000030d3      0x260 .\CortexM3\ARM_GCC_541\Debug\Hardware2.a(CySpc.o)
 .debug_line    0x00003333       0x9b .\CortexM3\ARM_GCC_541\Debug\Hardware2.a(USBUART_1_cls.o)
 .debug_line    0x000033ce       0x65 .\CortexM3\ARM_GCC_541\Debug\Hardware2.a(USBUART_1_descr.o)

.debug_frame    0x00000000     0x24a4
 *(.debug_frame)
 .debug_frame   0x00000000       0x9c .\CortexM3\ARM_GCC_541\Debug\main.o
 .debug_frame   0x0000009c       0xe4 .\CortexM3\ARM_GCC_541\Debug\cyfitter_cfg.o
 .debug_frame   0x00000180       0xb8 .\CortexM3\ARM_GCC_541\Debug\Cm3Start.o
 .debug_frame   0x00000238      0x738 .\CortexM3\ARM_GCC_541\Debug\Hardware2.a(CyLib.o)
 .debug_frame   0x00000970      0x1f8 .\CortexM3\ARM_GCC_541\Debug\Hardware2.a(cyPm.o)
 .debug_frame   0x00000b68      0x108 .\CortexM3\ARM_GCC_541\Debug\Hardware2.a(Timer_1.o)
 .debug_frame   0x00000c70      0x1dc .\CortexM3\ARM_GCC_541\Debug\Hardware2.a(USBUART_1.o)
 .debug_frame   0x00000e4c      0x27c .\CortexM3\ARM_GCC_541\Debug\Hardware2.a(USBUART_1_cdc.o)
 .debug_frame   0x000010c8      0x194 .\CortexM3\ARM_GCC_541\Debug\Hardware2.a(USBUART_1_drv.o)
 .debug_frame   0x0000125c       0x6c .\CortexM3\ARM_GCC_541\Debug\Hardware2.a(USBUART_1_episr.o)
 .debug_frame   0x000012c8       0xa0 .\CortexM3\ARM_GCC_541\Debug\Hardware2.a(USBUART_1_pm.o)
 .debug_frame   0x00001368      0x17c .\CortexM3\ARM_GCC_541\Debug\Hardware2.a(USBUART_1_std.o)
 .debug_frame   0x000014e4       0x20 .\CortexM3\ARM_GCC_541\Debug\Hardware2.a(USBUART_1_vnd.o)
 .debug_frame   0x00001504       0x70 .\CortexM3\ARM_GCC_541\Debug\Hardware2.a(USBUART_1_Dp.o)
 .debug_frame   0x00001574      0x104 .\CortexM3\ARM_GCC_541\Debug\Hardware2.a(isr_TC.o)
 .debug_frame   0x00001678       0xdc .\CortexM3\ARM_GCC_541\Debug\Hardware2.a(QuadDec_1.o)
 .debug_frame   0x00001754      0x134 .\CortexM3\ARM_GCC_541\Debug\Hardware2.a(QuadDec_1_Cnt16.o)
 .debug_frame   0x00001888      0x174 .\CortexM3\ARM_GCC_541\Debug\Hardware2.a(PWM_rightmotor.o)
 .debug_frame   0x000019fc      0x174 .\CortexM3\ARM_GCC_541\Debug\Hardware2.a(PWM_leftmotor.o)
 .debug_frame   0x00001b70       0xdc .\CortexM3\ARM_GCC_541\Debug\Hardware2.a(QuadDec_2.o)
 .debug_frame   0x00001c4c      0x134 .\CortexM3\ARM_GCC_541\Debug\Hardware2.a(QuadDec_2_Cnt16.o)
 .debug_frame   0x00001d80      0x194 .\CortexM3\ARM_GCC_541\Debug\Hardware2.a(CyFlash.o)
 .debug_frame   0x00001f14      0x180 .\CortexM3\ARM_GCC_541\Debug\Hardware2.a(CySpc.o)
 .debug_frame   0x00002094       0x2c .\CortexM3\ARM_GCC_541\Debug\Hardware2.a(USBUART_1_cls.o)
 .debug_frame   0x000020c0       0x20 c:/program files (x86)/cypress/psoc creator/4.2/psoc creator/import/gnu/arm/5.4.1/bin/../lib/gcc/arm-none-eabi/5.4.1/../../../../arm-none-eabi/lib/armv7-m\libg_nano.a(lib_a-errno.o)
 .debug_frame   0x000020e0       0x28 c:/program files (x86)/cypress/psoc creator/4.2/psoc creator/import/gnu/arm/5.4.1/bin/../lib/gcc/arm-none-eabi/5.4.1/../../../../arm-none-eabi/lib/armv7-m\libg_nano.a(lib_a-exit.o)
 .debug_frame   0x00002108       0x2c c:/program files (x86)/cypress/psoc creator/4.2/psoc creator/import/gnu/arm/5.4.1/bin/../lib/gcc/arm-none-eabi/5.4.1/../../../../arm-none-eabi/lib/armv7-m\libg_nano.a(lib_a-init.o)
 .debug_frame   0x00002134       0x28 c:/program files (x86)/cypress/psoc creator/4.2/psoc creator/import/gnu/arm/5.4.1/bin/../lib/gcc/arm-none-eabi/5.4.1/../../../../arm-none-eabi/lib/armv7-m\libg_nano.a(lib_a-memcpy-stub.o)
 .debug_frame   0x0000215c       0x20 c:/program files (x86)/cypress/psoc creator/4.2/psoc creator/import/gnu/arm/5.4.1/bin/../lib/gcc/arm-none-eabi/5.4.1/../../../../arm-none-eabi/lib/armv7-m\libg_nano.a(lib_a-memset.o)
 .debug_frame   0x0000217c       0x70 c:/program files (x86)/cypress/psoc creator/4.2/psoc creator/import/gnu/arm/5.4.1/bin/../lib/gcc/arm-none-eabi/5.4.1/../../../../arm-none-eabi/lib/armv7-m\libg_nano.a(lib_a-sprintf.o)
 .debug_frame   0x000021ec       0x90 c:/program files (x86)/cypress/psoc creator/4.2/psoc creator/import/gnu/arm/5.4.1/bin/../lib/gcc/arm-none-eabi/5.4.1/../../../../arm-none-eabi/lib/armv7-m\libg_nano.a(lib_a-nano-svfprintf.o)
 .debug_frame   0x0000227c       0x60 c:/program files (x86)/cypress/psoc creator/4.2/psoc creator/import/gnu/arm/5.4.1/bin/../lib/gcc/arm-none-eabi/5.4.1/../../../../arm-none-eabi/lib/armv7-m\libg_nano.a(lib_a-nano-vfprintf_i.o)
 .debug_frame   0x000022dc       0x28 c:/program files (x86)/cypress/psoc creator/4.2/psoc creator/import/gnu/arm/5.4.1/bin/../lib/gcc/arm-none-eabi/5.4.1/../../../../arm-none-eabi/lib/armv7-m\libg_nano.a(lib_a-memchr-stub.o)
 .debug_frame   0x00002304       0x28 c:/program files (x86)/cypress/psoc creator/4.2/psoc creator/import/gnu/arm/5.4.1/bin/../lib/gcc/arm-none-eabi/5.4.1/../../../../arm-none-eabi/lib/armv7-m\libg_nano.a(lib_a-memmove.o)
 .debug_frame   0x0000232c       0x38 c:/program files (x86)/cypress/psoc creator/4.2/psoc creator/import/gnu/arm/5.4.1/bin/../lib/gcc/arm-none-eabi/5.4.1/../../../../arm-none-eabi/lib/armv7-m\libg_nano.a(lib_a-nano-freer.o)
 .debug_frame   0x00002364       0x2c c:/program files (x86)/cypress/psoc creator/4.2/psoc creator/import/gnu/arm/5.4.1/bin/../lib/gcc/arm-none-eabi/5.4.1/../../../../arm-none-eabi/lib/armv7-m\libg_nano.a(lib_a-nano-mallocr.o)
 .debug_frame   0x00002390       0x3c c:/program files (x86)/cypress/psoc creator/4.2/psoc creator/import/gnu/arm/5.4.1/bin/../lib/gcc/arm-none-eabi/5.4.1/../../../../arm-none-eabi/lib/armv7-m\libg_nano.a(lib_a-nano-reallocr.o)
 .debug_frame   0x000023cc       0x2c c:/program files (x86)/cypress/psoc creator/4.2/psoc creator/import/gnu/arm/5.4.1/bin/../lib/gcc/arm-none-eabi/5.4.1/../../../../arm-none-eabi/lib/armv7-m\libg_nano.a(lib_a-sbrkr.o)
 .debug_frame   0x000023f8       0x30 c:/program files (x86)/cypress/psoc creator/4.2/psoc creator/import/gnu/arm/5.4.1/bin/../lib/gcc/arm-none-eabi/5.4.1/../../../../arm-none-eabi/lib/armv7-m\libg_nano.a(lib_a-mlock.o)
 .debug_frame   0x00002428       0x20 c:/program files (x86)/cypress/psoc creator/4.2/psoc creator/import/gnu/arm/5.4.1/bin/../lib/gcc/arm-none-eabi/5.4.1/../../../../arm-none-eabi/lib/armv7-m\libg_nano.a(lib_a-nano-msizer.o)
 .debug_frame   0x00002448       0x5c c:/program files (x86)/cypress/psoc creator/4.2/psoc creator/import/gnu/arm/5.4.1/bin/../lib/gcc/arm-none-eabi/5.4.1/../../../../arm-none-eabi/lib/armv7-m\libg_nano.a(lib_a-reent.o)

.debug_str      0x00000000     0x3400
 *(.debug_str)
 .debug_str     0x00000000      0x36c .\CortexM3\ARM_GCC_541\Debug\main.o
                                0x3c1 (size before relaxing)
 .debug_str     0x0000036c      0x181 .\CortexM3\ARM_GCC_541\Debug\cyfitter_cfg.o
                                0x33b (size before relaxing)
 .debug_str     0x000004ed       0x7f .\CortexM3\ARM_GCC_541\Debug\cymetadata.o
                                0x20a (size before relaxing)
 .debug_str     0x0000056c      0x13e .\CortexM3\ARM_GCC_541\Debug\Cm3Start.o
                                0x330 (size before relaxing)
 .debug_str     0x000006aa      0x840 .\CortexM3\ARM_GCC_541\Debug\Hardware2.a(CyLib.o)
                                0xa6d (size before relaxing)
 .debug_str     0x00000eea      0x365 .\CortexM3\ARM_GCC_541\Debug\Hardware2.a(cyPm.o)
                                0x759 (size before relaxing)
 .debug_str     0x0000124f      0x159 .\CortexM3\ARM_GCC_541\Debug\Hardware2.a(Timer_1.o)
                                0x33b (size before relaxing)
 .debug_str     0x000013a8      0x482 .\CortexM3\ARM_GCC_541\Debug\Hardware2.a(USBUART_1.o)
                                0x6e0 (size before relaxing)
 .debug_str     0x0000182a      0x55f .\CortexM3\ARM_GCC_541\Debug\Hardware2.a(USBUART_1_cdc.o)
                                0x861 (size before relaxing)
 .debug_str     0x00001d89      0x2c1 .\CortexM3\ARM_GCC_541\Debug\Hardware2.a(USBUART_1_drv.o)
                                0x6c2 (size before relaxing)
 .debug_str     0x0000204a       0x8c .\CortexM3\ARM_GCC_541\Debug\Hardware2.a(USBUART_1_episr.o)
                                0x31b (size before relaxing)
 .debug_str     0x000020d6       0xe6 .\CortexM3\ARM_GCC_541\Debug\Hardware2.a(USBUART_1_pm.o)
                                0x32e (size before relaxing)
 .debug_str     0x000021bc      0x27b .\CortexM3\ARM_GCC_541\Debug\Hardware2.a(USBUART_1_std.o)
                                0x837 (size before relaxing)
 .debug_str     0x00002437       0x27 .\CortexM3\ARM_GCC_541\Debug\Hardware2.a(USBUART_1_vnd.o)
                                0x219 (size before relaxing)
 .debug_str     0x0000245e       0xb0 .\CortexM3\ARM_GCC_541\Debug\Hardware2.a(USBUART_1_Dp.o)
                                0x275 (size before relaxing)
 .debug_str     0x0000250e       0xe5 .\CortexM3\ARM_GCC_541\Debug\Hardware2.a(isr_TC.o)
                                0x2da (size before relaxing)
 .debug_str     0x000025f3      0x143 .\CortexM3\ARM_GCC_541\Debug\Hardware2.a(QuadDec_1.o)
                                0x361 (size before relaxing)
 .debug_str     0x00002736      0x1db .\CortexM3\ARM_GCC_541\Debug\Hardware2.a(QuadDec_1_Cnt16.o)
                                0x43c (size before relaxing)
 .debug_str     0x00002911      0x258 .\CortexM3\ARM_GCC_541\Debug\Hardware2.a(PWM_rightmotor.o)
                                0x4b9 (size before relaxing)
 .debug_str     0x00002b69      0x226 .\CortexM3\ARM_GCC_541\Debug\Hardware2.a(PWM_leftmotor.o)
                                0x4a2 (size before relaxing)
 .debug_str     0x00002d8f      0x112 .\CortexM3\ARM_GCC_541\Debug\Hardware2.a(QuadDec_2.o)
                                0x361 (size before relaxing)
 .debug_str     0x00002ea1      0x1bf .\CortexM3\ARM_GCC_541\Debug\Hardware2.a(QuadDec_2_Cnt16.o)
                                0x43c (size before relaxing)
 .debug_str     0x00003060      0x1bb .\CortexM3\ARM_GCC_541\Debug\Hardware2.a(CyFlash.o)
                                0x3e6 (size before relaxing)
 .debug_str     0x0000321b       0xac .\CortexM3\ARM_GCC_541\Debug\Hardware2.a(CySpc.o)
                                0x35e (size before relaxing)
 .debug_str     0x000032c7       0x27 .\CortexM3\ARM_GCC_541\Debug\Hardware2.a(USBUART_1_cls.o)
                                0x2e0 (size before relaxing)
 .debug_str     0x000032ee      0x112 .\CortexM3\ARM_GCC_541\Debug\Hardware2.a(USBUART_1_descr.o)
                                0x399 (size before relaxing)

.debug_loc      0x00000000     0x31e4
 *(.debug_loc)
 .debug_loc     0x00000000       0x3f .\CortexM3\ARM_GCC_541\Debug\main.o
 .debug_loc     0x0000003f      0x1d7 .\CortexM3\ARM_GCC_541\Debug\cyfitter_cfg.o
 .debug_loc     0x00000216      0x144 .\CortexM3\ARM_GCC_541\Debug\Cm3Start.o
 .debug_loc     0x0000035a      0xa11 .\CortexM3\ARM_GCC_541\Debug\Hardware2.a(CyLib.o)
 .debug_loc     0x00000d6b      0x1e4 .\CortexM3\ARM_GCC_541\Debug\Hardware2.a(cyPm.o)
 .debug_loc     0x00000f4f      0x3e1 .\CortexM3\ARM_GCC_541\Debug\Hardware2.a(USBUART_1.o)
 .debug_loc     0x00001330      0x557 .\CortexM3\ARM_GCC_541\Debug\Hardware2.a(USBUART_1_cdc.o)
 .debug_loc     0x00001887      0x171 .\CortexM3\ARM_GCC_541\Debug\Hardware2.a(USBUART_1_drv.o)
 .debug_loc     0x000019f8       0x26 .\CortexM3\ARM_GCC_541\Debug\Hardware2.a(USBUART_1_pm.o)
 .debug_loc     0x00001a1e      0x945 .\CortexM3\ARM_GCC_541\Debug\Hardware2.a(USBUART_1_std.o)
 .debug_loc     0x00002363       0x84 .\CortexM3\ARM_GCC_541\Debug\Hardware2.a(USBUART_1_Dp.o)
 .debug_loc     0x000023e7       0x56 .\CortexM3\ARM_GCC_541\Debug\Hardware2.a(isr_TC.o)
 .debug_loc     0x0000243d       0x78 .\CortexM3\ARM_GCC_541\Debug\Hardware2.a(QuadDec_1.o)
 .debug_loc     0x000024b5       0x3d .\CortexM3\ARM_GCC_541\Debug\Hardware2.a(QuadDec_1_Cnt16.o)
 .debug_loc     0x000024f2       0x8e .\CortexM3\ARM_GCC_541\Debug\Hardware2.a(PWM_rightmotor.o)
 .debug_loc     0x00002580       0x8e .\CortexM3\ARM_GCC_541\Debug\Hardware2.a(PWM_leftmotor.o)
 .debug_loc     0x0000260e       0x78 .\CortexM3\ARM_GCC_541\Debug\Hardware2.a(QuadDec_2.o)
 .debug_loc     0x00002686       0x3d .\CortexM3\ARM_GCC_541\Debug\Hardware2.a(QuadDec_2_Cnt16.o)
 .debug_loc     0x000026c3      0x3b2 .\CortexM3\ARM_GCC_541\Debug\Hardware2.a(CyFlash.o)
 .debug_loc     0x00002a75      0x705 .\CortexM3\ARM_GCC_541\Debug\Hardware2.a(CySpc.o)
 .debug_loc     0x0000317a       0x6a .\CortexM3\ARM_GCC_541\Debug\Hardware2.a(USBUART_1_cls.o)

.debug_macinfo
 *(.debug_macinfo)

.debug_ranges   0x00000000      0xbf0
 *(.debug_ranges)
 .debug_ranges  0x00000000       0x30 .\CortexM3\ARM_GCC_541\Debug\main.o
 .debug_ranges  0x00000030       0x48 .\CortexM3\ARM_GCC_541\Debug\cyfitter_cfg.o
 .debug_ranges  0x00000078       0x38 .\CortexM3\ARM_GCC_541\Debug\Cm3Start.o
 .debug_ranges  0x000000b0      0x290 .\CortexM3\ARM_GCC_541\Debug\Hardware2.a(CyLib.o)
 .debug_ranges  0x00000340       0x88 .\CortexM3\ARM_GCC_541\Debug\Hardware2.a(cyPm.o)
 .debug_ranges  0x000003c8       0x78 .\CortexM3\ARM_GCC_541\Debug\Hardware2.a(Timer_1.o)
 .debug_ranges  0x00000440       0xd0 .\CortexM3\ARM_GCC_541\Debug\Hardware2.a(USBUART_1.o)
 .debug_ranges  0x00000510       0xd8 .\CortexM3\ARM_GCC_541\Debug\Hardware2.a(USBUART_1_cdc.o)
 .debug_ranges  0x000005e8       0x88 .\CortexM3\ARM_GCC_541\Debug\Hardware2.a(USBUART_1_drv.o)
 .debug_ranges  0x00000670       0x30 .\CortexM3\ARM_GCC_541\Debug\Hardware2.a(USBUART_1_episr.o)
 .debug_ranges  0x000006a0       0x30 .\CortexM3\ARM_GCC_541\Debug\Hardware2.a(USBUART_1_pm.o)
 .debug_ranges  0x000006d0       0x70 .\CortexM3\ARM_GCC_541\Debug\Hardware2.a(USBUART_1_std.o)
 .debug_ranges  0x00000740       0x10 .\CortexM3\ARM_GCC_541\Debug\Hardware2.a(USBUART_1_vnd.o)
 .debug_ranges  0x00000750       0x38 .\CortexM3\ARM_GCC_541\Debug\Hardware2.a(USBUART_1_Dp.o)
 .debug_ranges  0x00000788       0x70 .\CortexM3\ARM_GCC_541\Debug\Hardware2.a(isr_TC.o)
 .debug_ranges  0x000007f8       0x50 .\CortexM3\ARM_GCC_541\Debug\Hardware2.a(QuadDec_1.o)
 .debug_ranges  0x00000848       0x88 .\CortexM3\ARM_GCC_541\Debug\Hardware2.a(QuadDec_1_Cnt16.o)
 .debug_ranges  0x000008d0       0xa8 .\CortexM3\ARM_GCC_541\Debug\Hardware2.a(PWM_rightmotor.o)
 .debug_ranges  0x00000978       0xa8 .\CortexM3\ARM_GCC_541\Debug\Hardware2.a(PWM_leftmotor.o)
 .debug_ranges  0x00000a20       0x50 .\CortexM3\ARM_GCC_541\Debug\Hardware2.a(QuadDec_2.o)
 .debug_ranges  0x00000a70       0x88 .\CortexM3\ARM_GCC_541\Debug\Hardware2.a(QuadDec_2_Cnt16.o)
 .debug_ranges  0x00000af8       0x78 .\CortexM3\ARM_GCC_541\Debug\Hardware2.a(CyFlash.o)
 .debug_ranges  0x00000b70       0x70 .\CortexM3\ARM_GCC_541\Debug\Hardware2.a(CySpc.o)
 .debug_ranges  0x00000be0       0x10 .\CortexM3\ARM_GCC_541\Debug\Hardware2.a(USBUART_1_cls.o)

.comment        0x00000000       0x6e
 .comment       0x00000000       0x6e .\CortexM3\ARM_GCC_541\Debug\main.o
                                 0x6f (size before relaxing)
 .comment       0x0000006e       0x6f .\CortexM3\ARM_GCC_541\Debug\cyfitter_cfg.o
 .comment       0x0000006e       0x6f .\CortexM3\ARM_GCC_541\Debug\cymetadata.o
 .comment       0x0000006e       0x6f .\CortexM3\ARM_GCC_541\Debug\Cm3Start.o
 .comment       0x0000006e       0x6f .\CortexM3\ARM_GCC_541\Debug\Hardware2.a(CyLib.o)
 .comment       0x0000006e       0x6f .\CortexM3\ARM_GCC_541\Debug\Hardware2.a(cyPm.o)
 .comment       0x0000006e       0x6f .\CortexM3\ARM_GCC_541\Debug\Hardware2.a(Timer_1.o)
 .comment       0x0000006e       0x6f .\CortexM3\ARM_GCC_541\Debug\Hardware2.a(USBUART_1.o)
 .comment       0x0000006e       0x6f .\CortexM3\ARM_GCC_541\Debug\Hardware2.a(USBUART_1_cdc.o)
 .comment       0x0000006e       0x6f .\CortexM3\ARM_GCC_541\Debug\Hardware2.a(USBUART_1_drv.o)
 .comment       0x0000006e       0x6f .\CortexM3\ARM_GCC_541\Debug\Hardware2.a(USBUART_1_episr.o)
 .comment       0x0000006e       0x6f .\CortexM3\ARM_GCC_541\Debug\Hardware2.a(USBUART_1_pm.o)
 .comment       0x0000006e       0x6f .\CortexM3\ARM_GCC_541\Debug\Hardware2.a(USBUART_1_std.o)
 .comment       0x0000006e       0x6f .\CortexM3\ARM_GCC_541\Debug\Hardware2.a(USBUART_1_vnd.o)
 .comment       0x0000006e       0x6f .\CortexM3\ARM_GCC_541\Debug\Hardware2.a(USBUART_1_Dp.o)
 .comment       0x0000006e       0x6f .\CortexM3\ARM_GCC_541\Debug\Hardware2.a(isr_TC.o)
 .comment       0x0000006e       0x6f .\CortexM3\ARM_GCC_541\Debug\Hardware2.a(QuadDec_1.o)
 .comment       0x0000006e       0x6f .\CortexM3\ARM_GCC_541\Debug\Hardware2.a(QuadDec_1_Cnt16.o)
 .comment       0x0000006e       0x6f .\CortexM3\ARM_GCC_541\Debug\Hardware2.a(PWM_rightmotor.o)
 .comment       0x0000006e       0x6f .\CortexM3\ARM_GCC_541\Debug\Hardware2.a(PWM_leftmotor.o)
 .comment       0x0000006e       0x6f .\CortexM3\ARM_GCC_541\Debug\Hardware2.a(QuadDec_2.o)
 .comment       0x0000006e       0x6f .\CortexM3\ARM_GCC_541\Debug\Hardware2.a(QuadDec_2_Cnt16.o)
 .comment       0x0000006e       0x6f .\CortexM3\ARM_GCC_541\Debug\Hardware2.a(CyFlash.o)
 .comment       0x0000006e       0x6f .\CortexM3\ARM_GCC_541\Debug\Hardware2.a(CySpc.o)
 .comment       0x0000006e       0x6f .\CortexM3\ARM_GCC_541\Debug\Hardware2.a(USBUART_1_cls.o)
 .comment       0x0000006e       0x6f .\CortexM3\ARM_GCC_541\Debug\Hardware2.a(USBUART_1_descr.o)

.debug_weaknames
 *(.debug_weaknames)

.debug_funcnames
 *(.debug_funcnames)

.debug_typenames
 *(.debug_typenames)

.debug_varnames
 *(.debug_varnames)

.note.gnu.arm.ident
 *(.note.gnu.arm.ident)

.ARM.attributes
                0x00000000       0x29
 *(.ARM.attributes)
 .ARM.attributes
                0x00000000       0x1d c:/program files (x86)/cypress/psoc creator/4.2/psoc creator/import/gnu/arm/5.4.1/bin/../lib/gcc/arm-none-eabi/5.4.1/armv7-m/crti.o
 .ARM.attributes
                0x0000001d       0x2d c:/program files (x86)/cypress/psoc creator/4.2/psoc creator/import/gnu/arm/5.4.1/bin/../lib/gcc/arm-none-eabi/5.4.1/armv7-m/crtbegin.o
 .ARM.attributes
                0x0000004a       0x1b c:/program files (x86)/cypress/psoc creator/4.2/psoc creator/import/gnu/arm/5.4.1/bin/../lib/gcc/arm-none-eabi/5.4.1/../../../../arm-none-eabi/lib/armv7-m/crt0.o
 .ARM.attributes
                0x00000065       0x33 .\CortexM3\ARM_GCC_541\Debug\main.o
 .ARM.attributes
                0x00000098       0x33 .\CortexM3\ARM_GCC_541\Debug\cyfitter_cfg.o
 .ARM.attributes
                0x000000cb       0x33 .\CortexM3\ARM_GCC_541\Debug\cymetadata.o
 .ARM.attributes
                0x000000fe       0x33 .\CortexM3\ARM_GCC_541\Debug\Cm3Start.o
 .ARM.attributes
                0x00000131       0x33 .\CortexM3\ARM_GCC_541\Debug\Hardware2.a(CyLib.o)
 .ARM.attributes
                0x00000164       0x33 .\CortexM3\ARM_GCC_541\Debug\Hardware2.a(cyPm.o)
 .ARM.attributes
                0x00000197       0x33 .\CortexM3\ARM_GCC_541\Debug\Hardware2.a(Timer_1.o)
 .ARM.attributes
                0x000001ca       0x33 .\CortexM3\ARM_GCC_541\Debug\Hardware2.a(USBUART_1.o)
 .ARM.attributes
                0x000001fd       0x33 .\CortexM3\ARM_GCC_541\Debug\Hardware2.a(USBUART_1_cdc.o)
 .ARM.attributes
                0x00000230       0x33 .\CortexM3\ARM_GCC_541\Debug\Hardware2.a(USBUART_1_drv.o)
 .ARM.attributes
                0x00000263       0x33 .\CortexM3\ARM_GCC_541\Debug\Hardware2.a(USBUART_1_episr.o)
 .ARM.attributes
                0x00000296       0x33 .\CortexM3\ARM_GCC_541\Debug\Hardware2.a(USBUART_1_pm.o)
 .ARM.attributes
                0x000002c9       0x33 .\CortexM3\ARM_GCC_541\Debug\Hardware2.a(USBUART_1_std.o)
 .ARM.attributes
                0x000002fc       0x33 .\CortexM3\ARM_GCC_541\Debug\Hardware2.a(USBUART_1_vnd.o)
 .ARM.attributes
                0x0000032f       0x33 .\CortexM3\ARM_GCC_541\Debug\Hardware2.a(USBUART_1_Dp.o)
 .ARM.attributes
                0x00000362       0x33 .\CortexM3\ARM_GCC_541\Debug\Hardware2.a(isr_TC.o)
 .ARM.attributes
                0x00000395       0x33 .\CortexM3\ARM_GCC_541\Debug\Hardware2.a(QuadDec_1.o)
 .ARM.attributes
                0x000003c8       0x33 .\CortexM3\ARM_GCC_541\Debug\Hardware2.a(QuadDec_1_Cnt16.o)
 .ARM.attributes
                0x000003fb       0x33 .\CortexM3\ARM_GCC_541\Debug\Hardware2.a(PWM_rightmotor.o)
 .ARM.attributes
                0x0000042e       0x33 .\CortexM3\ARM_GCC_541\Debug\Hardware2.a(PWM_leftmotor.o)
 .ARM.attributes
                0x00000461       0x33 .\CortexM3\ARM_GCC_541\Debug\Hardware2.a(QuadDec_2.o)
 .ARM.attributes
                0x00000494       0x33 .\CortexM3\ARM_GCC_541\Debug\Hardware2.a(QuadDec_2_Cnt16.o)
 .ARM.attributes
                0x000004c7       0x21 .\CortexM3\ARM_GCC_541\Debug\Hardware2.a(CyBootAsmGnu.o)
 .ARM.attributes
                0x000004e8       0x33 .\CortexM3\ARM_GCC_541\Debug\Hardware2.a(CyFlash.o)
 .ARM.attributes
                0x0000051b       0x33 .\CortexM3\ARM_GCC_541\Debug\Hardware2.a(CySpc.o)
 .ARM.attributes
                0x0000054e       0x33 .\CortexM3\ARM_GCC_541\Debug\Hardware2.a(USBUART_1_cls.o)
 .ARM.attributes
                0x00000581       0x33 .\CortexM3\ARM_GCC_541\Debug\Hardware2.a(USBUART_1_descr.o)
 .ARM.attributes
                0x000005b4       0x1d c:/program files (x86)/cypress/psoc creator/4.2/psoc creator/import/gnu/arm/5.4.1/bin/../lib/gcc/arm-none-eabi/5.4.1/armv7-m\libgcc.a(_arm_addsubdf3.o)
 .ARM.attributes
                0x000005d1       0x1d c:/program files (x86)/cypress/psoc creator/4.2/psoc creator/import/gnu/arm/5.4.1/bin/../lib/gcc/arm-none-eabi/5.4.1/armv7-m\libgcc.a(_arm_muldivdf3.o)
 .ARM.attributes
                0x000005ee       0x1d c:/program files (x86)/cypress/psoc creator/4.2/psoc creator/import/gnu/arm/5.4.1/bin/../lib/gcc/arm-none-eabi/5.4.1/armv7-m\libgcc.a(_arm_fixdfsi.o)
 .ARM.attributes
                0x0000060b       0x2d c:/program files (x86)/cypress/psoc creator/4.2/psoc creator/import/gnu/arm/5.4.1/bin/../lib/gcc/arm-none-eabi/5.4.1/../../../../arm-none-eabi/lib/armv7-m\libg_nano.a(lib_a-errno.o)
 .ARM.attributes
                0x00000638       0x2d c:/program files (x86)/cypress/psoc creator/4.2/psoc creator/import/gnu/arm/5.4.1/bin/../lib/gcc/arm-none-eabi/5.4.1/../../../../arm-none-eabi/lib/armv7-m\libg_nano.a(lib_a-exit.o)
 .ARM.attributes
                0x00000665       0x2d c:/program files (x86)/cypress/psoc creator/4.2/psoc creator/import/gnu/arm/5.4.1/bin/../lib/gcc/arm-none-eabi/5.4.1/../../../../arm-none-eabi/lib/armv7-m\libg_nano.a(lib_a-impure.o)
 .ARM.attributes
                0x00000692       0x2d c:/program files (x86)/cypress/psoc creator/4.2/psoc creator/import/gnu/arm/5.4.1/bin/../lib/gcc/arm-none-eabi/5.4.1/../../../../arm-none-eabi/lib/armv7-m\libg_nano.a(lib_a-init.o)
 .ARM.attributes
                0x000006bf       0x2d c:/program files (x86)/cypress/psoc creator/4.2/psoc creator/import/gnu/arm/5.4.1/bin/../lib/gcc/arm-none-eabi/5.4.1/../../../../arm-none-eabi/lib/armv7-m\libg_nano.a(lib_a-memcpy-stub.o)
 .ARM.attributes
                0x000006ec       0x2d c:/program files (x86)/cypress/psoc creator/4.2/psoc creator/import/gnu/arm/5.4.1/bin/../lib/gcc/arm-none-eabi/5.4.1/../../../../arm-none-eabi/lib/armv7-m\libg_nano.a(lib_a-memset.o)
 .ARM.attributes
                0x00000719       0x2d c:/program files (x86)/cypress/psoc creator/4.2/psoc creator/import/gnu/arm/5.4.1/bin/../lib/gcc/arm-none-eabi/5.4.1/../../../../arm-none-eabi/lib/armv7-m\libg_nano.a(lib_a-sprintf.o)
 .ARM.attributes
                0x00000746       0x17 c:/program files (x86)/cypress/psoc creator/4.2/psoc creator/import/gnu/arm/5.4.1/bin/../lib/gcc/arm-none-eabi/5.4.1/../../../../arm-none-eabi/lib/armv7-m\libg_nano.a(lib_a-strlen.o)
 .ARM.attributes
                0x0000075d       0x2d c:/program files (x86)/cypress/psoc creator/4.2/psoc creator/import/gnu/arm/5.4.1/bin/../lib/gcc/arm-none-eabi/5.4.1/../../../../arm-none-eabi/lib/armv7-m\libg_nano.a(lib_a-nano-svfprintf.o)
 .ARM.attributes
                0x0000078a       0x2d c:/program files (x86)/cypress/psoc creator/4.2/psoc creator/import/gnu/arm/5.4.1/bin/../lib/gcc/arm-none-eabi/5.4.1/../../../../arm-none-eabi/lib/armv7-m\libg_nano.a(lib_a-nano-vfprintf_i.o)
 .ARM.attributes
                0x000007b7       0x2d c:/program files (x86)/cypress/psoc creator/4.2/psoc creator/import/gnu/arm/5.4.1/bin/../lib/gcc/arm-none-eabi/5.4.1/../../../../arm-none-eabi/lib/armv7-m\libg_nano.a(lib_a-memchr-stub.o)
 .ARM.attributes
                0x000007e4       0x2d c:/program files (x86)/cypress/psoc creator/4.2/psoc creator/import/gnu/arm/5.4.1/bin/../lib/gcc/arm-none-eabi/5.4.1/../../../../arm-none-eabi/lib/armv7-m\libg_nano.a(lib_a-memmove.o)
 .ARM.attributes
                0x00000811       0x2d c:/program files (x86)/cypress/psoc creator/4.2/psoc creator/import/gnu/arm/5.4.1/bin/../lib/gcc/arm-none-eabi/5.4.1/../../../../arm-none-eabi/lib/armv7-m\libg_nano.a(lib_a-nano-freer.o)
 .ARM.attributes
                0x0000083e       0x2d c:/program files (x86)/cypress/psoc creator/4.2/psoc creator/import/gnu/arm/5.4.1/bin/../lib/gcc/arm-none-eabi/5.4.1/../../../../arm-none-eabi/lib/armv7-m\libg_nano.a(lib_a-nano-mallocr.o)
 .ARM.attributes
                0x0000086b       0x2d c:/program files (x86)/cypress/psoc creator/4.2/psoc creator/import/gnu/arm/5.4.1/bin/../lib/gcc/arm-none-eabi/5.4.1/../../../../arm-none-eabi/lib/armv7-m\libg_nano.a(lib_a-nano-reallocr.o)
 .ARM.attributes
                0x00000898       0x2d c:/program files (x86)/cypress/psoc creator/4.2/psoc creator/import/gnu/arm/5.4.1/bin/../lib/gcc/arm-none-eabi/5.4.1/../../../../arm-none-eabi/lib/armv7-m\libg_nano.a(lib_a-sbrkr.o)
 .ARM.attributes
                0x000008c5       0x2d c:/program files (x86)/cypress/psoc creator/4.2/psoc creator/import/gnu/arm/5.4.1/bin/../lib/gcc/arm-none-eabi/5.4.1/../../../../arm-none-eabi/lib/armv7-m\libg_nano.a(lib_a-mlock.o)
 .ARM.attributes
                0x000008f2       0x2d c:/program files (x86)/cypress/psoc creator/4.2/psoc creator/import/gnu/arm/5.4.1/bin/../lib/gcc/arm-none-eabi/5.4.1/../../../../arm-none-eabi/lib/armv7-m\libg_nano.a(lib_a-nano-msizer.o)
 .ARM.attributes
                0x0000091f       0x2d c:/program files (x86)/cypress/psoc creator/4.2/psoc creator/import/gnu/arm/5.4.1/bin/../lib/gcc/arm-none-eabi/5.4.1/../../../../arm-none-eabi/lib/armv7-m\libg_nano.a(lib_a-reent.o)
 .ARM.attributes
                0x0000094c       0x2d c:/program files (x86)/cypress/psoc creator/4.2/psoc creator/import/gnu/arm/5.4.1/bin/../lib/gcc/arm-none-eabi/5.4.1/armv7-m/crtend.o
 .ARM.attributes
                0x00000979       0x1d c:/program files (x86)/cypress/psoc creator/4.2/psoc creator/import/gnu/arm/5.4.1/bin/../lib/gcc/arm-none-eabi/5.4.1/armv7-m/crtn.o

/DISCARD/
 *(.note.GNU-stack)
OUTPUT(\\files.auckland.ac.nz\myhome\Documents\GitHub\project-project_group_15\WorkspacemotorBT2\Hardware2.cydsn\CortexM3\ARM_GCC_541\Debug\Hardware2.elf elf32-littlearm)
