Archive member included to satisfy reference by file (symbol)

.\CortexM3\ARM_GCC_541\Debug\Hardware2.a(CyDmac.o)
                              .\CortexM3\ARM_GCC_541\Debug\Cm3Start.o (CyDmacConfigure)
.\CortexM3\ARM_GCC_541\Debug\Hardware2.a(CyLib.o)
                              .\CortexM3\ARM_GCC_541\Debug\Cm3Start.o (CyHalt)
.\CortexM3\ARM_GCC_541\Debug\Hardware2.a(cyPm.o)
                              .\CortexM3\ARM_GCC_541\Debug\Hardware2.a(CyLib.o) (CyPmReadStatus)
.\CortexM3\ARM_GCC_541\Debug\Hardware2.a(USBUART_1.o)
                              .\CortexM3\ARM_GCC_541\Debug\main.o (USBUART_1_Start)
.\CortexM3\ARM_GCC_541\Debug\Hardware2.a(USBUART_1_cdc.o)
                              .\CortexM3\ARM_GCC_541\Debug\main.o (USBUART_1_PutData)
.\CortexM3\ARM_GCC_541\Debug\Hardware2.a(USBUART_1_drv.o)
                              .\CortexM3\ARM_GCC_541\Debug\Hardware2.a(USBUART_1.o) (USBUART_1_lastPacketSize)
.\CortexM3\ARM_GCC_541\Debug\Hardware2.a(USBUART_1_episr.o)
                              .\CortexM3\ARM_GCC_541\Debug\Hardware2.a(USBUART_1.o) (USBUART_1_EP_1_ISR)
.\CortexM3\ARM_GCC_541\Debug\Hardware2.a(USBUART_1_pm.o)
                              .\CortexM3\ARM_GCC_541\Debug\Hardware2.a(USBUART_1.o) (USBUART_1_DP_ISR)
.\CortexM3\ARM_GCC_541\Debug\Hardware2.a(USBUART_1_std.o)
                              .\CortexM3\ARM_GCC_541\Debug\Hardware2.a(USBUART_1_pm.o) (USBUART_1_ConfigReg)
.\CortexM3\ARM_GCC_541\Debug\Hardware2.a(USBUART_1_vnd.o)
                              .\CortexM3\ARM_GCC_541\Debug\Hardware2.a(USBUART_1_drv.o) (USBUART_1_HandleVendorRqst)
.\CortexM3\ARM_GCC_541\Debug\Hardware2.a(USBUART_1_Dp.o)
                              .\CortexM3\ARM_GCC_541\Debug\Hardware2.a(USBUART_1.o) (USBUART_1_Dp_ClearInterrupt)
.\CortexM3\ARM_GCC_541\Debug\Hardware2.a(PWM_rightmotor.o)
                              .\CortexM3\ARM_GCC_541\Debug\main.o (PWM_rightmotor_WriteCompare1)
.\CortexM3\ARM_GCC_541\Debug\Hardware2.a(PWM_leftmotor.o)
                              .\CortexM3\ARM_GCC_541\Debug\main.o (PWM_leftmotor_WriteCompare1)
.\CortexM3\ARM_GCC_541\Debug\Hardware2.a(Timer_2.o)
                              .\CortexM3\ARM_GCC_541\Debug\main.o (Timer_2_Start)
.\CortexM3\ARM_GCC_541\Debug\Hardware2.a(isr_EOC_3.o)
                              .\CortexM3\ARM_GCC_541\Debug\main.o (isr_EOC_3_StartEx)
.\CortexM3\ARM_GCC_541\Debug\Hardware2.a(ADC_SAR_Seq_1.o)
                              .\CortexM3\ARM_GCC_541\Debug\main.o (ADC_SAR_Seq_1_Start)
.\CortexM3\ARM_GCC_541\Debug\Hardware2.a(ADC_SAR_Seq_1_INT.o)
                              .\CortexM3\ARM_GCC_541\Debug\Hardware2.a(ADC_SAR_Seq_1.o) (ADC_SAR_Seq_1_ISR)
.\CortexM3\ARM_GCC_541\Debug\Hardware2.a(ADC_SAR_Seq_1_SAR.o)
                              .\CortexM3\ARM_GCC_541\Debug\Hardware2.a(ADC_SAR_Seq_1.o) (ADC_SAR_Seq_1_SAR_shift)
.\CortexM3\ARM_GCC_541\Debug\Hardware2.a(ADC_SAR_Seq_1_TempBuf_dma.o)
                              .\CortexM3\ARM_GCC_541\Debug\Hardware2.a(ADC_SAR_Seq_1.o) (ADC_SAR_Seq_1_TempBuf_DmaInitialize)
.\CortexM3\ARM_GCC_541\Debug\Hardware2.a(ADC_SAR_Seq_1_FinalBuf_dma.o)
                              .\CortexM3\ARM_GCC_541\Debug\Hardware2.a(ADC_SAR_Seq_1.o) (ADC_SAR_Seq_1_FinalBuf_DmaInitialize)
.\CortexM3\ARM_GCC_541\Debug\Hardware2.a(ADC_SAR_Seq_1_IRQ.o)
                              .\CortexM3\ARM_GCC_541\Debug\Hardware2.a(ADC_SAR_Seq_1.o) (ADC_SAR_Seq_1_IRQ_SetVector)
.\CortexM3\ARM_GCC_541\Debug\Hardware2.a(CyBootAsmGnu.o)
                              .\CortexM3\ARM_GCC_541\Debug\cyfitter_cfg.o (CyDelayCycles)
.\CortexM3\ARM_GCC_541\Debug\Hardware2.a(CyFlash.o)
                              .\CortexM3\ARM_GCC_541\Debug\Hardware2.a(cyPm.o) (CyFlash_SetWaitCycles)
.\CortexM3\ARM_GCC_541\Debug\Hardware2.a(CySpc.o)
                              .\CortexM3\ARM_GCC_541\Debug\Hardware2.a(CyFlash.o) (CySpcStart)
.\CortexM3\ARM_GCC_541\Debug\Hardware2.a(USBUART_1_cls.o)
                              .\CortexM3\ARM_GCC_541\Debug\Hardware2.a(USBUART_1_drv.o) (USBUART_1_DispatchClassRqst)
.\CortexM3\ARM_GCC_541\Debug\Hardware2.a(USBUART_1_descr.o)
                              .\CortexM3\ARM_GCC_541\Debug\Hardware2.a(USBUART_1_std.o) (USBUART_1_idSerialNumberStringDescriptor)
c:/program files (x86)/cypress/psoc creator/4.2/psoc creator/import/gnu/arm/5.4.1/bin/../lib/gcc/arm-none-eabi/5.4.1/armv7-m\libgcc.a(_arm_addsubsf3.o)
                              .\CortexM3\ARM_GCC_541\Debug\Hardware2.a(ADC_SAR_Seq_1_SAR.o) (__aeabi_i2f)
c:/program files (x86)/cypress/psoc creator/4.2/psoc creator/import/gnu/arm/5.4.1/bin/../lib/gcc/arm-none-eabi/5.4.1/armv7-m\libgcc.a(_arm_muldivsf3.o)
                              .\CortexM3\ARM_GCC_541\Debug\Hardware2.a(ADC_SAR_Seq_1_SAR.o) (__aeabi_fmul)
c:/program files (x86)/cypress/psoc creator/4.2/psoc creator/import/gnu/arm/5.4.1/bin/../lib/gcc/arm-none-eabi/5.4.1/armv7-m\libgcc.a(_aeabi_ldivmod.o)
[...]
Memory Configuration

Name             Origin             Length             Attributes
rom              0x00000000         0x00040000         xr
ram              0x1fff8000         0x00010000         xrw
*default*        0x00000000         0xffffffff

Linker script and memory map

LOAD c:/program files (x86)/cypress/psoc creator/4.2/psoc creator/import/gnu/arm/5.4.1/bin/../lib/gcc/arm-none-eabi/5.4.1/armv7-m/crti.o
LOAD c:/program files (x86)/cypress/psoc creator/4.2/psoc creator/import/gnu/arm/5.4.1/bin/../lib/gcc/arm-none-eabi/5.4.1/armv7-m/crtbegin.o
LOAD c:/program files (x86)/cypress/psoc creator/4.2/psoc creator/import/gnu/arm/5.4.1/bin/../lib/gcc/arm-none-eabi/5.4.1/../../../../arm-none-eabi/lib/armv7-m/crt0.o
START GROUP
LOAD .\CortexM3\ARM_GCC_541\Debug\main.o
LOAD .\CortexM3\ARM_GCC_541\Debug\cyfitter_cfg.o
LOAD .\CortexM3\ARM_GCC_541\Debug\cymetadata.o
LOAD .\CortexM3\ARM_GCC_541\Debug\Cm3Start.o
LOAD .\CortexM3\ARM_GCC_541\Debug\Hardware2.a
LOAD C:\Program Files (x86)\Cypress\PSoC Creator\4.2\PSoC Creator\psoc\content\cycomponentlibrary\CyComponentLibrary.cylib\CortexM3\ARM_GCC_541\Debug\CyComponentLibrary.a
END GROUP
START GROUP
LOAD c:/program files (x86)/cypress/psoc creator/4.2/psoc creator/import/gnu/arm/5.4.1/bin/../lib/gcc/arm-none-eabi/5.4.1/armv7-m\libgcc.a
LOAD c:/program files (x86)/cypress/psoc creator/4.2/psoc creator/import/gnu/arm/5.4.1/bin/../lib/gcc/arm-none-eabi/5.4.1/../../../../arm-none-eabi/lib/armv7-m\libg_nano.a
LOAD c:/program files (x86)/cypress/psoc creator/4.2/psoc creator/import/gnu/arm/5.4.1/bin/../lib/gcc/arm-none-eabi/5.4.1/../../../../arm-none-eabi/lib/armv7-m\libc_nano.a
END GROUP
START GROUP
LOAD c:/program files (x86)/cypress/psoc creator/4.2/psoc creator/import/gnu/arm/5.4.1/bin/../lib/gcc/arm-none-eabi/5.4.1/armv7-m\libgcc.a
LOAD c:/program files (x86)/cypress/psoc creator/4.2/psoc creator/import/gnu/arm/5.4.1/bin/../lib/gcc/arm-none-eabi/5.4.1/../../../../arm-none-eabi/lib/armv7-m\libc_nano.a
END GROUP
LOAD c:/program files (x86)/cypress/psoc creator/4.2/psoc creator/import/gnu/arm/5.4.1/bin/../lib/gcc/arm-none-eabi/5.4.1/armv7-m/crtend.o
LOAD c:/program files (x86)/cypress/psoc creator/4.2/psoc creator/import/gnu/arm/5.4.1/bin/../lib/gcc/arm-none-eabi/5.4.1/armv7-m/crtn.o
START GROUP
LOAD c:/program files (x86)/cypress/psoc creator/4.2/psoc creator/import/gnu/arm/5.4.1/bin/../lib/gcc/arm-none-eabi/5.4.1/armv7-m\libgcc.a
LOAD c:/program files (x86)/cypress/psoc creator/4.2/psoc creator/import/gnu/arm/5.4.1/bin/../lib/gcc/arm-none-eabi/5.4.1/../../../../arm-none-eabi/lib/armv7-m\libc.a
LOAD c:/program files (x86)/cypress/psoc creator/4.2/psoc creator/import/gnu/arm/5.4.1/bin/../lib/gcc/arm-none-eabi/5.4.1/../../../../arm-none-eabi/lib/armv7-m\libnosys.a
END GROUP
                0x00000000                CY_APPL_ORIGIN = 0x0
                0x00000100                CY_FLASH_ROW_SIZE = 0x100
                0x00000020                CY_ECC_ROW_SIZE = 0x20
                0x00000000                CY_EE_IN_BTLDR = 0x0
                0x00000000                CY_APPL_LOADABLE = 0x0
                0x00000800                CY_EE_SIZE = 0x800
                0x00000001                CY_APPL_NUM = 0x1
                0x00000001                CY_APPL_MAX = 0x1
                0x00000040                CY_METADATA_SIZE = 0x40
                0x00000000                CY_APPL_LOADABLE = 0x0
                0x00000000                CY_CHECKSUM_EXCLUDE_SIZE = ALIGN (0x0, CY_FLASH_ROW_SIZE)
                [!provide]                PROVIDE (__cy_heap_start, _end)
                0x00000001                PROVIDE (__cy_region_num, ((__cy_regions_end - __cy_regions) / 0x10))
                0x20008000                PROVIDE (__cy_stack, (ORIGIN (ram) + LENGTH (ram)))
                [!provide]                PROVIDE (__cy_heap_end, (__cy_stack - 0x800))

.cybootloader   0x00000000        0x0
 *(.cybootloader)
                0x00000000                appl1_start = CY_APPL_ORIGIN?CY_APPL_ORIGIN:ALIGN (CY_FLASH_ROW_SIZE)
                0x0001ff00                appl2_start = (appl1_start + ALIGN ((((LENGTH (rom) - appl1_start) - (0x2 * CY_FLASH_ROW_SIZE)) / 0x2), CY_FLASH_ROW_SIZE))
                0x00000000                appl_start = (CY_APPL_NUM == 0x1)?appl1_start:appl2_start
                0x00000000                ecc_offset = ((appl_start / CY_FLASH_ROW_SIZE) * CY_ECC_ROW_SIZE)
                0x00000000                ee_offset = (CY_APPL_LOADABLE && ! (CY_EE_IN_BTLDR))?((CY_EE_SIZE / CY_APPL_MAX) * (CY_APPL_NUM - 0x1)):0x0
                0x00000800                ee_size = (CY_APPL_LOADABLE && ! (CY_EE_IN_BTLDR))?(CY_EE_SIZE / CY_APPL_MAX):CY_EE_SIZE
                [!provide]                PROVIDE (CY_ECC_OFFSET, ecc_offset)

.text           0x00000000     0x2446
 CREATE_OBJECT_SYMBOLS
                0x00000000                PROVIDE (__cy_interrupt_vector, RomVectors)
 *(.romvectors)
 .romvectors    0x00000000       0x10 .\CortexM3\ARM_GCC_541\Debug\Cm3Start.o
                0x00000000                RomVectors
                0x00000001                ASSERT ((. != __cy_interrupt_vector), No interrupt vector)
                0x00000001                ASSERT (CY_APPL_ORIGIN?(SIZEOF (.cybootloader) <= CY_APPL_ORIGIN):0x1, Wrong image location)
                0x00000010                PROVIDE (__cy_reset, Reset)
 *(.text.Reset)
 .text.Reset    0x00000010       0x18 .\CortexM3\ARM_GCC_541\Debug\Cm3Start.o
                0x00000010                Reset
                0x00000001                ASSERT ((. != __cy_reset), No reset code)
 *(.dma_init)
                0x00000001                ASSERT ((((appl_start + .) <= 0x10000) || 0x1), DMA Init must be within the first 64k of flash)
 *(.text .text.* .gnu.linkonce.t.*)
 .text          0x00000028       0x5c c:/program files (x86)/cypress/psoc creator/4.2/psoc creator/import/gnu/arm/5.4.1/bin/../lib/gcc/arm-none-eabi/5.4.1/armv7-m/crtbegin.o
 .text.eoc1     0x00000084      0x118 .\CortexM3\ARM_GCC_541\Debug\main.o
                0x00000084                eoc1
 .text.findMaximum
                0x0000019c       0x1c .\CortexM3\ARM_GCC_541\Debug\main.o
                0x0000019c                findMaximum
 .text.DoLeftTurn
                0x000001b8       0x24 .\CortexM3\ARM_GCC_541\Debug\main.o
                0x000001b8                DoLeftTurn
 .text.DoRightTurn
                0x000001dc       0x24 .\CortexM3\ARM_GCC_541\Debug\main.o
                0x000001dc                DoRightTurn
 .text.GoStraight
                0x00000200       0x24 .\CortexM3\ARM_GCC_541\Debug\main.o
                0x00000200                GoStraight
 .text.Stop     0x00000224       0x1c .\CortexM3\ARM_GCC_541\Debug\main.o
                0x00000224                Stop
 .text.ArrangeToLeft
                0x00000240       0x44 .\CortexM3\ARM_GCC_541\Debug\main.o
                0x00000240                ArrangeToLeft
 .text.ArrangeToRight
                0x00000284       0x30 .\CortexM3\ARM_GCC_541\Debug\main.o
                0x00000284                ArrangeToRight
 .text.main     0x000002b4      0x1bc .\CortexM3\ARM_GCC_541\Debug\main.o
                0x000002b4                main
 .text.CyClockStartupError
                0x00000470        0x4 .\CortexM3\ARM_GCC_541\Debug\cyfitter_cfg.o
 .text.cfg_write_bytes32
                0x00000474       0x34 .\CortexM3\ARM_GCC_541\Debug\cyfitter_cfg.o
 .text.CYMEMZERO
                0x000004a8        0xc .\CortexM3\ARM_GCC_541\Debug\cyfitter_cfg.o
 .text.ClockSetup
                0x000004b4       0xdc .\CortexM3\ARM_GCC_541\Debug\cyfitter_cfg.o
 .text.AnalogSetDefault
                0x00000590       0x74 .\CortexM3\ARM_GCC_541\Debug\cyfitter_cfg.o
 .text.CYCONFIGCPY
                0x00000604        0x8 .\CortexM3\ARM_GCC_541\Debug\cyfitter_cfg.o
 .text.cyfitter_cfg
                0x0000060c      0x148 .\CortexM3\ARM_GCC_541\Debug\cyfitter_cfg.o
                0x0000060c                cyfitter_cfg
 .text.IntDefaultHandler
                0x00000754       0x10 .\CortexM3\ARM_GCC_541\Debug\Cm3Start.o
                0x00000754                IntDefaultHandler
 .text.Start_c  0x00000764       0x4c .\CortexM3\ARM_GCC_541\Debug\Cm3Start.o
                0x00000764                Start_c
 .text.initialize_psoc
                0x000007b0       0x6c .\CortexM3\ARM_GCC_541\Debug\Cm3Start.o
                0x000007b0                initialize_psoc
 .text.CyDmacConfigure
                0x0000081c       0x34 .\CortexM3\ARM_GCC_541\Debug\Hardware2.a(CyDmac.o)
                0x0000081c                CyDmacConfigure
 .text.CyDmaChEnable
                0x00000850       0x38 .\CortexM3\ARM_GCC_541\Debug\Hardware2.a(CyDmac.o)
                0x00000850                CyDmaChEnable
 .text.CyDmaClearPendingDrq
                0x00000888       0x28 .\CortexM3\ARM_GCC_541\Debug\Hardware2.a(CyDmac.o)
                0x00000888                CyDmaClearPendingDrq
 .text.CyDmaChPriority
                0x000008b0       0x24 .\CortexM3\ARM_GCC_541\Debug\Hardware2.a(CyDmac.o)
                0x000008b0                CyDmaChPriority
 .text.CyDmaChSetExtendedAddress
                0x000008d4       0x34 .\CortexM3\ARM_GCC_541\Debug\Hardware2.a(CyDmac.o)
                0x000008d4                CyDmaChSetExtendedAddress
 .text.CyDmaChSetInitialTd
                0x00000908       0x18 .\CortexM3\ARM_GCC_541\Debug\Hardware2.a(CyDmac.o)
                0x00000908                CyDmaChSetInitialTd
 .text.CyDmaChSetConfiguration
                0x00000920       0x44 .\CortexM3\ARM_GCC_541\Debug\Hardware2.a(CyDmac.o)
                0x00000920                CyDmaChSetConfiguration
 .text.CyDmaTdAllocate
                0x00000964       0x34 .\CortexM3\ARM_GCC_541\Debug\Hardware2.a(CyDmac.o)
                0x00000964                CyDmaTdAllocate
 .text.CyDmaTdSetConfiguration
                0x00000998       0x28 .\CortexM3\ARM_GCC_541\Debug\Hardware2.a(CyDmac.o)
                0x00000998                CyDmaTdSetConfiguration
 .text.CyDmaTdSetAddress
                0x000009c0       0x1c .\CortexM3\ARM_GCC_541\Debug\Hardware2.a(CyDmac.o)
                0x000009c0                CyDmaTdSetAddress
 .text.CyHalt   0x000009dc        0x4 .\CortexM3\ARM_GCC_541\Debug\Hardware2.a(CyLib.o)
                0x000009dc                CyHalt
 .text.CyDelayUs
                0x000009e0       0x14 .\CortexM3\ARM_GCC_541\Debug\Hardware2.a(CyLib.o)
                0x000009e0                CyDelayUs
 .text.CyIntSetVector
                0x000009f4       0x28 .\CortexM3\ARM_GCC_541\Debug\Hardware2.a(CyLib.o)
                0x000009f4                CyIntSetVector
 .text.CyIntSetPriority
                0x00000a1c       0x30 .\CortexM3\ARM_GCC_541\Debug\Hardware2.a(CyLib.o)
                0x00000a1c                CyIntSetPriority
 .text.CyGetUniqueId
                0x00000a4c       0x70 .\CortexM3\ARM_GCC_541\Debug\Hardware2.a(CyLib.o)
                0x00000a4c                CyGetUniqueId
 .text.USBUART_1_Init
                0x00000abc      0x140 .\CortexM3\ARM_GCC_541\Debug\Hardware2.a(USBUART_1.o)
                0x00000abc                USBUART_1_Init
 .text.USBUART_1_InitComponent
                0x00000bfc       0xb8 .\CortexM3\ARM_GCC_541\Debug\Hardware2.a(USBUART_1.o)
                0x00000bfc                USBUART_1_InitComponent
 .text.USBUART_1_Start
                0x00000cb4       0x24 .\CortexM3\ARM_GCC_541\Debug\Hardware2.a(USBUART_1.o)
                0x00000cb4                USBUART_1_Start
 .text.USBUART_1_ReInitComponent
                0x00000cd8       0x4c .\CortexM3\ARM_GCC_541\Debug\Hardware2.a(USBUART_1.o)
                0x00000cd8                USBUART_1_ReInitComponent
 .text.USBUART_1_GetInterfaceComPort
                0x00000d24       0x38 .\CortexM3\ARM_GCC_541\Debug\Hardware2.a(USBUART_1_cdc.o)
                0x00000d24                USBUART_1_GetInterfaceComPort
 .text.USBUART_1_DispatchCDCClassRqst
                0x00000d5c       0x98 .\CortexM3\ARM_GCC_541\Debug\Hardware2.a(USBUART_1_cdc.o)
                0x00000d5c                USBUART_1_DispatchCDCClassRqst
 .text.USBUART_1_Cdc_EpInit
                0x00000df4       0x50 .\CortexM3\ARM_GCC_541\Debug\Hardware2.a(USBUART_1_cdc.o)
                0x00000df4                USBUART_1_Cdc_EpInit
 .text.USBUART_1_LoadEP0
                0x00000e44       0x98 .\CortexM3\ARM_GCC_541\Debug\Hardware2.a(USBUART_1_drv.o)
                0x00000e44                USBUART_1_LoadEP0
 .text.USBUART_1_InitZeroLengthControlTransfer
                0x00000edc       0x34 .\CortexM3\ARM_GCC_541\Debug\Hardware2.a(USBUART_1_drv.o)
                0x00000edc                USBUART_1_InitZeroLengthControlTransfer
 .text.USBUART_1_ControlReadDataStage
                0x00000f10        0x8 .\CortexM3\ARM_GCC_541\Debug\Hardware2.a(USBUART_1_drv.o)
                0x00000f10                USBUART_1_ControlReadDataStage
 .text.USBUART_1_ControlWriteDataStage
                0x00000f18       0x84 .\CortexM3\ARM_GCC_541\Debug\Hardware2.a(USBUART_1_drv.o)
                0x00000f18                USBUART_1_ControlWriteDataStage
 .text.USBUART_1_InitNoDataControlTransfer
                0x00000f9c       0x2c .\CortexM3\ARM_GCC_541\Debug\Hardware2.a(USBUART_1_drv.o)
                0x00000f9c                USBUART_1_InitNoDataControlTransfer
 .text.USBUART_1_UpdateStatusBlock
                0x00000fc8       0x24 .\CortexM3\ARM_GCC_541\Debug\Hardware2.a(USBUART_1_drv.o)
                0x00000fc8                USBUART_1_UpdateStatusBlock
 .text.USBUART_1_HandleSetup
                0x00000fec       0x5c .\CortexM3\ARM_GCC_541\Debug\Hardware2.a(USBUART_1_drv.o)
                0x00000fec                USBUART_1_HandleSetup
 .text.USBUART_1_ControlReadStatusStage
                0x00001048       0x38 .\CortexM3\ARM_GCC_541\Debug\Hardware2.a(USBUART_1_drv.o)
                0x00001048                USBUART_1_ControlReadStatusStage
 .text.USBUART_1_HandleOUT
                0x00001080       0x38 .\CortexM3\ARM_GCC_541\Debug\Hardware2.a(USBUART_1_drv.o)
                0x00001080                USBUART_1_HandleOUT
 .text.USBUART_1_ControlWriteStatusStage
                0x000010b8       0x20 .\CortexM3\ARM_GCC_541\Debug\Hardware2.a(USBUART_1_drv.o)
                0x000010b8                USBUART_1_ControlWriteStatusStage
 .text.USBUART_1_NoDataControlStatusStage
                0x000010d8       0x40 .\CortexM3\ARM_GCC_541\Debug\Hardware2.a(USBUART_1_drv.o)
                0x000010d8                USBUART_1_NoDataControlStatusStage
 .text.USBUART_1_HandleIN
                0x00001118       0x2c .\CortexM3\ARM_GCC_541\Debug\Hardware2.a(USBUART_1_drv.o)
                0x00001118                USBUART_1_HandleIN
 .text.USBUART_1_EP_0_ISR
                0x00001144       0xb8 .\CortexM3\ARM_GCC_541\Debug\Hardware2.a(USBUART_1_drv.o)
                0x00001144                USBUART_1_EP_0_ISR
 .text.USBUART_1_InitializeStatusBlock
                0x000011fc       0x24 .\CortexM3\ARM_GCC_541\Debug\Hardware2.a(USBUART_1_drv.o)
                0x000011fc                USBUART_1_InitializeStatusBlock
 .text.USBUART_1_InitControlRead
                0x00001220       0x50 .\CortexM3\ARM_GCC_541\Debug\Hardware2.a(USBUART_1_drv.o)
                0x00001220                USBUART_1_InitControlRead
 .text.USBUART_1_InitControlWrite
                0x00001270       0x48 .\CortexM3\ARM_GCC_541\Debug\Hardware2.a(USBUART_1_drv.o)
                0x00001270                USBUART_1_InitControlWrite
 .text.USBUART_1_EP_1_ISR
                0x000012b8       0x30 .\CortexM3\ARM_GCC_541\Debug\Hardware2.a(USBUART_1_episr.o)
                0x000012b8                USBUART_1_EP_1_ISR
 .text.USBUART_1_EP_2_ISR
                0x000012e8       0x34 .\CortexM3\ARM_GCC_541\Debug\Hardware2.a(USBUART_1_episr.o)
                0x000012e8                USBUART_1_EP_2_ISR
 .text.USBUART_1_EP_3_ISR
                0x0000131c       0x3c .\CortexM3\ARM_GCC_541\Debug\Hardware2.a(USBUART_1_episr.o)
                0x0000131c                USBUART_1_EP_3_ISR
 .text.USBUART_1_SOF_ISR
                0x00001358        0x4 .\CortexM3\ARM_GCC_541\Debug\Hardware2.a(USBUART_1_episr.o)
                0x00001358                USBUART_1_SOF_ISR
 .text.USBUART_1_BUS_RESET_ISR
                0x0000135c        0x8 .\CortexM3\ARM_GCC_541\Debug\Hardware2.a(USBUART_1_episr.o)
                0x0000135c                USBUART_1_BUS_RESET_ISR
 .text.USBUART_1_DP_ISR
                0x00001364        0x8 .\CortexM3\ARM_GCC_541\Debug\Hardware2.a(USBUART_1_pm.o)
                0x00001364                USBUART_1_DP_ISR
 .text.USBUART_1_ReadDieID
                0x0000136c       0x6c .\CortexM3\ARM_GCC_541\Debug\Hardware2.a(USBUART_1_std.o)
                0x0000136c                USBUART_1_ReadDieID
 .text.USBUART_1_ConfigReg
                0x000013d8       0xa4 .\CortexM3\ARM_GCC_541\Debug\Hardware2.a(USBUART_1_std.o)
                0x000013d8                USBUART_1_ConfigReg
 .text.USBUART_1_GetConfigTablePtr
                0x0000147c       0x28 .\CortexM3\ARM_GCC_541\Debug\Hardware2.a(USBUART_1_std.o)
                0x0000147c                USBUART_1_GetConfigTablePtr
 .text.USBUART_1_ConfigAltChanged
                0x000014a4      0x11c .\CortexM3\ARM_GCC_541\Debug\Hardware2.a(USBUART_1_std.o)
                0x000014a4                USBUART_1_ConfigAltChanged
 .text.USBUART_1_GetDeviceTablePtr
                0x000015c0       0x18 .\CortexM3\ARM_GCC_541\Debug\Hardware2.a(USBUART_1_std.o)
                0x000015c0                USBUART_1_GetDeviceTablePtr
 .text.USBUART_1_GetInterfaceClassTablePtr
                0x000015d8       0x28 .\CortexM3\ARM_GCC_541\Debug\Hardware2.a(USBUART_1_std.o)
                0x000015d8                USBUART_1_GetInterfaceClassTablePtr
 .text.USBUART_1_Config
                0x00001600      0x1ec .\CortexM3\ARM_GCC_541\Debug\Hardware2.a(USBUART_1_std.o)
                0x00001600                USBUART_1_Config
 .text.USBUART_1_SetEndpointHalt
                0x000017ec       0x64 .\CortexM3\ARM_GCC_541\Debug\Hardware2.a(USBUART_1_std.o)
                0x000017ec                USBUART_1_SetEndpointHalt
 .text.USBUART_1_ClearEndpointHalt
                0x00001850       0xac .\CortexM3\ARM_GCC_541\Debug\Hardware2.a(USBUART_1_std.o)
                0x00001850                USBUART_1_ClearEndpointHalt
 .text.USBUART_1_ValidateAlternateSetting
                0x000018fc       0x4c .\CortexM3\ARM_GCC_541\Debug\Hardware2.a(USBUART_1_std.o)
                0x000018fc                USBUART_1_ValidateAlternateSetting
 .text.USBUART_1_HandleStandardRqst
                0x00001948      0x354 .\CortexM3\ARM_GCC_541\Debug\Hardware2.a(USBUART_1_std.o)
                0x00001948                USBUART_1_HandleStandardRqst
 .text.USBUART_1_HandleVendorRqst
                0x00001c9c       0x18 .\CortexM3\ARM_GCC_541\Debug\Hardware2.a(USBUART_1_vnd.o)
                0x00001c9c                USBUART_1_HandleVendorRqst
 .text.USBUART_1_Dp_ClearInterrupt
                0x00001cb4       0x10 .\CortexM3\ARM_GCC_541\Debug\Hardware2.a(USBUART_1_Dp.o)
                0x00001cb4                USBUART_1_Dp_ClearInterrupt
 .text.PWM_rightmotor_Enable
                0x00001cc4       0x10 .\CortexM3\ARM_GCC_541\Debug\Hardware2.a(PWM_rightmotor.o)
                0x00001cc4                PWM_rightmotor_Enable
 .text.PWM_rightmotor_WriteCounter
                0x00001cd4        0xc .\CortexM3\ARM_GCC_541\Debug\Hardware2.a(PWM_rightmotor.o)
                0x00001cd4                PWM_rightmotor_WriteCounter
 .text.PWM_rightmotor_WritePeriod
                0x00001ce0        0xc .\CortexM3\ARM_GCC_541\Debug\Hardware2.a(PWM_rightmotor.o)
                0x00001ce0                PWM_rightmotor_WritePeriod
 .text.PWM_rightmotor_WriteCompare1
                0x00001cec        0xc .\CortexM3\ARM_GCC_541\Debug\Hardware2.a(PWM_rightmotor.o)
                0x00001cec                PWM_rightmotor_WriteCompare1
 .text.PWM_rightmotor_WriteCompare2
                0x00001cf8        0xc .\CortexM3\ARM_GCC_541\Debug\Hardware2.a(PWM_rightmotor.o)
                0x00001cf8                PWM_rightmotor_WriteCompare2
 .text.PWM_rightmotor_SetInterruptMode
                0x00001d04        0xc .\CortexM3\ARM_GCC_541\Debug\Hardware2.a(PWM_rightmotor.o)
                0x00001d04                PWM_rightmotor_SetInterruptMode
 .text.PWM_rightmotor_ReadStatusRegister
                0x00001d10        0xc .\CortexM3\ARM_GCC_541\Debug\Hardware2.a(PWM_rightmotor.o)
                0x00001d10                PWM_rightmotor_ReadStatusRegister
 .text.PWM_rightmotor_ReadCapture
                0x00001d1c        0xc .\CortexM3\ARM_GCC_541\Debug\Hardware2.a(PWM_rightmotor.o)
                0x00001d1c                PWM_rightmotor_ReadCapture
 .text.PWM_rightmotor_ClearFIFO
                0x00001d28       0x14 .\CortexM3\ARM_GCC_541\Debug\Hardware2.a(PWM_rightmotor.o)
                0x00001d28                PWM_rightmotor_ClearFIFO
 .text.PWM_rightmotor_Init
                0x00001d3c       0x58 .\CortexM3\ARM_GCC_541\Debug\Hardware2.a(PWM_rightmotor.o)
                0x00001d3c                PWM_rightmotor_Init
 .text.PWM_rightmotor_Start
                0x00001d94       0x1c .\CortexM3\ARM_GCC_541\Debug\Hardware2.a(PWM_rightmotor.o)
                0x00001d94                PWM_rightmotor_Start
 .text.PWM_leftmotor_Enable
                0x00001db0       0x10 .\CortexM3\ARM_GCC_541\Debug\Hardware2.a(PWM_leftmotor.o)
                0x00001db0                PWM_leftmotor_Enable
 .text.PWM_leftmotor_WriteCounter
                0x00001dc0        0xc .\CortexM3\ARM_GCC_541\Debug\Hardware2.a(PWM_leftmotor.o)
                0x00001dc0                PWM_leftmotor_WriteCounter
 .text.PWM_leftmotor_WritePeriod
                0x00001dcc        0xc .\CortexM3\ARM_GCC_541\Debug\Hardware2.a(PWM_leftmotor.o)
                0x00001dcc                PWM_leftmotor_WritePeriod
 .text.PWM_leftmotor_WriteCompare1
                0x00001dd8        0xc .\CortexM3\ARM_GCC_541\Debug\Hardware2.a(PWM_leftmotor.o)
                0x00001dd8                PWM_leftmotor_WriteCompare1
 .text.PWM_leftmotor_WriteCompare2
                0x00001de4        0xc .\CortexM3\ARM_GCC_541\Debug\Hardware2.a(PWM_leftmotor.o)
                0x00001de4                PWM_leftmotor_WriteCompare2
 .text.PWM_leftmotor_SetInterruptMode
                0x00001df0        0xc .\CortexM3\ARM_GCC_541\Debug\Hardware2.a(PWM_leftmotor.o)
                0x00001df0                PWM_leftmotor_SetInterruptMode
 .text.PWM_leftmotor_ReadStatusRegister
                0x00001dfc        0xc .\CortexM3\ARM_GCC_541\Debug\Hardware2.a(PWM_leftmotor.o)
                0x00001dfc                PWM_leftmotor_ReadStatusRegister
 .text.PWM_leftmotor_ReadCapture
                0x00001e08        0xc .\CortexM3\ARM_GCC_541\Debug\Hardware2.a(PWM_leftmotor.o)
                0x00001e08                PWM_leftmotor_ReadCapture
 .text.PWM_leftmotor_ClearFIFO
                0x00001e14       0x14 .\CortexM3\ARM_GCC_541\Debug\Hardware2.a(PWM_leftmotor.o)
                0x00001e14                PWM_leftmotor_ClearFIFO
 .text.PWM_leftmotor_Init
                0x00001e28       0x58 .\CortexM3\ARM_GCC_541\Debug\Hardware2.a(PWM_leftmotor.o)
                0x00001e28                PWM_leftmotor_Init
 .text.PWM_leftmotor_Start
                0x00001e80       0x1c .\CortexM3\ARM_GCC_541\Debug\Hardware2.a(PWM_leftmotor.o)
                0x00001e80                PWM_leftmotor_Start
 .text.Timer_2_Enable
                0x00001e9c       0x28 .\CortexM3\ARM_GCC_541\Debug\Hardware2.a(Timer_2.o)
                0x00001e9c                Timer_2_Enable
 .text.Timer_2_SetInterruptMode
                0x00001ec4        0xc .\CortexM3\ARM_GCC_541\Debug\Hardware2.a(Timer_2.o)
                0x00001ec4                Timer_2_SetInterruptMode
 .text.Timer_2_WritePeriod
                0x00001ed0        0xc .\CortexM3\ARM_GCC_541\Debug\Hardware2.a(Timer_2.o)
                0x00001ed0                Timer_2_WritePeriod
 .text.Timer_2_WriteCounter
                0x00001edc        0xc .\CortexM3\ARM_GCC_541\Debug\Hardware2.a(Timer_2.o)
                0x00001edc                Timer_2_WriteCounter
 .text.Timer_2_Init
                0x00001ee8       0x64 .\CortexM3\ARM_GCC_541\Debug\Hardware2.a(Timer_2.o)
                0x00001ee8                Timer_2_Init
 .text.Timer_2_Start
                0x00001f4c       0x1c .\CortexM3\ARM_GCC_541\Debug\Hardware2.a(Timer_2.o)
                0x00001f4c                Timer_2_Start
 .text.isr_EOC_3_SetVector
                0x00001f68        0xc .\CortexM3\ARM_GCC_541\Debug\Hardware2.a(isr_EOC_3.o)
                0x00001f68                isr_EOC_3_SetVector
 .text.isr_EOC_3_SetPriority
                0x00001f74       0x10 .\CortexM3\ARM_GCC_541\Debug\Hardware2.a(isr_EOC_3.o)
                0x00001f74                isr_EOC_3_SetPriority
 .text.isr_EOC_3_Enable
                0x00001f84        0xc .\CortexM3\ARM_GCC_541\Debug\Hardware2.a(isr_EOC_3.o)
                0x00001f84                isr_EOC_3_Enable
 .text.isr_EOC_3_Disable
                0x00001f90        0xc .\CortexM3\ARM_GCC_541\Debug\Hardware2.a(isr_EOC_3.o)
                0x00001f90                isr_EOC_3_Disable
 .text.isr_EOC_3_StartEx
                0x00001f9c       0x1c .\CortexM3\ARM_GCC_541\Debug\Hardware2.a(isr_EOC_3.o)
                0x00001f9c                isr_EOC_3_StartEx
 .text.ADC_SAR_Seq_1_Init
                0x00001fb8       0x3c .\CortexM3\ARM_GCC_541\Debug\Hardware2.a(ADC_SAR_Seq_1.o)
                0x00001fb8                ADC_SAR_Seq_1_Init
 .text.ADC_SAR_Seq_1_Enable
                0x00001ff4       0xcc .\CortexM3\ARM_GCC_541\Debug\Hardware2.a(ADC_SAR_Seq_1.o)
                0x00001ff4                ADC_SAR_Seq_1_Enable
 .text.ADC_SAR_Seq_1_Start
                0x000020c0       0x28 .\CortexM3\ARM_GCC_541\Debug\Hardware2.a(ADC_SAR_Seq_1.o)
                0x000020c0                ADC_SAR_Seq_1_Start
 .text.ADC_SAR_Seq_1_GetResult16
                0x000020e8       0x1c .\CortexM3\ARM_GCC_541\Debug\Hardware2.a(ADC_SAR_Seq_1.o)
                0x000020e8                ADC_SAR_Seq_1_GetResult16
 .text.ADC_SAR_Seq_1_CountsTo_mVolts
                0x00002104        0x8 .\CortexM3\ARM_GCC_541\Debug\Hardware2.a(ADC_SAR_Seq_1.o)
                0x00002104                ADC_SAR_Seq_1_CountsTo_mVolts
 .text.ADC_SAR_Seq_1_ISR
                0x0000210c        0x4 .\CortexM3\ARM_GCC_541\Debug\Hardware2.a(ADC_SAR_Seq_1_INT.o)
                0x0000210c                ADC_SAR_Seq_1_ISR
 .text.ADC_SAR_Seq_1_SAR_CalcGain
                0x00002110       0x5c .\CortexM3\ARM_GCC_541\Debug\Hardware2.a(ADC_SAR_Seq_1_SAR.o)
 .text.ADC_SAR_Seq_1_SAR_Enable
                0x0000216c       0x78 .\CortexM3\ARM_GCC_541\Debug\Hardware2.a(ADC_SAR_Seq_1_SAR.o)
                0x0000216c                ADC_SAR_Seq_1_SAR_Enable
 .text.ADC_SAR_Seq_1_SAR_SetResolution
                0x000021e4       0x38 .\CortexM3\ARM_GCC_541\Debug\Hardware2.a(ADC_SAR_Seq_1_SAR.o)
                0x000021e4                ADC_SAR_Seq_1_SAR_SetResolution
 .text.ADC_SAR_Seq_1_SAR_Init
                0x0000221c       0x24 .\CortexM3\ARM_GCC_541\Debug\Hardware2.a(ADC_SAR_Seq_1_SAR.o)
                0x0000221c                ADC_SAR_Seq_1_SAR_Init
 .text.ADC_SAR_Seq_1_SAR_Start
                0x00002240       0x1c .\CortexM3\ARM_GCC_541\Debug\Hardware2.a(ADC_SAR_Seq_1_SAR.o)
                0x00002240                ADC_SAR_Seq_1_SAR_Start
 .text.ADC_SAR_Seq_1_SAR_CountsTo_mVolts
                0x0000225c       0x58 .\CortexM3\ARM_GCC_541\Debug\Hardware2.a(ADC_SAR_Seq_1_SAR.o)
                0x0000225c                ADC_SAR_Seq_1_SAR_CountsTo_mVolts
 .text.ADC_SAR_Seq_1_TempBuf_DmaInitialize
                0x000022b4       0x3c .\CortexM3\ARM_GCC_541\Debug\Hardware2.a(ADC_SAR_Seq_1_TempBuf_dma.o)
                0x000022b4                ADC_SAR_Seq_1_TempBuf_DmaInitialize
 .text.ADC_SAR_Seq_1_FinalBuf_DmaInitialize
                0x000022f0       0x3c .\CortexM3\ARM_GCC_541\Debug\Hardware2.a(ADC_SAR_Seq_1_FinalBuf_dma.o)
                0x000022f0                ADC_SAR_Seq_1_FinalBuf_DmaInitialize
 .text.ADC_SAR_Seq_1_IRQ_SetVector
                0x0000232c        0xc .\CortexM3\ARM_GCC_541\Debug\Hardware2.a(ADC_SAR_Seq_1_IRQ.o)
                0x0000232c                ADC_SAR_Seq_1_IRQ_SetVector
 .text.ADC_SAR_Seq_1_IRQ_SetPriority
                0x00002338       0x10 .\CortexM3\ARM_GCC_541\Debug\Hardware2.a(ADC_SAR_Seq_1_IRQ.o)
                0x00002338                ADC_SAR_Seq_1_IRQ_SetPriority
 .text          0x00002348       0x20 .\CortexM3\ARM_GCC_541\Debug\Hardware2.a(CyBootAsmGnu.o)
                0x00002348                CyDelayCycles
                0x00002358                CyEnterCriticalSection
                0x00002360                CyExitCriticalSection
 .text.USBUART_1_DispatchClassRqst
                0x00002368       0x60 .\CortexM3\ARM_GCC_541\Debug\Hardware2.a(USBUART_1_cls.o)
                0x00002368                USBUART_1_DispatchClassRqst
 .text.__errno  0x000023c8        0xc c:/program files (x86)/cypress/psoc creator/4.2/psoc creator/import/gnu/arm/5.4.1/bin/../lib/gcc/arm-none-eabi/5.4.1/../../../../arm-none-eabi/lib/armv7-m\libg_nano.a(lib_a-errno.o)
                0x000023c8                __errno
 .text.__libc_init_array
                0x000023d4       0x4c c:/program files (x86)/cypress/psoc creator/4.2/psoc creator/import/gnu/arm/5.4.1/bin/../lib/gcc/arm-none-eabi/5.4.1/../../../../arm-none-eabi/lib/armv7-m\libg_nano.a(lib_a-init.o)
                0x000023d4                __libc_init_array
 .text.memcpy   0x00002420       0x16 c:/program files (x86)/cypress/psoc creator/4.2/psoc creator/import/gnu/arm/5.4.1/bin/../lib/gcc/arm-none-eabi/5.4.1/../../../../arm-none-eabi/lib/armv7-m\libg_nano.a(lib_a-memcpy-stub.o)
                0x00002420                memcpy
 .text.memset   0x00002436       0x10 c:/program files (x86)/cypress/psoc creator/4.2/psoc creator/import/gnu/arm/5.4.1/bin/../lib/gcc/arm-none-eabi/5.4.1/../../../../arm-none-eabi/lib/armv7-m\libg_nano.a(lib_a-memset.o)
                0x00002436                memset
 *(.plt)
 *(.gnu.warning)
 *(.glue_7t)
 .glue_7t       0x00002446        0x0 linker stubs
 *(.glue_7)
 .glue_7        0x00002446        0x0 linker stubs
 *(.vfp11_veneer)
 .vfp11_veneer  0x00002446        0x0 linker stubs
 *(.bootloader)
 *(.ARM.extab* .gnu.linkonce.armextab.*)
 *(.gcc_except_table)

.v4_bx          0x00002448        0x0
 .v4_bx         0x00002448        0x0 linker stubs

.iplt           0x00002448        0x0
 .iplt          0x00002448        0x0 c:/program files (x86)/cypress/psoc creator/4.2/psoc creator/import/gnu/arm/5.4.1/bin/../lib/gcc/arm-none-eabi/5.4.1/armv7-m/crtbegin.o

.eh_frame_hdr
 *(.eh_frame_hdr)

.eh_frame       0x00002448        0x4
 *(.eh_frame)
 .eh_frame      0x00002448        0x0 c:/program files (x86)/cypress/psoc creator/4.2/psoc creator/import/gnu/arm/5.4.1/bin/../lib/gcc/arm-none-eabi/5.4.1/armv7-m/crtbegin.o
 .eh_frame      0x00002448        0x4 c:/program files (x86)/cypress/psoc creator/4.2/psoc creator/import/gnu/arm/5.4.1/bin/../lib/gcc/arm-none-eabi/5.4.1/armv7-m/crtend.o
                [!provide]                PROVIDE (__exidx_start, .)

.ARM.exidx
 *(.ARM.exidx* .gnu.linkonce.armexidx.*)
                0x0000244c                __exidx_end = .

.rodata         0x0000244c      0x1e4
 *(.rodata .rodata.* .gnu.linkonce.r.*)
 .rodata        0x0000244c       0x36 .\CortexM3\ARM_GCC_541\Debug\cyfitter_cfg.o
 *fill*         0x00002482        0x2 
 .rodata.str1.4
                0x00002484       0x14 .\CortexM3\ARM_GCC_541\Debug\Hardware2.a(USBUART_1_std.o)
                                 0x11 (size before relaxing)
 .rodata        0x00002498      0x15e .\CortexM3\ARM_GCC_541\Debug\Hardware2.a(USBUART_1_descr.o)
                0x00002498                USBUART_1_TABLE
                0x000024a0                USBUART_1_DEVICE0_TABLE
                0x000024b8                USBUART_1_DEVICE0_CONFIGURATION0_TABLE
                0x000024e0                USBUART_1_DEVICE0_CONFIGURATION0_INTERFACE_CLASS
                0x000024e4                USBUART_1_DEVICE0_CONFIGURATION0_EP_SETTINGS_TABLE
                0x000024fc                USBUART_1_SN_STRING_DESCRIPTOR
                0x00002500                USBUART_1_STRING_DESCRIPTORS
                0x000025a0                USBUART_1_DEVICE0_CONFIGURATION0_DESCR
                0x000025e4                USBUART_1_DEVICE0_DESCR
 .rodata.str1.1
                0x000025f6        0x2 c:/program files (x86)/cypress/psoc creator/4.2/psoc creator/import/gnu/arm/5.4.1/bin/../lib/gcc/arm-none-eabi/5.4.1/../../../../arm-none-eabi/lib/armv7-m\libg_nano.a(lib_a-impure.o)
                0x000025f8                . = ALIGN (0x4)
 *(.init)
 .init          0x000025f8        0x4 c:/program files (x86)/cypress/psoc creator/4.2/psoc creator/import/gnu/arm/5.4.1/bin/../lib/gcc/arm-none-eabi/5.4.1/armv7-m/crti.o
                0x000025f8                _init
 .init          0x000025fc        0x8 c:/program files (x86)/cypress/psoc creator/4.2/psoc creator/import/gnu/arm/5.4.1/bin/../lib/gcc/arm-none-eabi/5.4.1/armv7-m/crtn.o
                0x00002604                . = ALIGN (0x4)
                0x00002604                __preinit_array_start = .
 *(.preinit_array)
                0x00002604                __preinit_array_end = .
                0x00002604                . = ALIGN (0x4)
                0x00002604                __init_array_start = .
 *(SORT(.init_array.*))
 *(.init_array)
 .init_array    0x00002604        0x4 c:/program files (x86)/cypress/psoc creator/4.2/psoc creator/import/gnu/arm/5.4.1/bin/../lib/gcc/arm-none-eabi/5.4.1/armv7-m/crtbegin.o
 .init_array    0x00002608        0x4 .\CortexM3\ARM_GCC_541\Debug\Cm3Start.o
                0x0000260c                __init_array_end = .
                0x0000260c                . = ALIGN (0x4)
 *(.fini)
 .fini          0x0000260c        0x4 c:/program files (x86)/cypress/psoc creator/4.2/psoc creator/import/gnu/arm/5.4.1/bin/../lib/gcc/arm-none-eabi/5.4.1/armv7-m/crti.o
                0x0000260c                _fini
 .fini          0x00002610        0x8 c:/program files (x86)/cypress/psoc creator/4.2/psoc creator/import/gnu/arm/5.4.1/bin/../lib/gcc/arm-none-eabi/5.4.1/armv7-m/crtn.o
                0x00002618                . = ALIGN (0x4)
                0x00002618                __fini_array_start = .
 *(.fini_array)
 .fini_array    0x00002618        0x4 c:/program files (x86)/cypress/psoc creator/4.2/psoc creator/import/gnu/arm/5.4.1/bin/../lib/gcc/arm-none-eabi/5.4.1/armv7-m/crtbegin.o
 *(SORT(.fini_array.*))
                0x0000261c                __fini_array_end = .
                0x0000261c                . = ALIGN (0x4)
 *crtbegin.o(.ctors)
 *(EXCLUDE_FILE(*crtend.o) .ctors)
 *(SORT(.ctors.*))
 *crtend.o(.ctors)
                0x0000261c                . = ALIGN (0x4)
 *crtbegin.o(.dtors)
 *(EXCLUDE_FILE(*crtend.o) .dtors)
 *(SORT(.dtors.*))
 *crtend.o(.dtors)
                0x0000261c                . = ALIGN (0x4)
                0x0000261c                __cy_regions = .
                0x0000261c        0x4 LONG 0x2630 __cy_region_init_ram
                0x00002620        0x4 LONG 0x1fff80c8 __cy_region_start_data
                0x00002624        0x4 LONG 0xb0 __cy_region_init_size_ram
                0x00002628        0x4 LONG 0x280 __cy_region_zero_size_ram
                0x0000262c                __cy_regions_end = .
                0x00002630                . = ALIGN (0x8)
 *fill*         0x0000262c        0x4 
                0x00002630                _etext = .

.cy_checksum_exclude
                0x00002630        0x0
 *(.cy_checksum_exclude)

.ramvectors     0x1fff8000       0xc0
                0x1fff8000                __cy_region_start_ram = .
 *(.ramvectors)
 .ramvectors    0x1fff8000       0xc0 .\CortexM3\ARM_GCC_541\Debug\Cm3Start.o
                0x1fff8000                CyRamVectors

.noinit         0x1fff80c0        0x1
 *(.noinit)
 .noinit        0x1fff80c0        0x1 .\CortexM3\ARM_GCC_541\Debug\Hardware2.a(CyLib.o)
                0x1fff80c0                CyResetStatus

.data           0x1fff80c8       0xb0 load address 0x00002630
                0x1fff80c8                __cy_region_start_data = .
 *(.jcr)
 .jcr           0x1fff80c8        0x0 c:/program files (x86)/cypress/psoc creator/4.2/psoc creator/import/gnu/arm/5.4.1/bin/../lib/gcc/arm-none-eabi/5.4.1/armv7-m/crtbegin.o
 .jcr           0x1fff80c8        0x4 c:/program files (x86)/cypress/psoc creator/4.2/psoc creator/import/gnu/arm/5.4.1/bin/../lib/gcc/arm-none-eabi/5.4.1/armv7-m/crtend.o
 *(.got.plt)
 *(.got)
 *(.shdata)
 *(.data .data.* .gnu.linkonce.d.*)
 .data          0x1fff80cc        0xc .\CortexM3\ARM_GCC_541\Debug\main.o
                0x1fff80cc                leftDuty
                0x1fff80d0                offset
                0x1fff80d4                startDuty
 .data          0x1fff80d8        0x8 .\CortexM3\ARM_GCC_541\Debug\Hardware2.a(CyDmac.o)
 .data          0x1fff80e0       0x10 .\CortexM3\ARM_GCC_541\Debug\Hardware2.a(CyLib.o)
                0x1fff80e0                cydelay_32k_ms
                0x1fff80e4                cydelay_freq_khz
                0x1fff80e8                cydelay_freq_mhz
                0x1fff80ec                cydelay_freq_hz
 .data          0x1fff80f0       0x1a .\CortexM3\ARM_GCC_541\Debug\Hardware2.a(USBUART_1_cdc.o)
                0x1fff80f0                USBUART_1_linesCoding
 .data          0x1fff810a        0x2 .\CortexM3\ARM_GCC_541\Debug\Hardware2.a(ADC_SAR_Seq_1.o)
 .data          0x1fff810c        0x1 .\CortexM3\ARM_GCC_541\Debug\Hardware2.a(ADC_SAR_Seq_1_TempBuf_dma.o)
                0x1fff810c                ADC_SAR_Seq_1_TempBuf_DmaHandle
 .data          0x1fff810d        0x1 .\CortexM3\ARM_GCC_541\Debug\Hardware2.a(ADC_SAR_Seq_1_FinalBuf_dma.o)
                0x1fff810d                ADC_SAR_Seq_1_FinalBuf_DmaHandle
 *fill*         0x1fff810e        0x2 
 .data.impure_data
                0x1fff8110       0x60 c:/program files (x86)/cypress/psoc creator/4.2/psoc creator/import/gnu/arm/5.4.1/bin/../lib/gcc/arm-none-eabi/5.4.1/../../../../arm-none-eabi/lib/armv7-m\libg_nano.a(lib_a-impure.o)
 .data._impure_ptr
                0x1fff8170        0x4 c:/program files (x86)/cypress/psoc creator/4.2/psoc creator/import/gnu/arm/5.4.1/bin/../lib/gcc/arm-none-eabi/5.4.1/../../../../arm-none-eabi/lib/armv7-m\libg_nano.a(lib_a-impure.o)
                0x1fff8170                _impure_ptr
                0x1fff8178                . = ALIGN (0x8)
 *fill*         0x1fff8174        0x4 
 *(.ram)
                0x1fff8178                _edata = .

.igot.plt       0x1fff8178        0x0 load address 0x000026e0
 .igot.plt      0x1fff8178        0x0 c:/program files (x86)/cypress/psoc creator/4.2/psoc creator/import/gnu/arm/5.4.1/bin/../lib/gcc/arm-none-eabi/5.4.1/armv7-m/crtbegin.o

.bss            0x1fff8178      0x280 load address 0x000026e0
                0x1fff8178                PROVIDE (__bss_start__, .)
 *(.shbss)
 *(.bss .bss.* .gnu.linkonce.b.*)
 .bss           0x1fff8178       0x1c c:/program files (x86)/cypress/psoc creator/4.2/psoc creator/import/gnu/arm/5.4.1/bin/../lib/gcc/arm-none-eabi/5.4.1/armv7-m/crtbegin.o
 .bss           0x1fff8194      0x154 .\CortexM3\ARM_GCC_541\Debug\main.o
                0x1fff8194                count1
                0x1fff8198                array
                0x1fff81c0                count2
                0x1fff81c4                array2
                0x1fff81ec                count3
                0x1fff81f0                array3
                0x1fff8218                count4
                0x1fff821c                array4
                0x1fff8244                count5
                0x1fff8248                array5
                0x1fff8270                count6
                0x1fff8274                array6
                0x1fff829c                rightDuty
                0x1fff82a0                leftTurn
                0x1fff82a4                rightTurn
                0x1fff82a8                finishTurn
                0x1fff82ac                flag33
                0x1fff82b0                speed
                0x1fff82b4                motor6
                0x1fff82b8                motor5
                0x1fff82bc                motor4
                0x1fff82c0                motor3
                0x1fff82c4                motor2
                0x1fff82c8                motor1
                0x1fff82cc                turnLock
                0x1fff82d0                flag6
                0x1fff82d4                flag5
                0x1fff82d8                flag4
                0x1fff82dc                flag3
                0x1fff82e0                flag2
                0x1fff82e4                flag
 .bss           0x1fff82e8        0x1 .\CortexM3\ARM_GCC_541\Debug\Hardware2.a(USBUART_1.o)
                0x1fff82e8                USBUART_1_initVar
 *fill*         0x1fff82e9        0x3 
 .bss           0x1fff82ec        0x2 .\CortexM3\ARM_GCC_541\Debug\Hardware2.a(USBUART_1_std.o)
 .bss           0x1fff82ee        0x1 .\CortexM3\ARM_GCC_541\Debug\Hardware2.a(PWM_rightmotor.o)
                0x1fff82ee                PWM_rightmotor_initVar
 .bss           0x1fff82ef        0x1 .\CortexM3\ARM_GCC_541\Debug\Hardware2.a(PWM_leftmotor.o)
                0x1fff82ef                PWM_leftmotor_initVar
 .bss           0x1fff82f0        0x1 .\CortexM3\ARM_GCC_541\Debug\Hardware2.a(Timer_2.o)
                0x1fff82f0                Timer_2_initVar
 *fill*         0x1fff82f1        0x3 
 .bss           0x1fff82f4       0x14 .\CortexM3\ARM_GCC_541\Debug\Hardware2.a(ADC_SAR_Seq_1.o)
                0x1fff8304                ADC_SAR_Seq_1_initVar
 .bss           0x1fff8308        0x1 .\CortexM3\ARM_GCC_541\Debug\Hardware2.a(ADC_SAR_Seq_1_SAR.o)
                0x1fff8308                ADC_SAR_Seq_1_SAR_initVar
 *(COMMON)
 *fill*         0x1fff8309        0x3 
 COMMON         0x1fff830c       0x18 .\CortexM3\ARM_GCC_541\Debug\Hardware2.a(USBUART_1_cdc.o)
                0x1fff830c                USBUART_1_cdcDataInEp
                0x1fff8310                USBUART_1_cdcDataOutEp
                0x1fff8314                USBUART_1_cdcCommInInterruptEp
                0x1fff8318                USBUART_1_serialStateBitmap
                0x1fff831c                USBUART_1_linesChanged
                0x1fff8320                USBUART_1_linesControlBitmap
 COMMON         0x1fff8324       0x97 .\CortexM3\ARM_GCC_541\Debug\Hardware2.a(USBUART_1_drv.o)
                0x1fff8324                USBUART_1_interfaceSettingLast
                0x1fff8326                USBUART_1_ep0Mode
                0x1fff8327                USBUART_1_lastPacketSize
                0x1fff8328                USBUART_1_configurationChanged
                0x1fff8329                USBUART_1_configuration
                0x1fff832a                USBUART_1_interfaceNumber
                0x1fff832b                USBUART_1_deviceStatus
                0x1fff832c                USBUART_1_ep0Toggle
                0x1fff8330                USBUART_1_interfaceClass
                0x1fff8334                USBUART_1_interfaceSetting
                0x1fff8338                USBUART_1_currentTD
                0x1fff8344                USBUART_1_ep0Count
                0x1fff8348                USBUART_1_EP
                0x1fff83b4                USBUART_1_transferByteCount
                0x1fff83b6                USBUART_1_transferState
                0x1fff83b7                USBUART_1_device
                0x1fff83b8                USBUART_1_interfaceStatus
                0x1fff83ba                USBUART_1_deviceAddress
 *fill*         0x1fff83bb        0x1 
 COMMON         0x1fff83bc        0xc .\CortexM3\ARM_GCC_541\Debug\Hardware2.a(ADC_SAR_Seq_1.o)
                0x1fff83bc                ADC_SAR_Seq_1_finalArray
 COMMON         0x1fff83c8        0xa .\CortexM3\ARM_GCC_541\Debug\Hardware2.a(ADC_SAR_Seq_1_SAR.o)
                0x1fff83c8                ADC_SAR_Seq_1_SAR_countsPerVolt
                0x1fff83ca                ADC_SAR_Seq_1_SAR_offset
                0x1fff83cc                ADC_SAR_Seq_1_SAR_countsPer10Volt
                0x1fff83d0                ADC_SAR_Seq_1_SAR_shift
 *fill*         0x1fff83d2        0x2 
 COMMON         0x1fff83d4       0x22 .\CortexM3\ARM_GCC_541\Debug\Hardware2.a(USBUART_1_descr.o)
                0x1fff83d4                USBUART_1_idSerialNumberStringDescriptor
                0x1fff83f8                . = ALIGN (0x8)
 *fill*         0x1fff83f6        0x2 
 *(.ram.b)
                0x1fff83f8                _end = .
                0x1fff83f8                __end = .
                0x1fff83f8                PROVIDE (end, .)
                0x1fff83f8                PROVIDE (__bss_end__, .)
                0x00002630                __cy_region_init_ram = LOADADDR (.data)
                0x000000b0                __cy_region_init_size_ram = (_edata - ADDR (.data))
                0x00000280                __cy_region_zero_size_ram = (_end - _edata)

.heap           0x1fff83f8       0x80 load address 0x000026e0
                0x1fff83f8                . = _end
                0x1fff8478                . = (. + 0x80)
 *fill*         0x1fff83f8       0x80 
                0x1fff8478                __cy_heap_limit = .

.stack          0x20007800      0x800
                0x20007800                __cy_stack_limit = .
                0x20008000                . = (. + 0x800)
 *fill*         0x20007800      0x800 
                0x00000001                ASSERT ((__cy_stack_limit >= __cy_heap_limit), region RAM overflowed with stack)
                0x00000000                cy_checksum_exclude_size = (CY_APPL_LOADABLE == 0x1)?SIZEOF (.cy_checksum_exclude):0x0
                0x00000001                ASSERT ((cy_checksum_exclude_size <= CY_CHECKSUM_EXCLUDE_SIZE), CY_BOOT: Section .cy_checksum_exclude size exceedes specified limit.)

.cyloadermeta
 *(.cyloadermeta)

.cyloadablemeta
 *(.cyloadablemeta)

.cyconfigecc    0x80000000      0xc84
 *(.cyconfigecc)
 .cyconfigecc   0x80000000      0xc84 .\CortexM3\ARM_GCC_541\Debug\cymetadata.o
                0x80000000                cy_meta_configecc

.cycustnvl      0x90000000        0x4
 *(.cycustnvl)
 .cycustnvl     0x90000000        0x4 .\CortexM3\ARM_GCC_541\Debug\cymetadata.o
                0x90000000                cy_meta_custnvl

.cywolatch      0x90100000        0x4
 *(.cywolatch)
 .cywolatch     0x90100000        0x4 .\CortexM3\ARM_GCC_541\Debug\cymetadata.o
                0x90100000                cy_meta_wonvl

.cyeeprom       0x90200000        0x0
 *(.cyeeprom)
                0x00000001                ASSERT ((. <= ((0x90200000 + ee_offset) + ee_size)), .cyeeprom data will not fit in EEPROM)

.cyflashprotect
                0x90400000      0x100
 *(.cyflashprotect)
 .cyflashprotect
                0x90400000      0x100 .\CortexM3\ARM_GCC_541\Debug\cymetadata.o
                0x90400000                cy_meta_flashprotect

.cymeta         0x90500000        0xc
 *(.cymeta)
 .cymeta        0x90500000        0xc .\CortexM3\ARM_GCC_541\Debug\cymetadata.o
                0x90500000                cy_metadata

.rel.dyn        0x000026e0        0x0 load address 0x9050000c
 .rel.iplt      0x000026e0        0x0 c:/program files (x86)/cypress/psoc creator/4.2/psoc creator/import/gnu/arm/5.4.1/bin/../lib/gcc/arm-none-eabi/5.4.1/armv7-m/crtbegin.o

.stab
 *(.stab)

.stabstr
 *(.stabstr)

.debug
 *(.debug)

.line
 *(.line)

.debug_srcinfo
 *(.debug_srcinfo)

.debug_sfnames
 *(.debug_sfnames)

.debug_aranges  0x00000000      0xef8
 *(.debug_aranges)
 .debug_aranges
                0x00000000       0x90 .\CortexM3\ARM_GCC_541\Debug\main.o
 .debug_aranges
                0x00000090       0x58 .\CortexM3\ARM_GCC_541\Debug\cyfitter_cfg.o
 .debug_aranges
                0x000000e8       0x18 .\CortexM3\ARM_GCC_541\Debug\cymetadata.o
 .debug_aranges
                0x00000100       0x48 .\CortexM3\ARM_GCC_541\Debug\Cm3Start.o
 .debug_aranges
                0x00000148       0xd8 .\CortexM3\ARM_GCC_541\Debug\Hardware2.a(CyDmac.o)
 .debug_aranges
                0x00000220      0x2a0 .\CortexM3\ARM_GCC_541\Debug\Hardware2.a(CyLib.o)
 .debug_aranges
                0x000004c0       0x98 .\CortexM3\ARM_GCC_541\Debug\Hardware2.a(cyPm.o)
 .debug_aranges
                0x00000558       0xc8 .\CortexM3\ARM_GCC_541\Debug\Hardware2.a(USBUART_1.o)
 .debug_aranges
                0x00000620       0xe8 .\CortexM3\ARM_GCC_541\Debug\Hardware2.a(USBUART_1_cdc.o)
 .debug_aranges
                0x00000708       0x98 .\CortexM3\ARM_GCC_541\Debug\Hardware2.a(USBUART_1_drv.o)
 .debug_aranges
                0x000007a0       0x40 .\CortexM3\ARM_GCC_541\Debug\Hardware2.a(USBUART_1_episr.o)
 .debug_aranges
                0x000007e0       0x40 .\CortexM3\ARM_GCC_541\Debug\Hardware2.a(USBUART_1_pm.o)
 .debug_aranges
                0x00000820       0x80 .\CortexM3\ARM_GCC_541\Debug\Hardware2.a(USBUART_1_std.o)
 .debug_aranges
                0x000008a0       0x20 .\CortexM3\ARM_GCC_541\Debug\Hardware2.a(USBUART_1_vnd.o)
 .debug_aranges
                0x000008c0       0x48 .\CortexM3\ARM_GCC_541\Debug\Hardware2.a(USBUART_1_Dp.o)
 .debug_aranges
                0x00000908       0xb8 .\CortexM3\ARM_GCC_541\Debug\Hardware2.a(PWM_rightmotor.o)
 .debug_aranges
                0x000009c0       0xb8 .\CortexM3\ARM_GCC_541\Debug\Hardware2.a(PWM_leftmotor.o)
 .debug_aranges
                0x00000a78       0x88 .\CortexM3\ARM_GCC_541\Debug\Hardware2.a(Timer_2.o)
 .debug_aranges
                0x00000b00       0x80 .\CortexM3\ARM_GCC_541\Debug\Hardware2.a(isr_EOC_3.o)
 .debug_aranges
                0x00000b80       0x90 .\CortexM3\ARM_GCC_541\Debug\Hardware2.a(ADC_SAR_Seq_1.o)
 .debug_aranges
                0x00000c10       0x20 .\CortexM3\ARM_GCC_541\Debug\Hardware2.a(ADC_SAR_Seq_1_INT.o)
 .debug_aranges
                0x00000c30       0x98 .\CortexM3\ARM_GCC_541\Debug\Hardware2.a(ADC_SAR_Seq_1_SAR.o)
 .debug_aranges
                0x00000cc8       0x28 .\CortexM3\ARM_GCC_541\Debug\Hardware2.a(ADC_SAR_Seq_1_TempBuf_dma.o)
 .debug_aranges
                0x00000cf0       0x28 .\CortexM3\ARM_GCC_541\Debug\Hardware2.a(ADC_SAR_Seq_1_FinalBuf_dma.o)
 .debug_aranges
                0x00000d18       0x80 .\CortexM3\ARM_GCC_541\Debug\Hardware2.a(ADC_SAR_Seq_1_IRQ.o)
 .debug_aranges
                0x00000d98       0x20 .\CortexM3\ARM_GCC_541\Debug\Hardware2.a(CyBootAsmGnu.o)
 .debug_aranges
                0x00000db8       0x88 .\CortexM3\ARM_GCC_541\Debug\Hardware2.a(CyFlash.o)
 .debug_aranges
                0x00000e40       0x80 .\CortexM3\ARM_GCC_541\Debug\Hardware2.a(CySpc.o)
 .debug_aranges
                0x00000ec0       0x20 .\CortexM3\ARM_GCC_541\Debug\Hardware2.a(USBUART_1_cls.o)
 .debug_aranges
                0x00000ee0       0x18 .\CortexM3\ARM_GCC_541\Debug\Hardware2.a(USBUART_1_descr.o)

.debug_pubnames
 *(.debug_pubnames)

.debug_info     0x00000000     0x9c29
 *(.debug_info .gnu.linkonce.wi.*)
 .debug_info    0x00000000      0xbbe .\CortexM3\ARM_GCC_541\Debug\main.o
 .debug_info    0x00000bbe      0x66a .\CortexM3\ARM_GCC_541\Debug\cyfitter_cfg.o
 .debug_info    0x00001228      0x139 .\CortexM3\ARM_GCC_541\Debug\cymetadata.o
 .debug_info    0x00001361      0x3cf .\CortexM3\ARM_GCC_541\Debug\Cm3Start.o
 .debug_info    0x00001730      0x94e .\CortexM3\ARM_GCC_541\Debug\Hardware2.a(CyDmac.o)
 .debug_info    0x0000207e     0x1374 .\CortexM3\ARM_GCC_541\Debug\Hardware2.a(CyLib.o)
 .debug_info    0x000033f2      0xa2a .\CortexM3\ARM_GCC_541\Debug\Hardware2.a(cyPm.o)
 .debug_info    0x00003e1c      0x993 .\CortexM3\ARM_GCC_541\Debug\Hardware2.a(USBUART_1.o)
 .debug_info    0x000047af      0xaf7 .\CortexM3\ARM_GCC_541\Debug\Hardware2.a(USBUART_1_cdc.o)
 .debug_info    0x000052a6      0x655 .\CortexM3\ARM_GCC_541\Debug\Hardware2.a(USBUART_1_drv.o)
 .debug_info    0x000058fb      0x254 .\CortexM3\ARM_GCC_541\Debug\Hardware2.a(USBUART_1_episr.o)
 .debug_info    0x00005b4f      0x2e4 .\CortexM3\ARM_GCC_541\Debug\Hardware2.a(USBUART_1_pm.o)
 .debug_info    0x00005e33      0xb26 .\CortexM3\ARM_GCC_541\Debug\Hardware2.a(USBUART_1_std.o)
 .debug_info    0x00006959       0xed .\CortexM3\ARM_GCC_541\Debug\Hardware2.a(USBUART_1_vnd.o)
 .debug_info    0x00006a46      0x174 .\CortexM3\ARM_GCC_541\Debug\Hardware2.a(USBUART_1_Dp.o)
 .debug_info    0x00006bba      0x3f1 .\CortexM3\ARM_GCC_541\Debug\Hardware2.a(PWM_rightmotor.o)
 .debug_info    0x00006fab      0x3f1 .\CortexM3\ARM_GCC_541\Debug\Hardware2.a(PWM_leftmotor.o)
 .debug_info    0x0000739c      0x291 .\CortexM3\ARM_GCC_541\Debug\Hardware2.a(Timer_2.o)
 .debug_info    0x0000762d      0x2d2 .\CortexM3\ARM_GCC_541\Debug\Hardware2.a(isr_EOC_3.o)
 .debug_info    0x000078ff      0x69c .\CortexM3\ARM_GCC_541\Debug\Hardware2.a(ADC_SAR_Seq_1.o)
 .debug_info    0x00007f9b       0xa0 .\CortexM3\ARM_GCC_541\Debug\Hardware2.a(ADC_SAR_Seq_1_INT.o)
 .debug_info    0x0000803b      0x520 .\CortexM3\ARM_GCC_541\Debug\Hardware2.a(ADC_SAR_Seq_1_SAR.o)
 .debug_info    0x0000855b      0x1a8 .\CortexM3\ARM_GCC_541\Debug\Hardware2.a(ADC_SAR_Seq_1_TempBuf_dma.o)
 .debug_info    0x00008703      0x1aa .\CortexM3\ARM_GCC_541\Debug\Hardware2.a(ADC_SAR_Seq_1_FinalBuf_dma.o)
 .debug_info    0x000088ad      0x2d2 .\CortexM3\ARM_GCC_541\Debug\Hardware2.a(ADC_SAR_Seq_1_IRQ.o)
 .debug_info    0x00008b7f       0x8c .\CortexM3\ARM_GCC_541\Debug\Hardware2.a(CyBootAsmGnu.o)
 .debug_info    0x00008c0b      0x64d .\CortexM3\ARM_GCC_541\Debug\Hardware2.a(CyFlash.o)
 .debug_info    0x00009258      0x550 .\CortexM3\ARM_GCC_541\Debug\Hardware2.a(CySpc.o)
 .debug_info    0x000097a8      0x1de .\CortexM3\ARM_GCC_541\Debug\Hardware2.a(USBUART_1_cls.o)
 .debug_info    0x00009986      0x2a3 .\CortexM3\ARM_GCC_541\Debug\Hardware2.a(USBUART_1_descr.o)

.debug_abbrev   0x00000000     0x27b1
 *(.debug_abbrev)
 .debug_abbrev  0x00000000      0x225 .\CortexM3\ARM_GCC_541\Debug\main.o
 .debug_abbrev  0x00000225      0x20d .\CortexM3\ARM_GCC_541\Debug\cyfitter_cfg.o
 .debug_abbrev  0x00000432       0x77 .\CortexM3\ARM_GCC_541\Debug\cymetadata.o
 .debug_abbrev  0x000004a9      0x1e8 .\CortexM3\ARM_GCC_541\Debug\Cm3Start.o
 .debug_abbrev  0x00000691      0x1b2 .\CortexM3\ARM_GCC_541\Debug\Hardware2.a(CyDmac.o)
 .debug_abbrev  0x00000843      0x254 .\CortexM3\ARM_GCC_541\Debug\Hardware2.a(CyLib.o)
 .debug_abbrev  0x00000a97      0x1ab .\CortexM3\ARM_GCC_541\Debug\Hardware2.a(cyPm.o)
 .debug_abbrev  0x00000c42      0x215 .\CortexM3\ARM_GCC_541\Debug\Hardware2.a(USBUART_1.o)
 .debug_abbrev  0x00000e57      0x245 .\CortexM3\ARM_GCC_541\Debug\Hardware2.a(USBUART_1_cdc.o)
 .debug_abbrev  0x0000109c      0x189 .\CortexM3\ARM_GCC_541\Debug\Hardware2.a(USBUART_1_drv.o)
 .debug_abbrev  0x00001225      0x11b .\CortexM3\ARM_GCC_541\Debug\Hardware2.a(USBUART_1_episr.o)
 .debug_abbrev  0x00001340      0x108 .\CortexM3\ARM_GCC_541\Debug\Hardware2.a(USBUART_1_pm.o)
 .debug_abbrev  0x00001448      0x20a .\CortexM3\ARM_GCC_541\Debug\Hardware2.a(USBUART_1_std.o)
 .debug_abbrev  0x00001652       0x9b .\CortexM3\ARM_GCC_541\Debug\Hardware2.a(USBUART_1_vnd.o)
 .debug_abbrev  0x000016ed       0x90 .\CortexM3\ARM_GCC_541\Debug\Hardware2.a(USBUART_1_Dp.o)
 .debug_abbrev  0x0000177d      0x151 .\CortexM3\ARM_GCC_541\Debug\Hardware2.a(PWM_rightmotor.o)
 .debug_abbrev  0x000018ce      0x151 .\CortexM3\ARM_GCC_541\Debug\Hardware2.a(PWM_leftmotor.o)
 .debug_abbrev  0x00001a1f      0x11a .\CortexM3\ARM_GCC_541\Debug\Hardware2.a(Timer_2.o)
 .debug_abbrev  0x00001b39      0x173 .\CortexM3\ARM_GCC_541\Debug\Hardware2.a(isr_EOC_3.o)
 .debug_abbrev  0x00001cac      0x13e .\CortexM3\ARM_GCC_541\Debug\Hardware2.a(ADC_SAR_Seq_1.o)
 .debug_abbrev  0x00001dea       0x42 .\CortexM3\ARM_GCC_541\Debug\Hardware2.a(ADC_SAR_Seq_1_INT.o)
 .debug_abbrev  0x00001e2c      0x194 .\CortexM3\ARM_GCC_541\Debug\Hardware2.a(ADC_SAR_Seq_1_SAR.o)
 .debug_abbrev  0x00001fc0       0xcd .\CortexM3\ARM_GCC_541\Debug\Hardware2.a(ADC_SAR_Seq_1_TempBuf_dma.o)
 .debug_abbrev  0x0000208d       0xcd .\CortexM3\ARM_GCC_541\Debug\Hardware2.a(ADC_SAR_Seq_1_FinalBuf_dma.o)
 .debug_abbrev  0x0000215a      0x173 .\CortexM3\ARM_GCC_541\Debug\Hardware2.a(ADC_SAR_Seq_1_IRQ.o)
 .debug_abbrev  0x000022cd       0x14 .\CortexM3\ARM_GCC_541\Debug\Hardware2.a(CyBootAsmGnu.o)
 .debug_abbrev  0x000022e1      0x1a7 .\CortexM3\ARM_GCC_541\Debug\Hardware2.a(CyFlash.o)
 .debug_abbrev  0x00002488      0x194 .\CortexM3\ARM_GCC_541\Debug\Hardware2.a(CySpc.o)
 .debug_abbrev  0x0000261c       0xe1 .\CortexM3\ARM_GCC_541\Debug\Hardware2.a(USBUART_1_cls.o)
 .debug_abbrev  0x000026fd       0xb4 .\CortexM3\ARM_GCC_541\Debug\Hardware2.a(USBUART_1_descr.o)

.debug_line     0x00000000     0x3a43
 *(.debug_line)
 .debug_line    0x00000000      0x465 .\CortexM3\ARM_GCC_541\Debug\main.o
 .debug_line    0x00000465      0x208 .\CortexM3\ARM_GCC_541\Debug\cyfitter_cfg.o
 .debug_line    0x0000066d      0x141 .\CortexM3\ARM_GCC_541\Debug\cymetadata.o
 .debug_line    0x000007ae      0x241 .\CortexM3\ARM_GCC_541\Debug\Cm3Start.o
 .debug_line    0x000009ef      0x2e4 .\CortexM3\ARM_GCC_541\Debug\Hardware2.a(CyDmac.o)
 .debug_line    0x00000cd3      0x816 .\CortexM3\ARM_GCC_541\Debug\Hardware2.a(CyLib.o)
 .debug_line    0x000014e9      0x367 .\CortexM3\ARM_GCC_541\Debug\Hardware2.a(cyPm.o)
 .debug_line    0x00001850      0x2e4 .\CortexM3\ARM_GCC_541\Debug\Hardware2.a(USBUART_1.o)
 .debug_line    0x00001b34      0x2f8 .\CortexM3\ARM_GCC_541\Debug\Hardware2.a(USBUART_1_cdc.o)
 .debug_line    0x00001e2c      0x227 .\CortexM3\ARM_GCC_541\Debug\Hardware2.a(USBUART_1_drv.o)
 .debug_line    0x00002053       0xec .\CortexM3\ARM_GCC_541\Debug\Hardware2.a(USBUART_1_episr.o)
 .debug_line    0x0000213f      0x116 .\CortexM3\ARM_GCC_541\Debug\Hardware2.a(USBUART_1_pm.o)
 .debug_line    0x00002255      0x3e8 .\CortexM3\ARM_GCC_541\Debug\Hardware2.a(USBUART_1_std.o)
 .debug_line    0x0000263d       0x77 .\CortexM3\ARM_GCC_541\Debug\Hardware2.a(USBUART_1_vnd.o)
 .debug_line    0x000026b4       0xbd .\CortexM3\ARM_GCC_541\Debug\Hardware2.a(USBUART_1_Dp.o)
 .debug_line    0x00002771      0x1d8 .\CortexM3\ARM_GCC_541\Debug\Hardware2.a(PWM_rightmotor.o)
 .debug_line    0x00002949      0x1d7 .\CortexM3\ARM_GCC_541\Debug\Hardware2.a(PWM_leftmotor.o)
 .debug_line    0x00002b20      0x155 .\CortexM3\ARM_GCC_541\Debug\Hardware2.a(Timer_2.o)
 .debug_line    0x00002c75      0x136 .\CortexM3\ARM_GCC_541\Debug\Hardware2.a(isr_EOC_3.o)
 .debug_line    0x00002dab      0x212 .\CortexM3\ARM_GCC_541\Debug\Hardware2.a(ADC_SAR_Seq_1.o)
 .debug_line    0x00002fbd       0x5a .\CortexM3\ARM_GCC_541\Debug\Hardware2.a(ADC_SAR_Seq_1_INT.o)
 .debug_line    0x00003017      0x1e9 .\CortexM3\ARM_GCC_541\Debug\Hardware2.a(ADC_SAR_Seq_1_SAR.o)
 .debug_line    0x00003200       0x92 .\CortexM3\ARM_GCC_541\Debug\Hardware2.a(ADC_SAR_Seq_1_TempBuf_dma.o)
 .debug_line    0x00003292       0x93 .\CortexM3\ARM_GCC_541\Debug\Hardware2.a(ADC_SAR_Seq_1_FinalBuf_dma.o)
 .debug_line    0x00003325      0x13e .\CortexM3\ARM_GCC_541\Debug\Hardware2.a(ADC_SAR_Seq_1_IRQ.o)
 .debug_line    0x00003463       0x66 .\CortexM3\ARM_GCC_541\Debug\Hardware2.a(CyBootAsmGnu.o)
 .debug_line    0x000034c9      0x21a .\CortexM3\ARM_GCC_541\Debug\Hardware2.a(CyFlash.o)
 .debug_line    0x000036e3      0x260 .\CortexM3\ARM_GCC_541\Debug\Hardware2.a(CySpc.o)
 .debug_line    0x00003943       0x9b .\CortexM3\ARM_GCC_541\Debug\Hardware2.a(USBUART_1_cls.o)
 .debug_line    0x000039de       0x65 .\CortexM3\ARM_GCC_541\Debug\Hardware2.a(USBUART_1_descr.o)

.debug_frame    0x00000000     0x25ec
 *(.debug_frame)
 .debug_frame   0x00000000      0x1a0 .\CortexM3\ARM_GCC_541\Debug\main.o
 .debug_frame   0x000001a0       0xfc .\CortexM3\ARM_GCC_541\Debug\cyfitter_cfg.o
 .debug_frame   0x0000029c       0xb8 .\CortexM3\ARM_GCC_541\Debug\Cm3Start.o
 .debug_frame   0x00000354      0x1f8 .\CortexM3\ARM_GCC_541\Debug\Hardware2.a(CyDmac.o)
 .debug_frame   0x0000054c      0x738 .\CortexM3\ARM_GCC_541\Debug\Hardware2.a(CyLib.o)
 .debug_frame   0x00000c84      0x1f8 .\CortexM3\ARM_GCC_541\Debug\Hardware2.a(cyPm.o)
 .debug_frame   0x00000e7c      0x1dc .\CortexM3\ARM_GCC_541\Debug\Hardware2.a(USBUART_1.o)
 .debug_frame   0x00001058      0x27c .\CortexM3\ARM_GCC_541\Debug\Hardware2.a(USBUART_1_cdc.o)
 .debug_frame   0x000012d4      0x194 .\CortexM3\ARM_GCC_541\Debug\Hardware2.a(USBUART_1_drv.o)
 .debug_frame   0x00001468       0x6c .\CortexM3\ARM_GCC_541\Debug\Hardware2.a(USBUART_1_episr.o)
 .debug_frame   0x000014d4       0xa0 .\CortexM3\ARM_GCC_541\Debug\Hardware2.a(USBUART_1_pm.o)
 .debug_frame   0x00001574      0x17c .\CortexM3\ARM_GCC_541\Debug\Hardware2.a(USBUART_1_std.o)
 .debug_frame   0x000016f0       0x20 .\CortexM3\ARM_GCC_541\Debug\Hardware2.a(USBUART_1_vnd.o)
 .debug_frame   0x00001710       0x70 .\CortexM3\ARM_GCC_541\Debug\Hardware2.a(USBUART_1_Dp.o)
 .debug_frame   0x00001780      0x174 .\CortexM3\ARM_GCC_541\Debug\Hardware2.a(PWM_rightmotor.o)
 .debug_frame   0x000018f4      0x174 .\CortexM3\ARM_GCC_541\Debug\Hardware2.a(PWM_leftmotor.o)
 .debug_frame   0x00001a68      0x108 .\CortexM3\ARM_GCC_541\Debug\Hardware2.a(Timer_2.o)
 .debug_frame   0x00001b70      0x104 .\CortexM3\ARM_GCC_541\Debug\Hardware2.a(isr_EOC_3.o)
 .debug_frame   0x00001c74      0x1a4 .\CortexM3\ARM_GCC_541\Debug\Hardware2.a(ADC_SAR_Seq_1.o)
 .debug_frame   0x00001e18       0x20 .\CortexM3\ARM_GCC_541\Debug\Hardware2.a(ADC_SAR_Seq_1_INT.o)
 .debug_frame   0x00001e38      0x190 .\CortexM3\ARM_GCC_541\Debug\Hardware2.a(ADC_SAR_Seq_1_SAR.o)
 .debug_frame   0x00001fc8       0x54 .\CortexM3\ARM_GCC_541\Debug\Hardware2.a(ADC_SAR_Seq_1_TempBuf_dma.o)
 .debug_frame   0x0000201c       0x54 .\CortexM3\ARM_GCC_541\Debug\Hardware2.a(ADC_SAR_Seq_1_FinalBuf_dma.o)
 .debug_frame   0x00002070      0x104 .\CortexM3\ARM_GCC_541\Debug\Hardware2.a(ADC_SAR_Seq_1_IRQ.o)
 .debug_frame   0x00002174      0x194 .\CortexM3\ARM_GCC_541\Debug\Hardware2.a(CyFlash.o)
 .debug_frame   0x00002308      0x180 .\CortexM3\ARM_GCC_541\Debug\Hardware2.a(CySpc.o)
 .debug_frame   0x00002488       0x2c .\CortexM3\ARM_GCC_541\Debug\Hardware2.a(USBUART_1_cls.o)
 .debug_frame   0x000024b4       0x44 c:/program files (x86)/cypress/psoc creator/4.2/psoc creator/import/gnu/arm/5.4.1/bin/../lib/gcc/arm-none-eabi/5.4.1/armv7-m\libgcc.a(_aeabi_ldivmod.o)
 .debug_frame   0x000024f8       0x38 c:/program files (x86)/cypress/psoc creator/4.2/psoc creator/import/gnu/arm/5.4.1/bin/../lib/gcc/arm-none-eabi/5.4.1/armv7-m\libgcc.a(_udivmoddi4.o)
 .debug_frame   0x00002530       0x20 c:/program files (x86)/cypress/psoc creator/4.2/psoc creator/import/gnu/arm/5.4.1/bin/../lib/gcc/arm-none-eabi/5.4.1/../../../../arm-none-eabi/lib/armv7-m\libg_nano.a(lib_a-errno.o)
 .debug_frame   0x00002550       0x28 c:/program files (x86)/cypress/psoc creator/4.2/psoc creator/import/gnu/arm/5.4.1/bin/../lib/gcc/arm-none-eabi/5.4.1/../../../../arm-none-eabi/lib/armv7-m\libg_nano.a(lib_a-exit.o)
 .debug_frame   0x00002578       0x2c c:/program files (x86)/cypress/psoc creator/4.2/psoc creator/import/gnu/arm/5.4.1/bin/../lib/gcc/arm-none-eabi/5.4.1/../../../../arm-none-eabi/lib/armv7-m\libg_nano.a(lib_a-init.o)
 .debug_frame   0x000025a4       0x28 c:/program files (x86)/cypress/psoc creator/4.2/psoc creator/import/gnu/arm/5.4.1/bin/../lib/gcc/arm-none-eabi/5.4.1/../../../../arm-none-eabi/lib/armv7-m\libg_nano.a(lib_a-memcpy-stub.o)
 .debug_frame   0x000025cc       0x20 c:/program files (x86)/cypress/psoc creator/4.2/psoc creator/import/gnu/arm/5.4.1/bin/../lib/gcc/arm-none-eabi/5.4.1/../../../../arm-none-eabi/lib/armv7-m\libg_nano.a(lib_a-memset.o)

.debug_str      0x00000000     0x3bd5
 *(.debug_str)
 .debug_str     0x00000000      0x53b .\CortexM3\ARM_GCC_541\Debug\main.o
                                0x5ac (size before relaxing)
 .debug_str     0x0000053b      0x1fd .\CortexM3\ARM_GCC_541\Debug\cyfitter_cfg.o
                                0x350 (size before relaxing)
 .debug_str     0x00000738       0x7f .\CortexM3\ARM_GCC_541\Debug\cymetadata.o
                                0x1e0 (size before relaxing)
 .debug_str     0x000007b7      0x14e .\CortexM3\ARM_GCC_541\Debug\Cm3Start.o
                                0x316 (size before relaxing)
 .debug_str     0x00000905      0x375 .\CortexM3\ARM_GCC_541\Debug\Hardware2.a(CyDmac.o)
                                0x546 (size before relaxing)
 .debug_str     0x00000c7a      0x7ea .\CortexM3\ARM_GCC_541\Debug\Hardware2.a(CyLib.o)
                                0xa43 (size before relaxing)
 .debug_str     0x00001464      0x365 .\CortexM3\ARM_GCC_541\Debug\Hardware2.a(cyPm.o)
                                0x72f (size before relaxing)
 .debug_str     0x000017c9      0x479 .\CortexM3\ARM_GCC_541\Debug\Hardware2.a(USBUART_1.o)
                                0x6b6 (size before relaxing)
 .debug_str     0x00001c42      0x55f .\CortexM3\ARM_GCC_541\Debug\Hardware2.a(USBUART_1_cdc.o)
                                0x837 (size before relaxing)
 .debug_str     0x000021a1      0x2c1 .\CortexM3\ARM_GCC_541\Debug\Hardware2.a(USBUART_1_drv.o)
                                0x698 (size before relaxing)
 .debug_str     0x00002462       0x8c .\CortexM3\ARM_GCC_541\Debug\Hardware2.a(USBUART_1_episr.o)
                                0x2f1 (size before relaxing)
 .debug_str     0x000024ee       0xe6 .\CortexM3\ARM_GCC_541\Debug\Hardware2.a(USBUART_1_pm.o)
                                0x304 (size before relaxing)
 .debug_str     0x000025d4      0x27b .\CortexM3\ARM_GCC_541\Debug\Hardware2.a(USBUART_1_std.o)
                                0x80d (size before relaxing)
 .debug_str     0x0000284f       0x27 .\CortexM3\ARM_GCC_541\Debug\Hardware2.a(USBUART_1_vnd.o)
                                0x1ef (size before relaxing)
 .debug_str     0x00002876       0xb0 .\CortexM3\ARM_GCC_541\Debug\Hardware2.a(USBUART_1_Dp.o)
                                0x24b (size before relaxing)
 .debug_str     0x00002926      0x28a .\CortexM3\ARM_GCC_541\Debug\Hardware2.a(PWM_rightmotor.o)
                                0x48f (size before relaxing)
 .debug_str     0x00002bb0      0x226 .\CortexM3\ARM_GCC_541\Debug\Hardware2.a(PWM_leftmotor.o)
                                0x478 (size before relaxing)
 .debug_str     0x00002dd6      0x14f .\CortexM3\ARM_GCC_541\Debug\Hardware2.a(Timer_2.o)
                                0x311 (size before relaxing)
 .debug_str     0x00002f25      0x10c .\CortexM3\ARM_GCC_541\Debug\Hardware2.a(isr_EOC_3.o)
                                0x2da (size before relaxing)
 .debug_str     0x00003031      0x3e8 .\CortexM3\ARM_GCC_541\Debug\Hardware2.a(ADC_SAR_Seq_1.o)
                                0x6ae (size before relaxing)
 .debug_str     0x00003419       0x3d .\CortexM3\ARM_GCC_541\Debug\Hardware2.a(ADC_SAR_Seq_1_INT.o)
                                0x1b4 (size before relaxing)
 .debug_str     0x00003456      0x165 .\CortexM3\ARM_GCC_541\Debug\Hardware2.a(ADC_SAR_Seq_1_SAR.o)
                                0x4ed (size before relaxing)
 .debug_str     0x000035bb       0xaf .\CortexM3\ARM_GCC_541\Debug\Hardware2.a(ADC_SAR_Seq_1_TempBuf_dma.o)
                                0x2a8 (size before relaxing)
 .debug_str     0x0000366a       0x77 .\CortexM3\ARM_GCC_541\Debug\Hardware2.a(ADC_SAR_Seq_1_FinalBuf_dma.o)
                                0x2ac (size before relaxing)
 .debug_str     0x000036e1      0x154 .\CortexM3\ARM_GCC_541\Debug\Hardware2.a(ADC_SAR_Seq_1_IRQ.o)
                                0x34a (size before relaxing)
 .debug_str     0x00003835      0x1bb .\CortexM3\ARM_GCC_541\Debug\Hardware2.a(CyFlash.o)
                                0x3bc (size before relaxing)
 .debug_str     0x000039f0       0xac .\CortexM3\ARM_GCC_541\Debug\Hardware2.a(CySpc.o)
                                0x334 (size before relaxing)
 .debug_str     0x00003a9c       0x27 .\CortexM3\ARM_GCC_541\Debug\Hardware2.a(USBUART_1_cls.o)
                                0x2b6 (size before relaxing)
 .debug_str     0x00003ac3      0x112 .\CortexM3\ARM_GCC_541\Debug\Hardware2.a(USBUART_1_descr.o)
                                0x36f (size before relaxing)

.debug_loc      0x00000000     0x45fd
 *(.debug_loc)
 .debug_loc     0x00000000      0x45d .\CortexM3\ARM_GCC_541\Debug\main.o
 .debug_loc     0x0000045d      0x27f .\CortexM3\ARM_GCC_541\Debug\cyfitter_cfg.o
 .debug_loc     0x000006dc      0x144 .\CortexM3\ARM_GCC_541\Debug\Cm3Start.o
 .debug_loc     0x00000820      0xb8e .\CortexM3\ARM_GCC_541\Debug\Hardware2.a(CyDmac.o)
 .debug_loc     0x000013ae      0xa11 .\CortexM3\ARM_GCC_541\Debug\Hardware2.a(CyLib.o)
 .debug_loc     0x00001dbf      0x1e4 .\CortexM3\ARM_GCC_541\Debug\Hardware2.a(cyPm.o)
 .debug_loc     0x00001fa3      0x3e1 .\CortexM3\ARM_GCC_541\Debug\Hardware2.a(USBUART_1.o)
 .debug_loc     0x00002384      0x557 .\CortexM3\ARM_GCC_541\Debug\Hardware2.a(USBUART_1_cdc.o)
 .debug_loc     0x000028db      0x171 .\CortexM3\ARM_GCC_541\Debug\Hardware2.a(USBUART_1_drv.o)
 .debug_loc     0x00002a4c       0x26 .\CortexM3\ARM_GCC_541\Debug\Hardware2.a(USBUART_1_pm.o)
 .debug_loc     0x00002a72      0x945 .\CortexM3\ARM_GCC_541\Debug\Hardware2.a(USBUART_1_std.o)
 .debug_loc     0x000033b7       0x84 .\CortexM3\ARM_GCC_541\Debug\Hardware2.a(USBUART_1_Dp.o)
 .debug_loc     0x0000343b       0x8e .\CortexM3\ARM_GCC_541\Debug\Hardware2.a(PWM_rightmotor.o)
 .debug_loc     0x000034c9       0x8e .\CortexM3\ARM_GCC_541\Debug\Hardware2.a(PWM_leftmotor.o)
 .debug_loc     0x00003557       0x56 .\CortexM3\ARM_GCC_541\Debug\Hardware2.a(isr_EOC_3.o)
 .debug_loc     0x000035ad      0x13c .\CortexM3\ARM_GCC_541\Debug\Hardware2.a(ADC_SAR_Seq_1.o)
 .debug_loc     0x000036e9      0x295 .\CortexM3\ARM_GCC_541\Debug\Hardware2.a(ADC_SAR_Seq_1_SAR.o)
 .debug_loc     0x0000397e       0x84 .\CortexM3\ARM_GCC_541\Debug\Hardware2.a(ADC_SAR_Seq_1_TempBuf_dma.o)
 .debug_loc     0x00003a02       0x84 .\CortexM3\ARM_GCC_541\Debug\Hardware2.a(ADC_SAR_Seq_1_FinalBuf_dma.o)
 .debug_loc     0x00003a86       0x56 .\CortexM3\ARM_GCC_541\Debug\Hardware2.a(ADC_SAR_Seq_1_IRQ.o)
 .debug_loc     0x00003adc      0x3b2 .\CortexM3\ARM_GCC_541\Debug\Hardware2.a(CyFlash.o)
 .debug_loc     0x00003e8e      0x705 .\CortexM3\ARM_GCC_541\Debug\Hardware2.a(CySpc.o)
 .debug_loc     0x00004593       0x6a .\CortexM3\ARM_GCC_541\Debug\Hardware2.a(USBUART_1_cls.o)

.debug_macinfo
 *(.debug_macinfo)

.debug_ranges   0x00000000      0xd40
 *(.debug_ranges)
 .debug_ranges  0x00000000       0xb0 .\CortexM3\ARM_GCC_541\Debug\main.o
 .debug_ranges  0x000000b0       0x48 .\CortexM3\ARM_GCC_541\Debug\cyfitter_cfg.o
 .debug_ranges  0x000000f8       0x38 .\CortexM3\ARM_GCC_541\Debug\Cm3Start.o
 .debug_ranges  0x00000130       0xc8 .\CortexM3\ARM_GCC_541\Debug\Hardware2.a(CyDmac.o)
 .debug_ranges  0x000001f8      0x290 .\CortexM3\ARM_GCC_541\Debug\Hardware2.a(CyLib.o)
 .debug_ranges  0x00000488       0x88 .\CortexM3\ARM_GCC_541\Debug\Hardware2.a(cyPm.o)
 .debug_ranges  0x00000510       0xd0 .\CortexM3\ARM_GCC_541\Debug\Hardware2.a(USBUART_1.o)
 .debug_ranges  0x000005e0       0xd8 .\CortexM3\ARM_GCC_541\Debug\Hardware2.a(USBUART_1_cdc.o)
 .debug_ranges  0x000006b8       0x88 .\CortexM3\ARM_GCC_541\Debug\Hardware2.a(USBUART_1_drv.o)
 .debug_ranges  0x00000740       0x30 .\CortexM3\ARM_GCC_541\Debug\Hardware2.a(USBUART_1_episr.o)
 .debug_ranges  0x00000770       0x30 .\CortexM3\ARM_GCC_541\Debug\Hardware2.a(USBUART_1_pm.o)
 .debug_ranges  0x000007a0       0x70 .\CortexM3\ARM_GCC_541\Debug\Hardware2.a(USBUART_1_std.o)
 .debug_ranges  0x00000810       0x10 .\CortexM3\ARM_GCC_541\Debug\Hardware2.a(USBUART_1_vnd.o)
 .debug_ranges  0x00000820       0x38 .\CortexM3\ARM_GCC_541\Debug\Hardware2.a(USBUART_1_Dp.o)
 .debug_ranges  0x00000858       0xa8 .\CortexM3\ARM_GCC_541\Debug\Hardware2.a(PWM_rightmotor.o)
 .debug_ranges  0x00000900       0xa8 .\CortexM3\ARM_GCC_541\Debug\Hardware2.a(PWM_leftmotor.o)
 .debug_ranges  0x000009a8       0x78 .\CortexM3\ARM_GCC_541\Debug\Hardware2.a(Timer_2.o)
 .debug_ranges  0x00000a20       0x70 .\CortexM3\ARM_GCC_541\Debug\Hardware2.a(isr_EOC_3.o)
 .debug_ranges  0x00000a90       0x80 .\CortexM3\ARM_GCC_541\Debug\Hardware2.a(ADC_SAR_Seq_1.o)
 .debug_ranges  0x00000b10       0x10 .\CortexM3\ARM_GCC_541\Debug\Hardware2.a(ADC_SAR_Seq_1_INT.o)
 .debug_ranges  0x00000b20       0x88 .\CortexM3\ARM_GCC_541\Debug\Hardware2.a(ADC_SAR_Seq_1_SAR.o)
 .debug_ranges  0x00000ba8       0x18 .\CortexM3\ARM_GCC_541\Debug\Hardware2.a(ADC_SAR_Seq_1_TempBuf_dma.o)
 .debug_ranges  0x00000bc0       0x18 .\CortexM3\ARM_GCC_541\Debug\Hardware2.a(ADC_SAR_Seq_1_FinalBuf_dma.o)
 .debug_ranges  0x00000bd8       0x70 .\CortexM3\ARM_GCC_541\Debug\Hardware2.a(ADC_SAR_Seq_1_IRQ.o)
 .debug_ranges  0x00000c48       0x78 .\CortexM3\ARM_GCC_541\Debug\Hardware2.a(CyFlash.o)
 .debug_ranges  0x00000cc0       0x70 .\CortexM3\ARM_GCC_541\Debug\Hardware2.a(CySpc.o)
 .debug_ranges  0x00000d30       0x10 .\CortexM3\ARM_GCC_541\Debug\Hardware2.a(USBUART_1_cls.o)

.comment        0x00000000       0x6e
 .comment       0x00000000       0x6e .\CortexM3\ARM_GCC_541\Debug\main.o
                                 0x6f (size before relaxing)
 .comment       0x0000006e       0x6f .\CortexM3\ARM_GCC_541\Debug\cyfitter_cfg.o
 .comment       0x0000006e       0x6f .\CortexM3\ARM_GCC_541\Debug\cymetadata.o
 .comment       0x0000006e       0x6f .\CortexM3\ARM_GCC_541\Debug\Cm3Start.o
 .comment       0x0000006e       0x6f .\CortexM3\ARM_GCC_541\Debug\Hardware2.a(CyDmac.o)
 .comment       0x0000006e       0x6f .\CortexM3\ARM_GCC_541\Debug\Hardware2.a(CyLib.o)
 .comment       0x0000006e       0x6f .\CortexM3\ARM_GCC_541\Debug\Hardware2.a(cyPm.o)
 .comment       0x0000006e       0x6f .\CortexM3\ARM_GCC_541\Debug\Hardware2.a(USBUART_1.o)
 .comment       0x0000006e       0x6f .\CortexM3\ARM_GCC_541\Debug\Hardware2.a(USBUART_1_cdc.o)
 .comment       0x0000006e       0x6f .\CortexM3\ARM_GCC_541\Debug\Hardware2.a(USBUART_1_drv.o)
 .comment       0x0000006e       0x6f .\CortexM3\ARM_GCC_541\Debug\Hardware2.a(USBUART_1_episr.o)
 .comment       0x0000006e       0x6f .\CortexM3\ARM_GCC_541\Debug\Hardware2.a(USBUART_1_pm.o)
 .comment       0x0000006e       0x6f .\CortexM3\ARM_GCC_541\Debug\Hardware2.a(USBUART_1_std.o)
 .comment       0x0000006e       0x6f .\CortexM3\ARM_GCC_541\Debug\Hardware2.a(USBUART_1_vnd.o)
 .comment       0x0000006e       0x6f .\CortexM3\ARM_GCC_541\Debug\Hardware2.a(USBUART_1_Dp.o)
 .comment       0x0000006e       0x6f .\CortexM3\ARM_GCC_541\Debug\Hardware2.a(PWM_rightmotor.o)
 .comment       0x0000006e       0x6f .\CortexM3\ARM_GCC_541\Debug\Hardware2.a(PWM_leftmotor.o)
 .comment       0x0000006e       0x6f .\CortexM3\ARM_GCC_541\Debug\Hardware2.a(Timer_2.o)
 .comment       0x0000006e       0x6f .\CortexM3\ARM_GCC_541\Debug\Hardware2.a(isr_EOC_3.o)
 .comment       0x0000006e       0x6f .\CortexM3\ARM_GCC_541\Debug\Hardware2.a(ADC_SAR_Seq_1.o)
 .comment       0x0000006e       0x6f .\CortexM3\ARM_GCC_541\Debug\Hardware2.a(ADC_SAR_Seq_1_INT.o)
 .comment       0x0000006e       0x6f .\CortexM3\ARM_GCC_541\Debug\Hardware2.a(ADC_SAR_Seq_1_SAR.o)
 .comment       0x0000006e       0x6f .\CortexM3\ARM_GCC_541\Debug\Hardware2.a(ADC_SAR_Seq_1_TempBuf_dma.o)
 .comment       0x0000006e       0x6f .\CortexM3\ARM_GCC_541\Debug\Hardware2.a(ADC_SAR_Seq_1_FinalBuf_dma.o)
 .comment       0x0000006e       0x6f .\CortexM3\ARM_GCC_541\Debug\Hardware2.a(ADC_SAR_Seq_1_IRQ.o)
 .comment       0x0000006e       0x6f .\CortexM3\ARM_GCC_541\Debug\Hardware2.a(CyFlash.o)
 .comment       0x0000006e       0x6f .\CortexM3\ARM_GCC_541\Debug\Hardware2.a(CySpc.o)
 .comment       0x0000006e       0x6f .\CortexM3\ARM_GCC_541\Debug\Hardware2.a(USBUART_1_cls.o)
 .comment       0x0000006e       0x6f .\CortexM3\ARM_GCC_541\Debug\Hardware2.a(USBUART_1_descr.o)

.debug_weaknames
 *(.debug_weaknames)

.debug_funcnames
 *(.debug_funcnames)

.debug_typenames
 *(.debug_typenames)

.debug_varnames
 *(.debug_varnames)

.note.gnu.arm.ident
 *(.note.gnu.arm.ident)

.ARM.attributes
                0x00000000       0x29
 *(.ARM.attributes)
 .ARM.attributes
                0x00000000       0x1d c:/program files (x86)/cypress/psoc creator/4.2/psoc creator/import/gnu/arm/5.4.1/bin/../lib/gcc/arm-none-eabi/5.4.1/armv7-m/crti.o
 .ARM.attributes
                0x0000001d       0x2d c:/program files (x86)/cypress/psoc creator/4.2/psoc creator/import/gnu/arm/5.4.1/bin/../lib/gcc/arm-none-eabi/5.4.1/armv7-m/crtbegin.o
 .ARM.attributes
                0x0000004a       0x1b c:/program files (x86)/cypress/psoc creator/4.2/psoc creator/import/gnu/arm/5.4.1/bin/../lib/gcc/arm-none-eabi/5.4.1/../../../../arm-none-eabi/lib/armv7-m/crt0.o
 .ARM.attributes
                0x00000065       0x33 .\CortexM3\ARM_GCC_541\Debug\main.o
 .ARM.attributes
                0x00000098       0x33 .\CortexM3\ARM_GCC_541\Debug\cyfitter_cfg.o
 .ARM.attributes
                0x000000cb       0x33 .\CortexM3\ARM_GCC_541\Debug\cymetadata.o
 .ARM.attributes
                0x000000fe       0x33 .\CortexM3\ARM_GCC_541\Debug\Cm3Start.o
 .ARM.attributes
                0x00000131       0x33 .\CortexM3\ARM_GCC_541\Debug\Hardware2.a(CyDmac.o)
 .ARM.attributes
                0x00000164       0x33 .\CortexM3\ARM_GCC_541\Debug\Hardware2.a(CyLib.o)
 .ARM.attributes
                0x00000197       0x33 .\CortexM3\ARM_GCC_541\Debug\Hardware2.a(cyPm.o)
 .ARM.attributes
                0x000001ca       0x33 .\CortexM3\ARM_GCC_541\Debug\Hardware2.a(USBUART_1.o)
 .ARM.attributes
                0x000001fd       0x33 .\CortexM3\ARM_GCC_541\Debug\Hardware2.a(USBUART_1_cdc.o)
 .ARM.attributes
                0x00000230       0x33 .\CortexM3\ARM_GCC_541\Debug\Hardware2.a(USBUART_1_drv.o)
 .ARM.attributes
                0x00000263       0x33 .\CortexM3\ARM_GCC_541\Debug\Hardware2.a(USBUART_1_episr.o)
 .ARM.attributes
                0x00000296       0x33 .\CortexM3\ARM_GCC_541\Debug\Hardware2.a(USBUART_1_pm.o)
 .ARM.attributes
                0x000002c9       0x33 .\CortexM3\ARM_GCC_541\Debug\Hardware2.a(USBUART_1_std.o)
 .ARM.attributes
                0x000002fc       0x33 .\CortexM3\ARM_GCC_541\Debug\Hardware2.a(USBUART_1_vnd.o)
 .ARM.attributes
                0x0000032f       0x33 .\CortexM3\ARM_GCC_541\Debug\Hardware2.a(USBUART_1_Dp.o)
 .ARM.attributes
                0x00000362       0x33 .\CortexM3\ARM_GCC_541\Debug\Hardware2.a(PWM_rightmotor.o)
 .ARM.attributes
                0x00000395       0x33 .\CortexM3\ARM_GCC_541\Debug\Hardware2.a(PWM_leftmotor.o)
 .ARM.attributes
                0x000003c8       0x33 .\CortexM3\ARM_GCC_541\Debug\Hardware2.a(Timer_2.o)
 .ARM.attributes
                0x000003fb       0x33 .\CortexM3\ARM_GCC_541\Debug\Hardware2.a(isr_EOC_3.o)
 .ARM.attributes
                0x0000042e       0x33 .\CortexM3\ARM_GCC_541\Debug\Hardware2.a(ADC_SAR_Seq_1.o)
 .ARM.attributes
                0x00000461       0x33 .\CortexM3\ARM_GCC_541\Debug\Hardware2.a(ADC_SAR_Seq_1_INT.o)
 .ARM.attributes
                0x00000494       0x33 .\CortexM3\ARM_GCC_541\Debug\Hardware2.a(ADC_SAR_Seq_1_SAR.o)
 .ARM.attributes
                0x000004c7       0x33 .\CortexM3\ARM_GCC_541\Debug\Hardware2.a(ADC_SAR_Seq_1_TempBuf_dma.o)
 .ARM.attributes
                0x000004fa       0x33 .\CortexM3\ARM_GCC_541\Debug\Hardware2.a(ADC_SAR_Seq_1_FinalBuf_dma.o)
 .ARM.attributes
                0x0000052d       0x33 .\CortexM3\ARM_GCC_541\Debug\Hardware2.a(ADC_SAR_Seq_1_IRQ.o)
 .ARM.attributes
                0x00000560       0x21 .\CortexM3\ARM_GCC_541\Debug\Hardware2.a(CyBootAsmGnu.o)
 .ARM.attributes
                0x00000581       0x33 .\CortexM3\ARM_GCC_541\Debug\Hardware2.a(CyFlash.o)
 .ARM.attributes
                0x000005b4       0x33 .\CortexM3\ARM_GCC_541\Debug\Hardware2.a(CySpc.o)
 .ARM.attributes
                0x000005e7       0x33 .\CortexM3\ARM_GCC_541\Debug\Hardware2.a(USBUART_1_cls.o)
 .ARM.attributes
                0x0000061a       0x33 .\CortexM3\ARM_GCC_541\Debug\Hardware2.a(USBUART_1_descr.o)
 .ARM.attributes
                0x0000064d       0x1d c:/program files (x86)/cypress/psoc creator/4.2/psoc creator/import/gnu/arm/5.4.1/bin/../lib/gcc/arm-none-eabi/5.4.1/armv7-m\libgcc.a(_arm_addsubsf3.o)
 .ARM.attributes
                0x0000066a       0x1d c:/program files (x86)/cypress/psoc creator/4.2/psoc creator/import/gnu/arm/5.4.1/bin/../lib/gcc/arm-none-eabi/5.4.1/armv7-m\libgcc.a(_arm_muldivsf3.o)
 .ARM.attributes
                0x00000687       0x1d c:/program files (x86)/cypress/psoc creator/4.2/psoc creator/import/gnu/arm/5.4.1/bin/../lib/gcc/arm-none-eabi/5.4.1/armv7-m\libgcc.a(_aeabi_ldivmod.o)
 .ARM.attributes
                0x000006a4       0x2d c:/program files (x86)/cypress/psoc creator/4.2/psoc creator/import/gnu/arm/5.4.1/bin/../lib/gcc/arm-none-eabi/5.4.1/armv7-m\libgcc.a(_udivmoddi4.o)
 .ARM.attributes
                0x000006d1       0x1d c:/program files (x86)/cypress/psoc creator/4.2/psoc creator/import/gnu/arm/5.4.1/bin/../lib/gcc/arm-none-eabi/5.4.1/armv7-m\libgcc.a(_dvmd_tls.o)
 .ARM.attributes
                0x000006ee       0x2d c:/program files (x86)/cypress/psoc creator/4.2/psoc creator/import/gnu/arm/5.4.1/bin/../lib/gcc/arm-none-eabi/5.4.1/../../../../arm-none-eabi/lib/armv7-m\libg_nano.a(lib_a-errno.o)
 .ARM.attributes
                0x0000071b       0x2d c:/program files (x86)/cypress/psoc creator/4.2/psoc creator/import/gnu/arm/5.4.1/bin/../lib/gcc/arm-none-eabi/5.4.1/../../../../arm-none-eabi/lib/armv7-m\libg_nano.a(lib_a-exit.o)
 .ARM.attributes
                0x00000748       0x2d c:/program files (x86)/cypress/psoc creator/4.2/psoc creator/import/gnu/arm/5.4.1/bin/../lib/gcc/arm-none-eabi/5.4.1/../../../../arm-none-eabi/lib/armv7-m\libg_nano.a(lib_a-impure.o)
 .ARM.attributes
                0x00000775       0x2d c:/program files (x86)/cypress/psoc creator/4.2/psoc creator/import/gnu/arm/5.4.1/bin/../lib/gcc/arm-none-eabi/5.4.1/../../../../arm-none-eabi/lib/armv7-m\libg_nano.a(lib_a-init.o)
 .ARM.attributes
                0x000007a2       0x2d c:/program files (x86)/cypress/psoc creator/4.2/psoc creator/import/gnu/arm/5.4.1/bin/../lib/gcc/arm-none-eabi/5.4.1/../../../../arm-none-eabi/lib/armv7-m\libg_nano.a(lib_a-memcpy-stub.o)
 .ARM.attributes
                0x000007cf       0x2d c:/program files (x86)/cypress/psoc creator/4.2/psoc creator/import/gnu/arm/5.4.1/bin/../lib/gcc/arm-none-eabi/5.4.1/../../../../arm-none-eabi/lib/armv7-m\libg_nano.a(lib_a-memset.o)
 .ARM.attributes
                0x000007fc       0x17 c:/program files (x86)/cypress/psoc creator/4.2/psoc creator/import/gnu/arm/5.4.1/bin/../lib/gcc/arm-none-eabi/5.4.1/../../../../arm-none-eabi/lib/armv7-m\libg_nano.a(lib_a-strlen.o)
 .ARM.attributes
                0x00000813       0x2d c:/program files (x86)/cypress/psoc creator/4.2/psoc creator/import/gnu/arm/5.4.1/bin/../lib/gcc/arm-none-eabi/5.4.1/armv7-m/crtend.o
 .ARM.attributes
                0x00000840       0x1d c:/program files (x86)/cypress/psoc creator/4.2/psoc creator/import/gnu/arm/5.4.1/bin/../lib/gcc/arm-none-eabi/5.4.1/armv7-m/crtn.o

/DISCARD/
 *(.note.GNU-stack)
OUTPUT(\\files.auckland.ac.nz\myhome\Documents\GitHub\project-project_group_15\WorkspacemotorBT1\Hardware2.cydsn\CortexM3\ARM_GCC_541\Debug\Hardware2.elf elf32-littlearm)
